[rfsim] WARNING: Copper on F.Cu/In1.Cu/In2.Cu/B.Cu extends beyond the simulation domain and is cut at the boundary. If it's part of the structure under test, increase the domain margin.
[rfsim] mesh resolution: 4.659 mm (coarse)
[rfsim] === excitation 1/1 (port 1) ===
[rfsim] UserWarning: h5py is running against HDF5 2.2.0 when it was built against 2.0.0, this may cause problems
[rfsim] port 1: lumped at (18.26, -34.50) 
[rfsim] port 2: lumped at (18.26, -29.50) 
[rfsim] mesh: 55 x 72 x 39 lines
[rfsim] engine: multithreaded, 8 thread(s)
openEMS - enabled multithreading
openEMS - fixed number of threads: 8
 ---------------------------------------------------------------------- 
 | openEMS 64bit -- version v0.37.0-rc2
 | (C) 2010-2026 Thorsten Liebig <thorsten.liebig@gmx.de>  GPL license
 ---------------------------------------------------------------------- 
	Used external libraries:
		CSXCAD -- Version: v0.7.0-rc2
		hdf5   -- Version: 2.2.0
		          compiled against: HDF5 library version: 2.2.0
		tinyxml -- compiled against: 2.6.2
		fparser
		boost  -- compiled against: 1_91
		vtk -- Version: 9.3.20231030
		       compiled against: 9.3.20231030

Create FDTD operator (compressed SSE + multi-threading)
FDTD simulation size: 55x72x39 --> 154440 FDTD cells 
FDTD timestep is: 4.37937e-14 s; Nyquist rate: 3805 timesteps @3.00057e+09 Hz
openEMS::SetupFDTD: Warning, the timestep seems to be very small --> long simulation. Check your mesh!?
Excitation signal length is: 52333 timesteps (2.29185e-09s)
Max. number of timesteps: 300000 ( --> 5.73252 * Excitation signal length)
Create FDTD engine (compressed SSE + multi-threading)
Warning: Unused primitive (type: LinPoly) detected in property: cu_F.Cu!
Warning: Unused primitive (type: LinPoly) detected in property: cu_In1.Cu!
Warning: Unused primitive (type: LinPoly) detected in property: cu_In2.Cu!
Warning: Unused primitive (type: LinPoly) detected in property: cu_B.Cu!
Warning: Unused primitive (type: Cylinder) detected in property: vias!
Warning: Unused primitive (type: Cylinder) detected in property: vias!
Running FDTD engine... this may take a while... grab a cup of coffee?!?
[@        5s] Timestep:          951 || Speed:   28.8 MC/s (5.355e-03 s/TS) || Energy: ~1.58e-19 (- 0.00dB)
[@       10s] Timestep:         1902 || Speed:   29.5 MC/s (5.244e-03 s/TS) || Energy: ~2.16e-19 (- 0.00dB)
[@       15s] Timestep:         2853 || Speed:   28.2 MC/s (5.474e-03 s/TS) || Energy: ~1.85e-19 (- 0.67dB)
[@       20s] Timestep:         3804 || Speed:   29.4 MC/s (5.259e-03 s/TS) || Energy: ~1.23e-19 (- 2.44dB)
[@       25s] Timestep:         4755 || Speed:   27.9 MC/s (5.532e-03 s/TS) || Energy: ~4.48e-18 (- 0.00dB)
[@       30s] Timestep:         5706 || Speed:   28.3 MC/s (5.453e-03 s/TS) || Energy: ~3.12e-17 (- 0.00dB)
[@       35s] Timestep:         6657 || Speed:   28.7 MC/s (5.376e-03 s/TS) || Energy: ~1.13e-16 (- 0.00dB)
[@       40s] Timestep:         7608 || Speed:   29.5 MC/s (5.226e-03 s/TS) || Energy: ~2.50e-16 (- 0.00dB)
[@       45s] Timestep:         8559 || Speed:   29.5 MC/s (5.242e-03 s/TS) || Energy: ~3.14e-16 (- 0.00dB)
[@       50s] Timestep:         9510 || Speed:   29.5 MC/s (5.241e-03 s/TS) || Energy: ~1.14e-16 (- 4.38dB)
[@       55s] Timestep:        10461 || Speed:   29.6 MC/s (5.224e-03 s/TS) || Energy: ~1.86e-16 (- 2.27dB)
[@     1m00s] Timestep:        11412 || Speed:   29.5 MC/s (5.230e-03 s/TS) || Energy: ~3.31e-15 (- 0.00dB)
[@     1m05s] Timestep:        12363 || Speed:   29.6 MC/s (5.223e-03 s/TS) || Energy: ~1.44e-14 (- 0.00dB)
[@     1m10s] Timestep:        13314 || Speed:   29.5 MC/s (5.235e-03 s/TS) || Energy: ~3.47e-14 (- 0.00dB)
[@     1m15s] Timestep:        14265 || Speed:   29.6 MC/s (5.218e-03 s/TS) || Energy: ~5.16e-14 (- 0.00dB)
[@     1m20s] Timestep:        15216 || Speed:   29.5 MC/s (5.231e-03 s/TS) || Energy: ~4.15e-14 (- 0.94dB)
[@     1m25s] Timestep:        16167 || Speed:   29.6 MC/s (5.222e-03 s/TS) || Energy: ~7.12e-15 (- 8.60dB)
[@     1m30s] Timestep:        17118 || Speed:   29.5 MC/s (5.230e-03 s/TS) || Energy: ~2.60e-14 (- 2.98dB)
[@     1m35s] Timestep:        18069 || Speed:   29.5 MC/s (5.237e-03 s/TS) || Energy: ~2.27e-13 (- 0.00dB)
[@     1m40s] Timestep:        19020 || Speed:   29.6 MC/s (5.219e-03 s/TS) || Energy: ~6.38e-13 (- 0.00dB)
[@     1m45s] Timestep:        19971 || Speed:   29.6 MC/s (5.215e-03 s/TS) || Energy: ~1.02e-12 (- 0.00dB)
[@     1m50s] Timestep:        20922 || Speed:   29.5 MC/s (5.235e-03 s/TS) || Energy: ~1.01e-12 (- 0.05dB)
[@     1m55s] Timestep:        21873 || Speed:   29.7 MC/s (5.208e-03 s/TS) || Energy: ~5.13e-13 (- 3.00dB)
[@     2m00s] Timestep:        22824 || Speed:   29.6 MC/s (5.224e-03 s/TS) || Energy: ~3.48e-14 (-14.69dB)
[@     2m05s] Timestep:        23775 || Speed:   29.6 MC/s (5.218e-03 s/TS) || Energy: ~3.16e-13 (- 5.11dB)
[@     2m10s] Timestep:        24726 || Speed:   29.5 MC/s (5.232e-03 s/TS) || Energy: ~1.48e-12 (- 0.00dB)
[@     2m15s] Timestep:        25677 || Speed:   29.6 MC/s (5.220e-03 s/TS) || Energy: ~2.70e-12 (- 0.00dB)
[@     2m20s] Timestep:        26628 || Speed:   29.5 MC/s (5.233e-03 s/TS) || Energy: ~2.89e-12 (- 0.11dB)
[@     2m25s] Timestep:        27579 || Speed:   29.6 MC/s (5.225e-03 s/TS) || Energy: ~1.89e-12 (- 1.96dB)
[@     2m30s] Timestep:        28530 || Speed:   29.6 MC/s (5.223e-03 s/TS) || Energy: ~5.87e-13 (- 7.03dB)
[@     2m35s] Timestep:        29481 || Speed:   29.6 MC/s (5.212e-03 s/TS) || Energy: ~1.82e-14 (-22.12dB)
[@     2m40s] Timestep:        30432 || Speed:   29.4 MC/s (5.251e-03 s/TS) || Energy: ~3.45e-13 (- 9.34dB)
[@     2m45s] Timestep:        31383 || Speed:   29.6 MC/s (5.217e-03 s/TS) || Energy: ~9.18e-13 (- 5.09dB)
[@     2m50s] Timestep:        32334 || Speed:   29.5 MC/s (5.228e-03 s/TS) || Energy: ~1.09e-12 (- 4.36dB)
[@     2m55s] Timestep:        33285 || Speed:   29.6 MC/s (5.221e-03 s/TS) || Energy: ~7.77e-13 (- 5.82dB)
[@     2m59s] Timestep:        34236 || Speed:   29.5 MC/s (5.240e-03 s/TS) || Energy: ~3.34e-13 (- 9.49dB)
[@     3m04s] Timestep:        35187 || Speed:   29.6 MC/s (5.226e-03 s/TS) || Energy: ~6.34e-14 (-16.70dB)
[@     3m09s] Timestep:        36138 || Speed:   29.5 MC/s (5.230e-03 s/TS) || Energy: ~4.61e-15 (-28.08dB)
[@     3m14s] Timestep:        37089 || Speed:   29.6 MC/s (5.218e-03 s/TS) || Energy: ~3.61e-14 (-19.15dB)
[@     3m19s] Timestep:        38040 || Speed:   29.5 MC/s (5.244e-03 s/TS) || Energy: ~5.67e-14 (-17.18dB)
[@     3m24s] Timestep:        38991 || Speed:   29.5 MC/s (5.227e-03 s/TS) || Energy: ~4.53e-14 (-18.16dB)
[@     3m29s] Timestep:        39942 || Speed:   29.5 MC/s (5.233e-03 s/TS) || Energy: ~2.53e-14 (-20.68dB)
[@     3m34s] Timestep:        40893 || Speed:   29.6 MC/s (5.218e-03 s/TS) || Energy: ~4.49e-14 (-18.20dB)
[@     3m39s] Timestep:        41844 || Speed:   28.6 MC/s (5.392e-03 s/TS) || Energy: ~1.71e-13 (-12.39dB)
[@     3m44s] Timestep:        42795 || Speed:   29.6 MC/s (5.222e-03 s/TS) || Energy: ~3.49e-13 (- 9.29dB)
[@     3m49s] Timestep:        43746 || Speed:   29.6 MC/s (5.224e-03 s/TS) || Energy: ~3.62e-13 (- 9.13dB)
[@     3m54s] Timestep:        44697 || Speed:   29.6 MC/s (5.222e-03 s/TS) || Energy: ~1.61e-12 (- 2.66dB)
[@     3m59s] Timestep:        45648 || Speed:   29.5 MC/s (5.232e-03 s/TS) || Energy: ~1.11e-11 (- 0.00dB)
[@     4m04s] Timestep:        46599 || Speed:   29.6 MC/s (5.223e-03 s/TS) || Energy: ~3.54e-11 (- 0.00dB)
[@     4m09s] Timestep:        47550 || Speed:   29.5 MC/s (5.243e-03 s/TS) || Energy: ~5.20e-11 (- 0.00dB)
[@     4m14s] Timestep:        48501 || Speed:   29.6 MC/s (5.223e-03 s/TS) || Energy: ~6.92e-11 (- 0.00dB)
[@     4m19s] Timestep:        49452 || Speed:   29.5 MC/s (5.238e-03 s/TS) || Energy: ~5.58e-10 (- 0.00dB)
[@     4m24s] Timestep:        50403 || Speed:   29.6 MC/s (5.224e-03 s/TS) || Energy: ~2.78e-09 (- 0.00dB)
[@     4m29s] Timestep:        51354 || Speed:   29.5 MC/s (5.230e-03 s/TS) || Energy: ~6.42e-09 (- 0.00dB)
[@     4m34s] Timestep:        52305 || Speed:   29.6 MC/s (5.221e-03 s/TS) || Energy: ~7.00e-09 (- 0.00dB)
[@     4m39s] Timestep:        53256 || Speed:   29.4 MC/s (5.250e-03 s/TS) || Energy: ~2.21e-08 (- 0.00dB)
[@     4m44s] Timestep:        54207 || Speed:   29.2 MC/s (5.280e-03 s/TS) || Energy: ~1.70e-07 (- 0.00dB)
[@     4m49s] Timestep:        55158 || Speed:   29.5 MC/s (5.227e-03 s/TS) || Energy: ~6.07e-07 (- 0.00dB)
[@     4m54s] Timestep:        56109 || Speed:   29.6 MC/s (5.219e-03 s/TS) || Energy: ~1.01e-06 (- 0.00dB)
[@     4m59s] Timestep:        57060 || Speed:   29.5 MC/s (5.238e-03 s/TS) || Energy: ~1.12e-06 (- 0.00dB)
[@     5m04s] Timestep:        58011 || Speed:   29.6 MC/s (5.209e-03 s/TS) || Energy: ~7.93e-06 (- 0.00dB)
[@     5m09s] Timestep:        58962 || Speed:   29.6 MC/s (5.226e-03 s/TS) || Energy: ~4.46e-05 (- 0.00dB)
[@     5m14s] Timestep:        59913 || Speed:   29.6 MC/s (5.225e-03 s/TS) || Energy: ~1.16e-04 (- 0.00dB)
[@     5m19s] Timestep:        60864 || Speed:   29.4 MC/s (5.252e-03 s/TS) || Energy: ~1.38e-04 (- 0.00dB)
[@     5m24s] Timestep:        61815 || Speed:   29.6 MC/s (5.222e-03 s/TS) || Energy: ~3.07e-04 (- 0.00dB)
[@     5m29s] Timestep:        62766 || Speed:   29.6 MC/s (5.221e-03 s/TS) || Energy: ~2.54e-03 (- 0.00dB)
[@     5m34s] Timestep:        63717 || Speed:   29.5 MC/s (5.229e-03 s/TS) || Energy: ~1.02e-02 (- 0.00dB)
[@     5m39s] Timestep:        64668 || Speed:   29.6 MC/s (5.214e-03 s/TS) || Energy: ~1.91e-02 (- 0.00dB)
[@     5m44s] Timestep:        65619 || Speed:   29.4 MC/s (5.252e-03 s/TS) || Energy: ~1.96e-02 (- 0.00dB)
[@     5m49s] Timestep:        66570 || Speed:   29.6 MC/s (5.222e-03 s/TS) || Energy: ~1.11e-01 (- 0.00dB)
[@     5m54s] Timestep:        67521 || Speed:   29.5 MC/s (5.238e-03 s/TS) || Energy: ~7.05e-01 (- 0.00dB)
[@     5m59s] Timestep:        68472 || Speed:   29.6 MC/s (5.213e-03 s/TS) || Energy: ~2.05e+00 (- 0.00dB)
[@     6m04s] Timestep:        69423 || Speed:   29.5 MC/s (5.234e-03 s/TS) || Energy: ~2.74e+00 (- 0.00dB)
[@     6m09s] Timestep:        70374 || Speed:   29.6 MC/s (5.219e-03 s/TS) || Energy: ~4.41e+00 (- 0.00dB)
[@     6m14s] Timestep:        71325 || Speed:   29.5 MC/s (5.234e-03 s/TS) || Energy: ~3.74e+01 (- 0.00dB)
[@     6m19s] Timestep:        72276 || Speed:   29.6 MC/s (5.223e-03 s/TS) || Energy: ~1.70e+02 (- 0.00dB)
[@     6m24s] Timestep:        73227 || Speed:   29.5 MC/s (5.234e-03 s/TS) || Energy: ~3.58e+02 (- 0.00dB)
[@     6m29s] Timestep:        74178 || Speed:   29.6 MC/s (5.225e-03 s/TS) || Energy: ~3.70e+02 (- 0.00dB)
[@     6m33s] Timestep:        75129 || Speed:   29.5 MC/s (5.227e-03 s/TS) || Energy: ~1.53e+03 (- 0.00dB)
[@     6m38s] Timestep:        76080 || Speed:   29.6 MC/s (5.210e-03 s/TS) || Energy: ~1.09e+04 (- 0.00dB)
[@     6m43s] Timestep:        77031 || Speed:   29.5 MC/s (5.238e-03 s/TS) || Energy: ~3.58e+04 (- 0.00dB)
[@     6m48s] Timestep:        77982 || Speed:   29.5 MC/s (5.239e-03 s/TS) || Energy: ~5.38e+04 (- 0.00dB)
[@     6m53s] Timestep:        78933 || Speed:   29.6 MC/s (5.222e-03 s/TS) || Energy: ~6.76e+04 (- 0.00dB)
[@     6m58s] Timestep:        79884 || Speed:   29.6 MC/s (5.209e-03 s/TS) || Energy: ~5.41e+05 (- 0.00dB)
[@     7m03s] Timestep:        80835 || Speed:   29.4 MC/s (5.246e-03 s/TS) || Energy: ~2.77e+06 (- 0.00dB)
[@     7m08s] Timestep:        81786 || Speed:   29.6 MC/s (5.219e-03 s/TS) || Energy: ~6.57e+06 (- 0.00dB)
[@     7m13s] Timestep:        82737 || Speed:   29.5 MC/s (5.237e-03 s/TS) || Energy: ~7.25e+06 (- 0.00dB)
[@     7m18s] Timestep:        83688 || Speed:   29.6 MC/s (5.216e-03 s/TS) || Energy: ~2.12e+07 (- 0.00dB)
[@     7m23s] Timestep:        84639 || Speed:   29.5 MC/s (5.238e-03 s/TS) || Energy: ~1.67e+08 (- 0.00dB)
[@     7m28s] Timestep:        85590 || Speed:   29.7 MC/s (5.206e-03 s/TS) || Energy: ~6.14e+08 (- 0.00dB)
[@     7m33s] Timestep:        86541 || Speed:   29.6 MC/s (5.222e-03 s/TS) || Energy: ~1.04e+09 (- 0.00dB)
[@     7m38s] Timestep:        87492 || Speed:   29.6 MC/s (5.224e-03 s/TS) || Energy: ~1.12e+09 (- 0.00dB)
[@     7m43s] Timestep:        88443 || Speed:   29.5 MC/s (5.239e-03 s/TS) || Energy: ~7.68e+09 (- 0.00dB)
[@     7m48s] Timestep:        89394 || Speed:   29.4 MC/s (5.250e-03 s/TS) || Energy: ~4.45e+10 (- 0.00dB)
[@     7m53s] Timestep:        90345 || Speed:   29.5 MC/s (5.230e-03 s/TS) || Energy: ~1.18e+11 (- 0.00dB)
[@     7m58s] Timestep:        91296 || Speed:   29.6 MC/s (5.218e-03 s/TS) || Energy: ~1.44e+11 (- 0.00dB)
[@     8m03s] Timestep:        92247 || Speed:   29.4 MC/s (5.245e-03 s/TS) || Energy: ~2.97e+11 (- 0.00dB)
[@     8m08s] Timestep:        93198 || Speed:   29.6 MC/s (5.213e-03 s/TS) || Energy: ~2.50e+12 (- 0.00dB)
[@     8m13s] Timestep:        94149 || Speed:   29.6 MC/s (5.226e-03 s/TS) || Energy: ~1.03e+13 (- 0.00dB)
[@     8m18s] Timestep:        95100 || Speed:   29.1 MC/s (5.308e-03 s/TS) || Energy: ~1.98e+13 (- 0.00dB)
[@     8m23s] Timestep:        96051 || Speed:   29.4 MC/s (5.246e-03 s/TS) || Energy: ~2.02e+13 (- 0.00dB)
[@     8m28s] Timestep:        97002 || Speed:   29.6 MC/s (5.226e-03 s/TS) || Energy: ~1.07e+14 (- 0.00dB)
[@     8m33s] Timestep:        97953 || Speed:   29.5 MC/s (5.242e-03 s/TS) || Energy: ~7.01e+14 (- 0.00dB)
[@     8m38s] Timestep:        98904 || Speed:   29.6 MC/s (5.215e-03 s/TS) || Energy: ~2.09e+15 (- 0.00dB)
[@     8m43s] Timestep:        99855 || Speed:   29.5 MC/s (5.237e-03 s/TS) || Energy: ~2.86e+15 (- 0.00dB)
[@     8m48s] Timestep:       100806 || Speed:   29.4 MC/s (5.246e-03 s/TS) || Energy: ~4.34e+15 (- 0.00dB)
[@     8m53s] Timestep:       101757 || Speed:   29.5 MC/s (5.235e-03 s/TS) || Energy: ~3.66e+16 (- 0.00dB)
[@     8m58s] Timestep:       102708 || Speed:   29.6 MC/s (5.223e-03 s/TS) || Energy: ~1.71e+17 (- 0.00dB)
[@     9m03s] Timestep:       103659 || Speed:   29.5 MC/s (5.234e-03 s/TS) || Energy: ~3.69e+17 (- 0.00dB)
[@     9m08s] Timestep:       104610 || Speed:   29.4 MC/s (5.256e-03 s/TS) || Energy: ~3.85e+17 (- 0.00dB)
[@     9m13s] Timestep:       105561 || Speed:   29.5 MC/s (5.244e-03 s/TS) || Energy: ~1.48e+18 (- 0.00dB)
[@     9m18s] Timestep:       106512 || Speed:   29.5 MC/s (5.235e-03 s/TS) || Energy: ~1.08e+19 (- 0.00dB)
[@     9m23s] Timestep:       107463 || Speed:   29.5 MC/s (5.235e-03 s/TS) || Energy: ~3.64e+19 (- 0.00dB)
[@     9m28s] Timestep:       108414 || Speed:   29.6 MC/s (5.210e-03 s/TS) || Energy: ~5.61e+19 (- 0.00dB)
[@     9m33s] Timestep:       109365 || Speed:   29.5 MC/s (5.233e-03 s/TS) || Energy: ~6.76e+19 (- 0.00dB)
[@     9m38s] Timestep:       110316 || Speed:   29.6 MC/s (5.214e-03 s/TS) || Energy: ~5.27e+20 (- 0.00dB)
[@     9m43s] Timestep:       111267 || Speed:   29.5 MC/s (5.238e-03 s/TS) || Energy: ~2.78e+21 (- 0.00dB)
[@     9m48s] Timestep:       112218 || Speed:   29.6 MC/s (5.221e-03 s/TS) || Energy: ~6.75e+21 (- 0.00dB)
[@     9m53s] Timestep:       113169 || Speed:   29.3 MC/s (5.263e-03 s/TS) || Energy: ~7.59e+21 (- 0.00dB)
[@     9m58s] Timestep:       114120 || Speed:   29.6 MC/s (5.220e-03 s/TS) || Energy: ~2.05e+22 (- 0.00dB)
[@    10m02s] Timestep:       115071 || Speed:   29.5 MC/s (5.235e-03 s/TS) || Energy: ~1.65e+23 (- 0.00dB)
[@    10m07s] Timestep:       116022 || Speed:   29.6 MC/s (5.212e-03 s/TS) || Energy: ~6.21e+23 (- 0.00dB)
[@    10m13s] Timestep:       116973 || Speed:   28.4 MC/s (5.430e-03 s/TS) || Energy: ~1.08e+24 (- 0.00dB)
[@    10m18s] Timestep:       117924 || Speed:   29.6 MC/s (5.218e-03 s/TS) || Energy: ~1.14e+24 (- 0.00dB)
[@    10m23s] Timestep:       118875 || Speed:   29.5 MC/s (5.231e-03 s/TS) || Energy: ~7.46e+24 (- 0.00dB)
[@    10m28s] Timestep:       119826 || Speed:   29.6 MC/s (5.221e-03 s/TS) || Energy: ~4.44e+25 (- 0.00dB)
[@    10m32s] Timestep:       120777 || Speed:   29.4 MC/s (5.246e-03 s/TS) || Energy: ~1.21e+26 (- 0.00dB)
[@    10m37s] Timestep:       121728 || Speed:   29.6 MC/s (5.213e-03 s/TS) || Energy: ~1.51e+26 (- 0.00dB)
[@    10m42s] Timestep:       122679 || Speed:   29.5 MC/s (5.231e-03 s/TS) || Energy: ~2.90e+26 (- 0.00dB)
[@    10m47s] Timestep:       123630 || Speed:   29.6 MC/s (5.221e-03 s/TS) || Energy: ~2.45e+27 (- 0.00dB)
[@    10m52s] Timestep:       124581 || Speed:   29.4 MC/s (5.255e-03 s/TS) || Energy: ~1.04e+28 (- 0.00dB)
[@    10m57s] Timestep:       125532 || Speed:   29.6 MC/s (5.218e-03 s/TS) || Energy: ~2.05e+28 (- 0.00dB)
[@    11m02s] Timestep:       126483 || Speed:   29.6 MC/s (5.222e-03 s/TS) || Energy: ~   inf (-  nandB)
Time for 126483 iterations with 154440.00 cells : 662.82 sec
Speed: 29.47 MCells/s 
[rfsim] NF2FF_p1 at 1.750 GHz...
[rfsim] far-field: Dmax -13.2 dBi, radiated 3838376170.2% of input power
[rfsim] S11: -5.2 .. -4.4 dB
[rfsim] S21: -1.8 .. -1.3 dB
[rfsim] wrote C:\Users\chith\Desktop\ANUFS-Telemetry\RF Analysis\results\desktop\step1_short_coarse_lumped\results.s2p
