[rfsim] WARNING: Copper on F.Cu/In1.Cu/In2.Cu/B.Cu extends beyond the simulation domain and is cut at the boundary. If it's part of the structure under test, increase the domain margin.
[rfsim] mesh resolution: 1.165 mm (fine)
[rfsim] === excitation 1/2 (port 1) ===
[rfsim] UserWarning: h5py is running against HDF5 2.2.0 when it was built against 2.0.0, this may cause problems
[rfsim] port 1: msl at (18.26, -35.00) dir y
[rfsim] port 2: msl at (18.26, -28.00) dir y
[rfsim] mesh: 129 x 120 x 51 lines
[rfsim] engine: multithreaded, 8 thread(s)
openEMS - enabled multithreading
openEMS - fixed number of threads: 8
 ---------------------------------------------------------------------- 
 | openEMS 64bit -- version v0.37.0-rc2
 | (C) 2010-2026 Thorsten Liebig <thorsten.liebig@gmx.de>  GPL license
 ---------------------------------------------------------------------- 
	Used external libraries:
		CSXCAD -- Version: v0.7.0-rc2
		hdf5   -- Version: 2.2.0
		          compiled against: HDF5 library version: 2.2.0
		tinyxml -- compiled against: 2.6.2
		fparser
		boost  -- compiled against: 1_91
		vtk -- Version: 9.3.20231030
		       compiled against: 9.3.20231030

Create FDTD operator (compressed SSE + multi-threading)
FDTD simulation size: 129x120x51 --> 789480 FDTD cells 
FDTD timestep is: 3.45534e-14 s; Nyquist rate: 4823 timesteps @3.00028e+09 Hz
openEMS::SetupFDTD: Warning, the timestep seems to be very small --> long simulation. Check your mesh!?
Excitation signal length is: 66328 timesteps (2.29186e-09s)
Max. number of timesteps: 300000 ( --> 4.52298 * Excitation signal length)
Create FDTD engine (compressed SSE + multi-threading)
Warning: Unused primitive (type: Cylinder) detected in property: vias!
Warning: Unused primitive (type: Cylinder) detected in property: vias!
Running FDTD engine... this may take a while... grab a cup of coffee?!?
[@       25s] Timestep:         1205 || Speed:   36.6 MC/s (2.155e-02 s/TS) || Energy: ~2.59e-22 (- 0.00dB)
[@       51s] Timestep:         2410 || Speed:   37.2 MC/s (2.122e-02 s/TS) || Energy: ~4.53e-22 (- 0.00dB)
[@     1m17s] Timestep:         3615 || Speed:   37.1 MC/s (2.128e-02 s/TS) || Energy: ~3.64e-22 (- 0.95dB)
[@     1m43s] Timestep:         4820 || Speed:   36.7 MC/s (2.149e-02 s/TS) || Energy: ~2.64e-22 (- 2.34dB)
[@     2m08s] Timestep:         6025 || Speed:   36.9 MC/s (2.142e-02 s/TS) || Energy: ~8.66e-21 (- 0.00dB)
[@     2m34s] Timestep:         7230 || Speed:   37.1 MC/s (2.127e-02 s/TS) || Energy: ~5.97e-20 (- 0.00dB)
[@     3m00s] Timestep:         8435 || Speed:   37.1 MC/s (2.130e-02 s/TS) || Energy: ~2.21e-19 (- 0.00dB)
[@     3m25s] Timestep:         9640 || Speed:   37.4 MC/s (2.111e-02 s/TS) || Energy: ~5.06e-19 (- 0.00dB)
[@     3m51s] Timestep:        10845 || Speed:   37.2 MC/s (2.124e-02 s/TS) || Energy: ~6.78e-19 (- 0.00dB)
[@     4m16s] Timestep:        12050 || Speed:   37.3 MC/s (2.119e-02 s/TS) || Energy: ~3.29e-19 (- 3.14dB)
[@     4m42s] Timestep:        13255 || Speed:   37.4 MC/s (2.110e-02 s/TS) || Energy: ~4.28e-19 (- 2.00dB)
[@     5m07s] Timestep:        14460 || Speed:   37.4 MC/s (2.113e-02 s/TS) || Energy: ~8.52e-18 (- 0.00dB)
[@     5m33s] Timestep:        15665 || Speed:   37.2 MC/s (2.122e-02 s/TS) || Energy: ~8.96e-17 (- 0.00dB)
[@     5m58s] Timestep:        16870 || Speed:   37.1 MC/s (2.130e-02 s/TS) || Energy: ~1.98e-15 (- 0.00dB)
[@     6m24s] Timestep:        18075 || Speed:   37.0 MC/s (2.132e-02 s/TS) || Energy: ~6.11e-14 (- 0.00dB)
[@     6m49s] Timestep:        19280 || Speed:   37.4 MC/s (2.110e-02 s/TS) || Energy: ~1.53e-12 (- 0.00dB)
[@     7m15s] Timestep:        20485 || Speed:   37.3 MC/s (2.114e-02 s/TS) || Energy: ~4.83e-11 (- 0.00dB)
[@     7m40s] Timestep:        21690 || Speed:   37.3 MC/s (2.114e-02 s/TS) || Energy: ~1.52e-09 (- 0.00dB)
[@     8m06s] Timestep:        22895 || Speed:   37.3 MC/s (2.115e-02 s/TS) || Energy: ~3.81e-08 (- 0.00dB)
[@     8m31s] Timestep:        24100 || Speed:   37.2 MC/s (2.123e-02 s/TS) || Energy: ~1.22e-06 (- 0.00dB)
[@     8m57s] Timestep:        25305 || Speed:   37.3 MC/s (2.117e-02 s/TS) || Energy: ~3.77e-05 (- 0.00dB)
[@     9m22s] Timestep:        26510 || Speed:   37.4 MC/s (2.111e-02 s/TS) || Energy: ~9.49e-04 (- 0.00dB)
[@     9m48s] Timestep:        27715 || Speed:   37.2 MC/s (2.120e-02 s/TS) || Energy: ~3.10e-02 (- 0.00dB)
[@    10m13s] Timestep:        28920 || Speed:   37.3 MC/s (2.117e-02 s/TS) || Energy: ~9.34e-01 (- 0.00dB)
[@    10m39s] Timestep:        30125 || Speed:   37.4 MC/s (2.111e-02 s/TS) || Energy: ~2.37e+01 (- 0.00dB)
[@    11m04s] Timestep:        31330 || Speed:   37.5 MC/s (2.106e-02 s/TS) || Energy: ~7.83e+02 (- 0.00dB)
[@    11m30s] Timestep:        32535 || Speed:   37.3 MC/s (2.116e-02 s/TS) || Energy: ~2.31e+04 (- 0.00dB)
[@    11m43s] Timestep:        33163 || Speed:   37.4 MC/s (2.113e-02 s/TS) || Energy: ~1.19e+05 (- 0.00dB)
[@    11m55s] Timestep:        33740 || Speed:   36.6 MC/s (2.156e-02 s/TS) || Energy: ~5.91e+05 (- 0.00dB)
[@    12m21s] Timestep:        34945 || Speed:   36.7 MC/s (2.149e-02 s/TS) || Energy: ~1.98e+07 (- 0.00dB)
[@    12m47s] Timestep:        36150 || Speed:   37.0 MC/s (2.132e-02 s/TS) || Energy: ~5.73e+08 (- 0.00dB)
[@    13m13s] Timestep:        37355 || Speed:   37.0 MC/s (2.134e-02 s/TS) || Energy: ~1.48e+10 (- 0.00dB)
[@    13m39s] Timestep:        38560 || Speed:   37.0 MC/s (2.135e-02 s/TS) || Energy: ~5.00e+11 (- 0.00dB)
[@    14m04s] Timestep:        39765 || Speed:   37.3 MC/s (2.117e-02 s/TS) || Energy: ~1.42e+13 (- 0.00dB)
[@    14m30s] Timestep:        40970 || Speed:   36.8 MC/s (2.148e-02 s/TS) || Energy: ~3.71e+14 (- 0.00dB)
[@    14m56s] Timestep:        42175 || Speed:   37.2 MC/s (2.124e-02 s/TS) || Energy: ~1.26e+16 (- 0.00dB)
[@    15m21s] Timestep:        43380 || Speed:   37.0 MC/s (2.133e-02 s/TS) || Energy: ~3.50e+17 (- 0.00dB)
[@    15m47s] Timestep:        44585 || Speed:   37.2 MC/s (2.120e-02 s/TS) || Energy: ~9.33e+18 (- 0.00dB)
[@    16m12s] Timestep:        45790 || Speed:   37.2 MC/s (2.124e-02 s/TS) || Energy: ~3.17e+20 (- 0.00dB)
[@    16m38s] Timestep:        46995 || Speed:   37.1 MC/s (2.126e-02 s/TS) || Energy: ~8.64e+21 (- 0.00dB)
[@    17m04s] Timestep:        48200 || Speed:   37.1 MC/s (2.127e-02 s/TS) || Energy: ~2.35e+23 (- 0.00dB)
[@    17m32s] Timestep:        49405 || Speed:   33.8 MC/s (2.336e-02 s/TS) || Energy: ~7.98e+24 (- 0.00dB)
[@    17m58s] Timestep:        50610 || Speed:   36.3 MC/s (2.174e-02 s/TS) || Energy: ~2.13e+26 (- 0.00dB)
[@    18m24s] Timestep:        51815 || Speed:   36.9 MC/s (2.140e-02 s/TS) || Energy: ~5.92e+27 (- 0.00dB)
[@    18m49s] Timestep:        53020 || Speed:   37.1 MC/s (2.130e-02 s/TS) || Energy: ~   inf (-  nandB)
Time for 53020 iterations with 789480.00 cells : 1129.91 sec
Speed: 37.05 MCells/s 
[rfsim] port 1 line: Z0 = 56.3-157.9j ohm, eps_eff = 991.80 (at 1.750 GHz)
[rfsim] NF2FF_p1 at 1.750 GHz...
[rfsim] RuntimeWarning: invalid value encountered in log10
[rfsim] RuntimeWarning: invalid value encountered in log10
[rfsim] RuntimeWarning: invalid value encountered in log10
[rfsim] far-field: Dmax nan dBi, radiated -5943.4% of input power
[rfsim] === excitation 2/2 (port 2) ===
[rfsim] port 1: msl at (18.26, -35.00) dir y
[rfsim] port 2: msl at (18.26, -28.00) dir y
[rfsim] mesh: 129 x 120 x 51 lines
openEMS - enabled multithreading
openEMS - fixed number of threads: 8
 ---------------------------------------------------------------------- 
 | openEMS 64bit -- version v0.37.0-rc2
 | (C) 2010-2026 Thorsten Liebig <thorsten.liebig@gmx.de>  GPL license
 ---------------------------------------------------------------------- 
	Used external libraries:
		CSXCAD -- Version: v0.7.0-rc2
		hdf5   -- Version: 2.2.0
		          compiled against: HDF5 library version: 2.2.0
		tinyxml -- compiled against: 2.6.2
		fparser
		boost  -- compiled against: 1_91
		vtk -- Version: 9.3.20231030
		       compiled against: 9.3.20231030

Create FDTD operator (compressed SSE + multi-threading)
FDTD simulation size: 129x120x51 --> 789480.00 FDTD cells 
FDTD timestep is: 0.00 s; Nyquist rate: 4823 timesteps @3000278964.00 Hz
openEMS::SetupFDTD: Warning, the timestep seems to be very small --> long simulation. Check your mesh!?
Excitation signal length is: 66328 timesteps (0.00s)
Max. number of timesteps: 300000 ( --> 4.52 * Excitation signal length)
Create FDTD engine (compressed SSE + multi-threading)
Warning: Unused primitive (type: Cylinder) detected in property: vias!
Warning: Unused primitive (type: Cylinder) detected in property: vias!
Running FDTD engine... this may take a while... grab a cup of coffee?!?
[@       25s] Timestep:         1205 || Speed:   37.0 MC/s (2.135e-02 s/TS) || Energy: ~4.66e-21 (- 0.00dB)
[@       51s] Timestep:         2410 || Speed:   37.3 MC/s (2.118e-02 s/TS) || Energy: ~8.85e-21 (- 0.00dB)
[@     1m16s] Timestep:         3615 || Speed:   37.0 MC/s (2.131e-02 s/TS) || Energy: ~7.44e-21 (- 0.76dB)
[@     1m42s] Timestep:         4820 || Speed:   37.0 MC/s (2.136e-02 s/TS) || Energy: ~5.01e-21 (- 2.47dB)
[@     2m08s] Timestep:         6025 || Speed:   36.9 MC/s (2.142e-02 s/TS) || Energy: ~1.60e-19 (- 0.00dB)
[@     2m34s] Timestep:         7230 || Speed:   36.4 MC/s (2.167e-02 s/TS) || Energy: ~1.13e-18 (- 0.00dB)
[@     3m00s] Timestep:         8435 || Speed:   36.8 MC/s (2.146e-02 s/TS) || Energy: ~4.21e-18 (- 0.00dB)
[@     3m26s] Timestep:         9640 || Speed:   37.1 MC/s (2.130e-02 s/TS) || Energy: ~9.78e-18 (- 0.00dB)
[@     3m51s] Timestep:        10845 || Speed:   36.8 MC/s (2.145e-02 s/TS) || Energy: ~1.33e-17 (- 0.00dB)
[@     4m17s] Timestep:        12050 || Speed:   36.8 MC/s (2.143e-02 s/TS) || Energy: ~6.73e-18 (- 2.96dB)
[@     4m43s] Timestep:        13255 || Speed:   37.4 MC/s (2.113e-02 s/TS) || Energy: ~6.46e-18 (- 3.13dB)
[@     5m08s] Timestep:        14460 || Speed:   37.0 MC/s (2.131e-02 s/TS) || Energy: ~1.14e-16 (- 0.00dB)
[@     5m34s] Timestep:        15665 || Speed:   37.1 MC/s (2.130e-02 s/TS) || Energy: ~5.39e-16 (- 0.00dB)
[@     6m00s] Timestep:        16870 || Speed:   37.3 MC/s (2.118e-02 s/TS) || Energy: ~1.66e-15 (- 0.00dB)
[@     6m25s] Timestep:        18075 || Speed:   37.0 MC/s (2.132e-02 s/TS) || Energy: ~1.02e-14 (- 0.00dB)
[@     6m51s] Timestep:        19280 || Speed:   37.2 MC/s (2.125e-02 s/TS) || Energy: ~2.63e-13 (- 0.00dB)
[@     7m17s] Timestep:        20485 || Speed:   37.2 MC/s (2.125e-02 s/TS) || Energy: ~7.95e-12 (- 0.00dB)
[@     7m42s] Timestep:        21690 || Speed:   36.9 MC/s (2.140e-02 s/TS) || Energy: ~2.01e-10 (- 0.00dB)
[@     8m08s] Timestep:        22895 || Speed:   37.0 MC/s (2.132e-02 s/TS) || Energy: ~6.59e-09 (- 0.00dB)
[@     8m33s] Timestep:        24100 || Speed:   37.3 MC/s (2.115e-02 s/TS) || Energy: ~1.97e-07 (- 0.00dB)
[@     8m59s] Timestep:        25305 || Speed:   37.1 MC/s (2.126e-02 s/TS) || Energy: ~5.01e-06 (- 0.00dB)
[@     9m25s] Timestep:        26510 || Speed:   37.1 MC/s (2.130e-02 s/TS) || Energy: ~1.67e-04 (- 0.00dB)
[@     9m51s] Timestep:        27715 || Speed:   37.0 MC/s (2.134e-02 s/TS) || Energy: ~4.88e-03 (- 0.00dB)
[@    10m16s] Timestep:        28920 || Speed:   37.2 MC/s (2.121e-02 s/TS) || Energy: ~1.25e-01 (- 0.00dB)
[@    10m42s] Timestep:        30125 || Speed:   37.2 MC/s (2.121e-02 s/TS) || Energy: ~4.21e+00 (- 0.00dB)
[@    11m07s] Timestep:        31330 || Speed:   37.2 MC/s (2.123e-02 s/TS) || Energy: ~1.21e+02 (- 0.00dB)
[@    11m33s] Timestep:        32535 || Speed:   37.1 MC/s (2.125e-02 s/TS) || Energy: ~3.14e+03 (- 0.00dB)
[@    11m46s] Timestep:        33163 || Speed:   37.4 MC/s (2.112e-02 s/TS) || Energy: ~2.15e+04 (- 0.00dB)
[@    12m00s] Timestep:        33740 || Speed:   32.9 MC/s (2.401e-02 s/TS) || Energy: ~1.06e+05 (- 0.00dB)
[@    12m27s] Timestep:        34945 || Speed:   35.7 MC/s (2.212e-02 s/TS) || Energy: ~2.98e+06 (- 0.00dB)
[@    12m52s] Timestep:        36150 || Speed:   37.0 MC/s (2.131e-02 s/TS) || Energy: ~7.88e+07 (- 0.00dB)
[@    13m18s] Timestep:        37355 || Speed:   37.5 MC/s (2.104e-02 s/TS) || Energy: ~2.68e+09 (- 0.00dB)
[@    13m43s] Timestep:        38560 || Speed:   37.3 MC/s (2.118e-02 s/TS) || Energy: ~7.37e+10 (- 0.00dB)
[@    14m09s] Timestep:        39765 || Speed:   37.4 MC/s (2.109e-02 s/TS) || Energy: ~1.98e+12 (- 0.00dB)
[@    14m34s] Timestep:        40970 || Speed:   37.7 MC/s (2.095e-02 s/TS) || Energy: ~6.74e+13 (- 0.00dB)
[@    14m59s] Timestep:        42175 || Speed:   37.5 MC/s (2.105e-02 s/TS) || Energy: ~1.82e+15 (- 0.00dB)
[@    15m24s] Timestep:        43380 || Speed:   37.9 MC/s (2.085e-02 s/TS) || Energy: ~4.99e+16 (- 0.00dB)
[@    15m48s] Timestep:        44585 || Speed:   39.3 MC/s (2.007e-02 s/TS) || Energy: ~1.69e+18 (- 0.00dB)
[@    16m12s] Timestep:        45790 || Speed:   39.7 MC/s (1.988e-02 s/TS) || Energy: ~4.50e+19 (- 0.00dB)
[@    16m36s] Timestep:        46995 || Speed:   39.7 MC/s (1.989e-02 s/TS) || Energy: ~1.26e+21 (- 0.00dB)
[@    17m00s] Timestep:        48200 || Speed:   39.8 MC/s (1.984e-02 s/TS) || Energy: ~4.25e+22 (- 0.00dB)
[@    17m24s] Timestep:        49405 || Speed:   39.7 MC/s (1.986e-02 s/TS) || Energy: ~1.11e+24 (- 0.00dB)
[@    17m50s] Timestep:        50610 || Speed:   37.0 MC/s (2.133e-02 s/TS) || Energy: ~3.18e+25 (- 0.00dB)
[@    18m15s] Timestep:        51815 || Speed:   37.6 MC/s (2.102e-02 s/TS) || Energy: ~1.06e+27 (- 0.00dB)
[@    18m41s] Timestep:        53020 || Speed:   37.5 MC/s (2.108e-02 s/TS) || Energy: ~   inf (-  nandB)
Time for 53020 iterations with 789480.00 cells : 1121.17 sec
Speed: 37.33 MCells/s 
[rfsim] port 2 line: Z0 = 66.9+13.0j ohm, eps_eff = 213.57 (at 1.750 GHz)
[rfsim] NF2FF_p2 at 1.750 GHz...
[rfsim] far-field: Dmax nan dBi, radiated -1076169.9% of input power
[rfsim] WARNING: port 2 gives out more power than it takes in (max sum|S|^2 = 1.50). The S-parameters of this port are NOT reliable. On a CPW port or a stripline port the usual cause is a mesh that is too coarse across the line. Run again at the medium or the fine preset.
[rfsim] S11: -5.4 .. -3.8 dB
[rfsim] S21: -26.2 .. -24.4 dB
[rfsim] S12: -2.5 .. 1.6 dB
[rfsim] S22: -15.1 .. -13.2 dB
[rfsim] wrote C:\Users\chith\Desktop\ANUFS-Telemetry\RF Analysis\results\desktop\step1_long_fine_msl\results.s2p
