[rfsim] WARNING: Copper on F.Cu/In1.Cu/In2.Cu/B.Cu extends beyond the simulation domain and is cut at the boundary. If it's part of the structure under test, increase the domain margin.
[rfsim] mesh resolution: 7.765 mm (coarse)
[rfsim] === excitation 1/1 (port 1) ===
[rfsim] UserWarning: h5py is running against HDF5 2.2.0 when it was built against 2.0.0, this may cause problems
[rfsim] port 1: lumped at (18.26, -34.50) 
[rfsim] port 2: lumped at (18.26, -29.50) 
[rfsim] mesh: 55 x 72 x 39 lines
[rfsim] engine: multithreaded, 8 thread(s)
openEMS - enabled multithreading
openEMS - fixed number of threads: 8
 ---------------------------------------------------------------------- 
 | openEMS 64bit -- version v0.37.0-rc2
 | (C) 2010-2026 Thorsten Liebig <thorsten.liebig@gmx.de>  GPL license
 ---------------------------------------------------------------------- 
	Used external libraries:
		CSXCAD -- Version: v0.7.0-rc2
		hdf5   -- Version: 2.2.0
		          compiled against: HDF5 library version: 2.2.0
		tinyxml -- compiled against: 2.6.2
		fparser
		boost  -- compiled against: 1_91
		vtk -- Version: 9.3.20231030
		       compiled against: 9.3.20231030

Create FDTD operator (compressed SSE + multi-threading)
FDTD simulation size: 55x72x39 --> 154440 FDTD cells 
FDTD timestep is: 4.37937e-14 s; Nyquist rate: 6342 timesteps @1.80025e+09 Hz
openEMS::SetupFDTD: Warning, the timestep seems to be very small --> long simulation. Check your mesh!?
Excitation signal length is: 163539 timesteps (7.16197e-09s)
Max. number of timesteps: 300000 ( --> 1.83442 * Excitation signal length)
openEMS::SetupFDTD: Warning, max. number of timesteps is smaller than three times the excitation. 
	You may want to choose a higher number of max. timesteps... 
Create FDTD engine (compressed SSE + multi-threading)
Warning: Unused primitive (type: LinPoly) detected in property: cu_F.Cu!
Warning: Unused primitive (type: LinPoly) detected in property: cu_In1.Cu!
Warning: Unused primitive (type: LinPoly) detected in property: cu_In2.Cu!
Warning: Unused primitive (type: LinPoly) detected in property: cu_B.Cu!
Warning: Unused primitive (type: Cylinder) detected in property: vias!
Warning: Unused primitive (type: Cylinder) detected in property: vias!
Running FDTD engine... this may take a while... grab a cup of coffee?!?
[@        8s] Timestep:         1585 || Speed:   29.1 MC/s (5.311e-03 s/TS) || Energy: ~8.44e-20 (- 0.00dB)
[@       16s] Timestep:         3170 || Speed:   29.4 MC/s (5.250e-03 s/TS) || Energy: ~4.90e-20 (- 2.37dB)
[@       25s] Timestep:         4755 || Speed:   29.6 MC/s (5.217e-03 s/TS) || Energy: ~4.75e-21 (-12.50dB)
[@       33s] Timestep:         6340 || Speed:   29.5 MC/s (5.240e-03 s/TS) || Energy: ~2.78e-19 (- 0.00dB)
[@       41s] Timestep:         7925 || Speed:   29.6 MC/s (5.221e-03 s/TS) || Energy: ~1.11e-18 (- 0.00dB)
[@       49s] Timestep:         9510 || Speed:   29.6 MC/s (5.224e-03 s/TS) || Energy: ~1.87e-18 (- 0.00dB)
[@       58s] Timestep:        11095 || Speed:   29.5 MC/s (5.230e-03 s/TS) || Energy: ~1.20e-18 (- 1.93dB)
[@     1m06s] Timestep:        12680 || Speed:   29.2 MC/s (5.296e-03 s/TS) || Energy: ~2.88e-20 (-18.14dB)
[@     1m14s] Timestep:        14265 || Speed:   29.6 MC/s (5.222e-03 s/TS) || Energy: ~4.71e-18 (- 0.00dB)
[@     1m23s] Timestep:        15850 || Speed:   29.5 MC/s (5.227e-03 s/TS) || Energy: ~2.09e-17 (- 0.00dB)
[@     1m31s] Timestep:        17435 || Speed:   29.5 MC/s (5.237e-03 s/TS) || Energy: ~3.69e-17 (- 0.00dB)
[@     1m39s] Timestep:        19020 || Speed:   29.6 MC/s (5.223e-03 s/TS) || Energy: ~2.66e-17 (- 1.42dB)
[@     1m47s] Timestep:        20605 || Speed:   29.5 MC/s (5.234e-03 s/TS) || Energy: ~7.05e-19 (-17.19dB)
[@     1m56s] Timestep:        22190 || Speed:   29.6 MC/s (5.217e-03 s/TS) || Energy: ~5.54e-17 (- 0.00dB)
[@     2m04s] Timestep:        23775 || Speed:   29.6 MC/s (5.219e-03 s/TS) || Energy: ~2.76e-16 (- 0.00dB)
[@     2m12s] Timestep:        25360 || Speed:   29.5 MC/s (5.226e-03 s/TS) || Energy: ~5.11e-16 (- 0.00dB)
[@     2m21s] Timestep:        26945 || Speed:   29.6 MC/s (5.219e-03 s/TS) || Energy: ~4.03e-16 (- 1.03dB)
[@     2m29s] Timestep:        28530 || Speed:   29.6 MC/s (5.223e-03 s/TS) || Energy: ~3.17e-17 (-12.07dB)
[@     2m37s] Timestep:        30115 || Speed:   29.5 MC/s (5.233e-03 s/TS) || Energy: ~4.39e-16 (- 0.66dB)
[@     2m46s] Timestep:        31700 || Speed:   29.0 MC/s (5.331e-03 s/TS) || Energy: ~2.56e-15 (- 0.00dB)
[@     2m54s] Timestep:        33285 || Speed:   29.6 MC/s (5.215e-03 s/TS) || Energy: ~4.97e-15 (- 0.00dB)
[@     3m02s] Timestep:        34870 || Speed:   29.5 MC/s (5.241e-03 s/TS) || Energy: ~4.23e-15 (- 0.70dB)
[@     3m11s] Timestep:        36455 || Speed:   28.8 MC/s (5.359e-03 s/TS) || Energy: ~8.48e-16 (- 7.68dB)
[@     3m19s] Timestep:        38040 || Speed:   29.5 MC/s (5.232e-03 s/TS) || Energy: ~4.31e-15 (- 0.62dB)
[@     3m27s] Timestep:        39625 || Speed:   29.2 MC/s (5.284e-03 s/TS) || Energy: ~1.95e-14 (- 0.00dB)
[@     3m36s] Timestep:        41210 || Speed:   29.6 MC/s (5.222e-03 s/TS) || Energy: ~1.03e-13 (- 0.00dB)
[@     3m44s] Timestep:        42795 || Speed:   29.5 MC/s (5.228e-03 s/TS) || Energy: ~3.76e-13 (- 0.00dB)
[@     3m52s] Timestep:        44380 || Speed:   29.6 MC/s (5.221e-03 s/TS) || Energy: ~7.74e-13 (- 0.00dB)
[@     4m00s] Timestep:        45965 || Speed:   29.5 MC/s (5.231e-03 s/TS) || Energy: ~1.77e-11 (- 0.00dB)
[@     4m09s] Timestep:        47550 || Speed:   29.6 MC/s (5.217e-03 s/TS) || Energy: ~5.15e-11 (- 0.00dB)
[@     4m17s] Timestep:        49135 || Speed:   29.4 MC/s (5.256e-03 s/TS) || Energy: ~2.75e-10 (- 0.00dB)
[@     4m25s] Timestep:        50720 || Speed:   29.6 MC/s (5.222e-03 s/TS) || Energy: ~3.98e-09 (- 0.00dB)
[@     4m34s] Timestep:        52305 || Speed:   29.6 MC/s (5.222e-03 s/TS) || Energy: ~6.92e-09 (- 0.00dB)
[@     4m42s] Timestep:        53890 || Speed:   29.5 MC/s (5.244e-03 s/TS) || Energy: ~9.31e-08 (- 0.00dB)
[@     4m50s] Timestep:        55475 || Speed:   29.6 MC/s (5.220e-03 s/TS) || Energy: ~7.79e-07 (- 0.00dB)
[@     4m59s] Timestep:        57060 || Speed:   29.2 MC/s (5.287e-03 s/TS) || Energy: ~1.11e-06 (- 0.00dB)
[@     5m07s] Timestep:        58645 || Speed:   29.6 MC/s (5.209e-03 s/TS) || Energy: ~2.74e-05 (- 0.00dB)
[@     5m15s] Timestep:        60230 || Speed:   29.6 MC/s (5.224e-03 s/TS) || Energy: ~1.33e-04 (- 0.00dB)
[@     5m23s] Timestep:        61815 || Speed:   29.6 MC/s (5.223e-03 s/TS) || Energy: ~3.07e-04 (- 0.00dB)
[@     5m32s] Timestep:        63400 || Speed:   29.6 MC/s (5.221e-03 s/TS) || Energy: ~6.99e-03 (- 0.00dB)
[@     5m40s] Timestep:        64985 || Speed:   29.5 MC/s (5.242e-03 s/TS) || Energy: ~1.95e-02 (- 0.00dB)
[@     5m48s] Timestep:        66570 || Speed:   29.2 MC/s (5.294e-03 s/TS) || Energy: ~1.11e-01 (- 0.00dB)
[@     5m57s] Timestep:        68155 || Speed:   29.5 MC/s (5.229e-03 s/TS) || Energy: ~1.56e+00 (- 0.00dB)
[@     6m05s] Timestep:        69740 || Speed:   29.6 MC/s (5.222e-03 s/TS) || Energy: ~2.61e+00 (- 0.00dB)
[@     6m13s] Timestep:        71325 || Speed:   29.5 MC/s (5.236e-03 s/TS) || Energy: ~3.74e+01 (- 0.00dB)
[@     6m22s] Timestep:        72910 || Speed:   29.5 MC/s (5.229e-03 s/TS) || Energy: ~3.02e+02 (- 0.00dB)
[@     6m30s] Timestep:        74495 || Speed:   29.6 MC/s (5.226e-03 s/TS) || Energy: ~4.33e+02 (- 0.00dB)
[@     6m38s] Timestep:        76080 || Speed:   29.6 MC/s (5.220e-03 s/TS) || Energy: ~1.09e+04 (- 0.00dB)
[@     6m46s] Timestep:        77665 || Speed:   29.5 MC/s (5.228e-03 s/TS) || Energy: ~5.09e+04 (- 0.00dB)
[@     6m55s] Timestep:        79250 || Speed:   29.6 MC/s (5.217e-03 s/TS) || Energy: ~1.24e+05 (- 0.00dB)
[@     7m03s] Timestep:        80835 || Speed:   29.6 MC/s (5.219e-03 s/TS) || Energy: ~2.76e+06 (- 0.00dB)
[@     7m08s] Timestep:        81769 || Speed:   29.6 MC/s (5.223e-03 s/TS) || Energy: ~6.74e+06 (- 0.00dB)
[@     7m19s] Timestep:        84005 || Speed:   29.6 MC/s (5.223e-03 s/TS) || Energy: ~4.52e+07 (- 0.00dB)
[@     7m28s] Timestep:        85590 || Speed:   29.6 MC/s (5.214e-03 s/TS) || Energy: ~6.10e+08 (- 0.00dB)
[@     7m36s] Timestep:        87175 || Speed:   29.5 MC/s (5.228e-03 s/TS) || Energy: ~9.97e+08 (- 0.00dB)
[@     7m44s] Timestep:        88760 || Speed:   29.1 MC/s (5.305e-03 s/TS) || Energy: ~1.51e+10 (- 0.00dB)
[@     7m53s] Timestep:        90345 || Speed:   29.6 MC/s (5.221e-03 s/TS) || Energy: ~1.17e+11 (- 0.00dB)
[@     8m01s] Timestep:        91930 || Speed:   29.5 MC/s (5.231e-03 s/TS) || Energy: ~1.70e+11 (- 0.00dB)
[@     8m09s] Timestep:        93515 || Speed:   29.5 MC/s (5.234e-03 s/TS) || Energy: ~4.36e+12 (- 0.00dB)
[@     8m18s] Timestep:        95100 || Speed:   29.6 MC/s (5.224e-03 s/TS) || Energy: ~1.96e+13 (- 0.00dB)
[@     8m26s] Timestep:        96685 || Speed:   29.4 MC/s (5.250e-03 s/TS) || Energy: ~5.06e+13 (- 0.00dB)
[@     8m34s] Timestep:        98270 || Speed:   29.6 MC/s (5.217e-03 s/TS) || Energy: ~1.09e+15 (- 0.00dB)
[@     8m42s] Timestep:        99855 || Speed:   29.6 MC/s (5.224e-03 s/TS) || Energy: ~2.83e+15 (- 0.00dB)
[@     8m51s] Timestep:       101440 || Speed:   29.5 MC/s (5.230e-03 s/TS) || Energy: ~1.84e+16 (- 0.00dB)
[@     8m59s] Timestep:       103025 || Speed:   29.6 MC/s (5.226e-03 s/TS) || Energy: ~2.39e+17 (- 0.00dB)
[@     9m07s] Timestep:       104610 || Speed:   29.6 MC/s (5.224e-03 s/TS) || Energy: ~3.81e+17 (- 0.00dB)
[@     9m16s] Timestep:       106195 || Speed:   29.5 MC/s (5.231e-03 s/TS) || Energy: ~6.09e+18 (- 0.00dB)
[@     9m24s] Timestep:       107780 || Speed:   29.5 MC/s (5.234e-03 s/TS) || Energy: ~4.56e+19 (- 0.00dB)
[@     9m32s] Timestep:       109365 || Speed:   29.5 MC/s (5.234e-03 s/TS) || Energy: ~6.73e+19 (- 0.00dB)
[@     9m40s] Timestep:       110950 || Speed:   29.6 MC/s (5.220e-03 s/TS) || Energy: ~1.74e+21 (- 0.00dB)
[@     9m49s] Timestep:       112535 || Speed:   29.5 MC/s (5.229e-03 s/TS) || Energy: ~7.53e+21 (- 0.00dB)
[@     9m57s] Timestep:       114120 || Speed:   29.6 MC/s (5.222e-03 s/TS) || Energy: ~2.06e+22 (- 0.00dB)
[@    10m05s] Timestep:       115705 || Speed:   29.6 MC/s (5.220e-03 s/TS) || Energy: ~4.32e+23 (- 0.00dB)
[@    10m14s] Timestep:       117290 || Speed:   29.5 MC/s (5.229e-03 s/TS) || Energy: ~1.08e+24 (- 0.00dB)
[@    10m22s] Timestep:       118875 || Speed:   29.5 MC/s (5.227e-03 s/TS) || Energy: ~7.47e+24 (- 0.00dB)
[@    10m30s] Timestep:       120460 || Speed:   29.6 MC/s (5.213e-03 s/TS) || Energy: ~9.37e+25 (- 0.00dB)
[@    10m38s] Timestep:       122045 || Speed:   29.6 MC/s (5.221e-03 s/TS) || Energy: ~1.46e+26 (- 0.00dB)
[@    10m47s] Timestep:       123630 || Speed:   29.6 MC/s (5.220e-03 s/TS) || Energy: ~2.45e+27 (- 0.00dB)
[@    10m55s] Timestep:       125215 || Speed:   29.5 MC/s (5.237e-03 s/TS) || Energy: ~1.77e+28 (- 0.00dB)
[@    11m03s] Timestep:       126800 || Speed:   29.4 MC/s (5.256e-03 s/TS) || Energy: ~   inf (-  nandB)
Time for 126800 iterations with 154440.00 cells : 663.81 sec
Speed: 29.50 MCells/s 
[rfsim] NF2FF_p1 at 1.400 GHz...
[rfsim] far-field: Dmax -21.9 dBi, radiated 43479468.4% of input power
[rfsim] S11: -4.5 .. -4.4 dB
[rfsim] S21: -8.0 .. -3.9 dB
[rfsim] wrote C:\Users\chith\Desktop\ANUFS-Telemetry\RF Analysis\results\desktop\step1_short_coarse_lumped_f1_1p8\results.s2p
