[rfsim] WARNING: Copper on F.Cu/In1.Cu/In2.Cu/B.Cu extends beyond the simulation domain and is cut at the boundary. If it's part of the structure under test, increase the domain margin.
[rfsim] mesh resolution: 4.659 mm (coarse)
[rfsim] === excitation 1/1 (port 1) ===
[rfsim] UserWarning: h5py is running against HDF5 2.2.0 when it was built against 2.0.0, this may cause problems
[rfsim] port 1: lumped at (18.26, -34.50) 
[rfsim] port 2: lumped at (18.26, -29.50) 
[rfsim] mesh: 55 x 72 x 39 lines
[rfsim] engine: multithreaded, 8 thread(s)
openEMS - enabled multithreading
openEMS - fixed number of threads: 8
 ---------------------------------------------------------------------- 
 | openEMS 64bit -- version v0.37.0-rc2
 | (C) 2010-2026 Thorsten Liebig <thorsten.liebig@gmx.de>  GPL license
 ---------------------------------------------------------------------- 
	Used external libraries:
		CSXCAD -- Version: v0.7.0-rc2
		hdf5   -- Version: 2.2.0
		          compiled against: HDF5 library version: 2.2.0
		tinyxml -- compiled against: 2.6.2
		fparser
		boost  -- compiled against: 1_91
		vtk -- Version: 9.3.20231030
		       compiled against: 9.3.20231030

Create FDTD operator (compressed SSE + multi-threading)
FDTD simulation size: 55x72x39 --> 154440 FDTD cells 
FDTD timestep is: 4.37937e-14 s; Nyquist rate: 3805 timesteps @3.00057e+09 Hz
openEMS::SetupFDTD: Warning, the timestep seems to be very small --> long simulation. Check your mesh!?
Excitation signal length is: 52333 timesteps (2.29185e-09s)
Max. number of timesteps: 300000 ( --> 5.73252 * Excitation signal length)
Create FDTD engine (compressed SSE + multi-threading)
Warning: Unused primitive (type: LinPoly) detected in property: cu_F.Cu!
Warning: Unused primitive (type: LinPoly) detected in property: cu_In1.Cu!
Warning: Unused primitive (type: LinPoly) detected in property: cu_In2.Cu!
Warning: Unused primitive (type: LinPoly) detected in property: cu_B.Cu!
Warning: Unused primitive (type: Cylinder) detected in property: vias!
Warning: Unused primitive (type: Cylinder) detected in property: vias!
Running FDTD engine... this may take a while... grab a cup of coffee?!?
[@        6s] Timestep:         1902 || Speed:   45.6 MC/s (3.388e-03 s/TS) || Energy: ~2.13e-19 (- 0.00dB)
[@       12s] Timestep:         3804 || Speed:   47.4 MC/s (3.256e-03 s/TS) || Energy: ~1.37e-19 (- 1.91dB)
[@       18s] Timestep:         5706 || Speed:   47.4 MC/s (3.259e-03 s/TS) || Energy: ~3.11e-17 (- 0.00dB)
[@       25s] Timestep:         7608 || Speed:   47.3 MC/s (3.265e-03 s/TS) || Energy: ~3.14e-16 (- 0.00dB)
[@       31s] Timestep:         9510 || Speed:   47.3 MC/s (3.262e-03 s/TS) || Energy: ~7.98e-13 (- 0.00dB)
[@       37s] Timestep:        11412 || Speed:   47.2 MC/s (3.275e-03 s/TS) || Energy: ~9.91e-09 (- 0.00dB)
[@       43s] Timestep:        13314 || Speed:   47.1 MC/s (3.276e-03 s/TS) || Energy: ~3.98e-04 (- 0.00dB)
[@       49s] Timestep:        15216 || Speed:   47.5 MC/s (3.250e-03 s/TS) || Energy: ~1.13e+01 (- 0.00dB)
[@       56s] Timestep:        17118 || Speed:   47.4 MC/s (3.261e-03 s/TS) || Energy: ~1.46e+05 (- 0.00dB)
[@     1m02s] Timestep:        19020 || Speed:   47.6 MC/s (3.245e-03 s/TS) || Energy: ~8.46e+09 (- 0.00dB)
[@     1m08s] Timestep:        20922 || Speed:   47.0 MC/s (3.287e-03 s/TS) || Energy: ~1.40e+14 (- 0.00dB)
[@     1m14s] Timestep:        22824 || Speed:   47.5 MC/s (3.248e-03 s/TS) || Energy: ~3.59e+18 (- 0.00dB)
[@     1m20s] Timestep:        24726 || Speed:   47.6 MC/s (3.247e-03 s/TS) || Energy: ~1.54e+23 (- 0.00dB)
[@     1m25s] Timestep:        26166 || Speed:   47.4 MC/s (3.257e-03 s/TS) || Energy: ~2.57e+26 (- 0.00dB)
[@     1m30s] Timestep:        27579 || Speed:   47.4 MC/s (3.262e-03 s/TS) || Energy: ~   inf (-  nandB)
Time for 27579 iterations with 154440.00 cells : 90.17 sec
Speed: 47.24 MCells/s 
[rfsim] NF2FF_p1 at 1.750 GHz...
[rfsim] RuntimeWarning: invalid value encountered in log10
[rfsim] RuntimeWarning: invalid value encountered in log10
[rfsim] RuntimeWarning: invalid value encountered in log10
[rfsim] far-field: Dmax nan dBi, radiated -1.0% of input power
[rfsim] WARNING: port 1 gives out more power than it takes in (max sum|S|^2 = 3.25). The S-parameters of this port are NOT reliable. On a CPW port or a stripline port the usual cause is a mesh that is too coarse across the line. Run again at the medium or the fine preset.
[rfsim] S11: 4.6 .. 4.9 dB
[rfsim] S21: -8.2 .. -7.4 dB
[rfsim] wrote C:/Users/chith/Desktop/ANUFS-Telemetry/RF Analysis/results/desktop/step1_short_coarse_lumped_mur\results.s2p
