[rfsim] WARNING: Copper on F.Cu/In1.Cu/In2.Cu/B.Cu extends beyond the simulation domain and is cut at the boundary. If it's part of the structure under test, increase the domain margin.
[rfsim] mesh resolution: 4.659 mm (coarse)
[rfsim] === excitation 1/1 (port 1) ===
[rfsim] UserWarning: h5py is running against HDF5 2.2.0 when it was built against 2.0.0, this may cause problems
[rfsim] timestep factor 0.5 (lumped inductor stability), max steps 1200000
[rfsim] port 1: msl at (18.26, -36.00) dir y
[rfsim] port 2: msl at (18.26, -26.50) dir y
[rfsim] mesh: 134 x 110 x 39 lines
[rfsim] engine: multithreaded, 8 thread(s)
openEMS - enabled multithreading
openEMS - fixed number of threads: 8
 ---------------------------------------------------------------------- 
 | openEMS 64bit -- version v0.37.0-rc2
 | (C) 2010-2026 Thorsten Liebig <thorsten.liebig@gmx.de>  GPL license
 ---------------------------------------------------------------------- 
	Used external libraries:
		CSXCAD -- Version: v0.7.0-rc2
		hdf5   -- Version: 2.2.0
		          compiled against: HDF5 library version: 2.2.0
		tinyxml -- compiled against: 2.6.2
		fparser
		boost  -- compiled against: 1_91
		vtk -- Version: 9.3.20231030
		       compiled against: 9.3.20231030

Create FDTD operator (compressed SSE + multi-threading)
Operator::SetTimestepFactor: Setting timestep factor to 0.5
FDTD simulation size: 134x110x39 --> 574860 FDTD cells 
FDTD timestep is: 8.33247e-15 s; Nyquist rate: 20002 timesteps @3.00001e+09 Hz
openEMS::SetupFDTD: Warning, the timestep seems to be very small --> long simulation. Check your mesh!?
Excitation signal length is: 275049 timesteps (2.29184e-09s)
Max. number of timesteps: 1200000 ( --> 4.36286 * Excitation signal length)
Create FDTD engine (compressed SSE + multi-threading)
Warning: Unused primitive (type: Cylinder) detected in property: vias!
Warning: Unused primitive (type: Cylinder) detected in property: vias!
Running FDTD engine... this may take a while... grab a cup of coffee?!?
[@       48s] Timestep:         5000 || Speed:   59.5 MC/s (9.660e-03 s/TS) || Energy: ~3.70e-19 (- 0.00dB)
[@     1m35s] Timestep:        10000 || Speed:   60.3 MC/s (9.526e-03 s/TS) || Energy: ~7.49e-19 (- 0.00dB)
[@     2m23s] Timestep:        15000 || Speed:   60.2 MC/s (9.549e-03 s/TS) || Energy: ~5.75e-19 (- 1.15dB)
[@     3m11s] Timestep:        20000 || Speed:   60.1 MC/s (9.563e-03 s/TS) || Energy: ~4.09e-19 (- 2.62dB)
[@     3m59s] Timestep:        25000 || Speed:   60.2 MC/s (9.551e-03 s/TS) || Energy: ~1.37e-17 (- 0.00dB)
[@     4m46s] Timestep:        30000 || Speed:   60.2 MC/s (9.550e-03 s/TS) || Energy: ~9.67e-17 (- 0.00dB)
[@     5m35s] Timestep:        35000 || Speed:   59.9 MC/s (9.602e-03 s/TS) || Energy: ~3.55e-16 (- 0.00dB)
[@     6m22s] Timestep:        40000 || Speed:   60.1 MC/s (9.567e-03 s/TS) || Energy: ~8.14e-16 (- 0.00dB)
[@     7m10s] Timestep:        45000 || Speed:   60.1 MC/s (9.568e-03 s/TS) || Energy: ~1.07e-15 (- 0.00dB)
[@     7m58s] Timestep:        50000 || Speed:   60.1 MC/s (9.560e-03 s/TS) || Energy: ~4.87e-16 (- 3.43dB)
[@     8m46s] Timestep:        55000 || Speed:   60.0 MC/s (9.574e-03 s/TS) || Energy: ~5.45e-16 (- 2.95dB)
[@     9m34s] Timestep:        60000 || Speed:   60.0 MC/s (9.581e-03 s/TS) || Energy: ~9.92e-15 (- 0.00dB)
[@    10m22s] Timestep:        65000 || Speed:   59.9 MC/s (9.603e-03 s/TS) || Energy: ~4.51e-14 (- 0.00dB)
[@    11m10s] Timestep:        70000 || Speed:   60.2 MC/s (9.554e-03 s/TS) || Energy: ~1.12e-13 (- 0.00dB)
[@    11m57s] Timestep:        75000 || Speed:   60.2 MC/s (9.545e-03 s/TS) || Energy: ~1.74e-13 (- 0.00dB)
[@    12m45s] Timestep:        80000 || Speed:   60.0 MC/s (9.580e-03 s/TS) || Energy: ~1.52e-13 (- 0.59dB)
[@    13m33s] Timestep:        85000 || Speed:   60.0 MC/s (9.580e-03 s/TS) || Energy: ~3.96e-14 (- 6.44dB)
[@    14m21s] Timestep:        90000 || Speed:   60.1 MC/s (9.571e-03 s/TS) || Energy: ~7.17e-14 (- 3.86dB)
[@    15m09s] Timestep:        95000 || Speed:   60.1 MC/s (9.557e-03 s/TS) || Energy: ~6.85e-13 (- 0.00dB)
[@    15m57s] Timestep:       100000 || Speed:   59.9 MC/s (9.596e-03 s/TS) || Energy: ~2.04e-12 (- 0.00dB)
[@    16m45s] Timestep:       105000 || Speed:   60.0 MC/s (9.574e-03 s/TS) || Energy: ~3.44e-12 (- 0.00dB)
[@    17m32s] Timestep:       110000 || Speed:   60.1 MC/s (9.560e-03 s/TS) || Energy: ~3.62e-12 (- 0.00dB)
[@    18m20s] Timestep:       115000 || Speed:   60.0 MC/s (9.575e-03 s/TS) || Energy: ~2.09e-12 (- 2.40dB)
[@    19m08s] Timestep:       120000 || Speed:   59.7 MC/s (9.630e-03 s/TS) || Energy: ~3.13e-13 (-10.63dB)
[@    19m57s] Timestep:       125000 || Speed:   58.9 MC/s (9.762e-03 s/TS) || Energy: ~8.57e-13 (- 6.26dB)
[@    20m45s] Timestep:       130000 || Speed:   59.9 MC/s (9.602e-03 s/TS) || Energy: ~4.57e-12 (- 0.00dB)
[@    21m33s] Timestep:       135000 || Speed:   60.0 MC/s (9.584e-03 s/TS) || Energy: ~8.98e-12 (- 0.00dB)
[@    21m57s] Timestep:       137522 || Speed:   60.0 MC/s (9.584e-03 s/TS) || Energy: ~1.02e-11 (- 0.00dB)
[@    22m21s] Timestep:       140000 || Speed:   60.0 MC/s (9.576e-03 s/TS) || Energy: ~1.06e-11 (- 0.00dB)
[@    23m09s] Timestep:       145000 || Speed:   60.1 MC/s (9.571e-03 s/TS) || Energy: ~8.37e-12 (- 1.01dB)
[@    23m57s] Timestep:       150000 || Speed:   60.1 MC/s (9.558e-03 s/TS) || Energy: ~8.78e-12 (- 0.80dB)
[@    24m45s] Timestep:       155000 || Speed:   60.0 MC/s (9.576e-03 s/TS) || Energy: ~2.56e-11 (- 0.00dB)
[@    25m33s] Timestep:       160000 || Speed:   59.8 MC/s (9.613e-03 s/TS) || Energy: ~1.23e-10 (- 0.00dB)
[@    26m20s] Timestep:       165000 || Speed:   60.1 MC/s (9.568e-03 s/TS) || Energy: ~5.96e-10 (- 0.00dB)
[@    27m08s] Timestep:       170000 || Speed:   60.1 MC/s (9.570e-03 s/TS) || Energy: ~2.33e-09 (- 0.00dB)
[@    27m56s] Timestep:       175000 || Speed:   60.0 MC/s (9.582e-03 s/TS) || Energy: ~1.33e-08 (- 0.00dB)
[@    28m44s] Timestep:       180000 || Speed:   60.1 MC/s (9.569e-03 s/TS) || Energy: ~4.48e-08 (- 0.00dB)
[@    29m32s] Timestep:       185000 || Speed:   60.0 MC/s (9.578e-03 s/TS) || Energy: ~3.04e-07 (- 0.00dB)
[@    30m20s] Timestep:       190000 || Speed:   59.6 MC/s (9.644e-03 s/TS) || Energy: ~8.89e-07 (- 0.00dB)
[@    31m08s] Timestep:       195000 || Speed:   59.9 MC/s (9.591e-03 s/TS) || Energy: ~6.85e-06 (- 0.00dB)
[@    31m56s] Timestep:       200000 || Speed:   60.0 MC/s (9.587e-03 s/TS) || Energy: ~1.76e-05 (- 0.00dB)
[@    32m44s] Timestep:       205000 || Speed:   59.9 MC/s (9.596e-03 s/TS) || Energy: ~1.50e-04 (- 0.00dB)
[@    33m32s] Timestep:       210000 || Speed:   60.0 MC/s (9.576e-03 s/TS) || Energy: ~3.55e-04 (- 0.00dB)
[@    34m20s] Timestep:       215000 || Speed:   60.1 MC/s (9.572e-03 s/TS) || Energy: ~3.25e-03 (- 0.00dB)
[@    35m08s] Timestep:       220000 || Speed:   59.9 MC/s (9.599e-03 s/TS) || Energy: ~7.43e-03 (- 0.00dB)
[@    35m56s] Timestep:       225000 || Speed:   59.8 MC/s (9.618e-03 s/TS) || Energy: ~6.96e-02 (- 0.00dB)
[@    36m44s] Timestep:       230000 || Speed:   59.9 MC/s (9.594e-03 s/TS) || Energy: ~1.61e-01 (- 0.00dB)
[@    37m32s] Timestep:       235000 || Speed:   59.9 MC/s (9.601e-03 s/TS) || Energy: ~1.46e+00 (- 0.00dB)
[@    38m20s] Timestep:       240000 || Speed:   59.9 MC/s (9.604e-03 s/TS) || Energy: ~3.57e+00 (- 0.00dB)
[@    39m08s] Timestep:       245000 || Speed:   60.0 MC/s (9.588e-03 s/TS) || Energy: ~3.02e+01 (- 0.00dB)
[@    39m56s] Timestep:       250000 || Speed:   59.9 MC/s (9.602e-03 s/TS) || Energy: ~8.14e+01 (- 0.00dB)
[@    40m44s] Timestep:       255000 || Speed:   59.9 MC/s (9.602e-03 s/TS) || Energy: ~6.14e+02 (- 0.00dB)
[@    41m32s] Timestep:       260000 || Speed:   59.9 MC/s (9.589e-03 s/TS) || Energy: ~1.89e+03 (- 0.00dB)
[@    42m20s] Timestep:       265000 || Speed:   60.0 MC/s (9.587e-03 s/TS) || Energy: ~1.23e+04 (- 0.00dB)
[@    43m08s] Timestep:       270000 || Speed:   60.1 MC/s (9.572e-03 s/TS) || Energy: ~4.40e+04 (- 0.00dB)
[@    43m55s] Timestep:       275000 || Speed:   60.0 MC/s (9.579e-03 s/TS) || Energy: ~2.44e+05 (- 0.00dB)
[@    44m43s] Timestep:       280000 || Speed:   60.1 MC/s (9.572e-03 s/TS) || Energy: ~1.02e+06 (- 0.00dB)
[@    45m31s] Timestep:       285000 || Speed:   59.8 MC/s (9.612e-03 s/TS) || Energy: ~4.77e+06 (- 0.00dB)
[@    46m19s] Timestep:       290000 || Speed:   60.0 MC/s (9.579e-03 s/TS) || Energy: ~2.38e+07 (- 0.00dB)
[@    47m07s] Timestep:       295000 || Speed:   60.0 MC/s (9.585e-03 s/TS) || Energy: ~9.30e+07 (- 0.00dB)
[@    47m55s] Timestep:       300000 || Speed:   59.9 MC/s (9.590e-03 s/TS) || Energy: ~5.45e+08 (- 0.00dB)
[@    48m43s] Timestep:       305000 || Speed:   60.0 MC/s (9.581e-03 s/TS) || Energy: ~1.81e+09 (- 0.00dB)
[@    49m31s] Timestep:       310000 || Speed:   60.0 MC/s (9.584e-03 s/TS) || Energy: ~1.24e+10 (- 0.00dB)
[@    50m19s] Timestep:       315000 || Speed:   59.9 MC/s (9.599e-03 s/TS) || Energy: ~3.54e+10 (- 0.00dB)
[@    51m07s] Timestep:       320000 || Speed:   59.8 MC/s (9.615e-03 s/TS) || Energy: ~2.76e+11 (- 0.00dB)
[@    51m55s] Timestep:       325000 || Speed:   59.9 MC/s (9.589e-03 s/TS) || Energy: ~7.03e+11 (- 0.00dB)
[@    52m43s] Timestep:       330000 || Speed:   59.9 MC/s (9.590e-03 s/TS) || Energy: ~6.07e+12 (- 0.00dB)
[@    53m31s] Timestep:       335000 || Speed:   60.0 MC/s (9.588e-03 s/TS) || Energy: ~1.43e+13 (- 0.00dB)
[@    54m19s] Timestep:       340000 || Speed:   60.0 MC/s (9.587e-03 s/TS) || Energy: ~1.31e+14 (- 0.00dB)
[@    55m07s] Timestep:       345000 || Speed:   59.9 MC/s (9.599e-03 s/TS) || Energy: ~3.00e+14 (- 0.00dB)
[@    55m55s] Timestep:       350000 || Speed:   59.7 MC/s (9.622e-03 s/TS) || Energy: ~2.80e+15 (- 0.00dB)
[@    56m43s] Timestep:       355000 || Speed:   59.9 MC/s (9.601e-03 s/TS) || Energy: ~6.49e+15 (- 0.00dB)
[@    57m31s] Timestep:       360000 || Speed:   60.0 MC/s (9.585e-03 s/TS) || Energy: ~5.87e+16 (- 0.00dB)
[@    58m19s] Timestep:       365000 || Speed:   60.0 MC/s (9.587e-03 s/TS) || Energy: ~1.45e+17 (- 0.00dB)
[@    59m07s] Timestep:       370000 || Speed:   59.9 MC/s (9.594e-03 s/TS) || Energy: ~1.21e+18 (- 0.00dB)
[@    59m55s] Timestep:       375000 || Speed:   59.8 MC/s (9.605e-03 s/TS) || Energy: ~3.31e+18 (- 0.00dB)
[@  1h00m43s] Timestep:       380000 || Speed:   59.6 MC/s (9.652e-03 s/TS) || Energy: ~2.46e+19 (- 0.00dB)
[@  1h01m31s] Timestep:       385000 || Speed:   59.9 MC/s (9.590e-03 s/TS) || Energy: ~7.67e+19 (- 0.00dB)
[@  1h02m19s] Timestep:       390000 || Speed:   60.0 MC/s (9.587e-03 s/TS) || Energy: ~4.93e+20 (- 0.00dB)
[@  1h03m07s] Timestep:       395000 || Speed:   60.0 MC/s (9.578e-03 s/TS) || Energy: ~1.79e+21 (- 0.00dB)
[@  1h03m55s] Timestep:       400000 || Speed:   60.0 MC/s (9.584e-03 s/TS) || Energy: ~9.74e+21 (- 0.00dB)
[@  1h04m43s] Timestep:       405000 || Speed:   59.9 MC/s (9.599e-03 s/TS) || Energy: ~4.17e+22 (- 0.00dB)
[@  1h05m31s] Timestep:       410000 || Speed:   60.0 MC/s (9.586e-03 s/TS) || Energy: ~1.91e+23 (- 0.00dB)
[@  1h06m19s] Timestep:       415000 || Speed:   59.9 MC/s (9.594e-03 s/TS) || Energy: ~9.66e+23 (- 0.00dB)
[@  1h07m07s] Timestep:       420000 || Speed:   59.9 MC/s (9.595e-03 s/TS) || Energy: ~3.71e+24 (- 0.00dB)
[@  1h07m55s] Timestep:       425000 || Speed:   60.0 MC/s (9.588e-03 s/TS) || Energy: ~2.21e+25 (- 0.00dB)
[@  1h08m43s] Timestep:       430000 || Speed:   59.9 MC/s (9.600e-03 s/TS) || Energy: ~7.22e+25 (- 0.00dB)
[@  1h09m31s] Timestep:       435000 || Speed:   59.9 MC/s (9.603e-03 s/TS) || Energy: ~5.01e+26 (- 0.00dB)
[@  1h10m19s] Timestep:       440000 || Speed:   59.4 MC/s (9.675e-03 s/TS) || Energy: ~1.42e+27 (- 0.00dB)
[@  1h11m07s] Timestep:       445000 || Speed:   59.8 MC/s (9.616e-03 s/TS) || Energy: ~   inf (-  nandB)
Time for 445000 iterations with 574860.00 cells : 4267.51 sec
Speed: 59.94 MCells/s 
[rfsim] port 1 line: Z0 = 52.6-19.9j ohm, eps_eff = 114.35 (at 1.750 GHz)
[rfsim] NF2FF_p1 at 1.750 GHz...
[rfsim] RuntimeWarning: invalid value encountered in log10
[rfsim] RuntimeWarning: invalid value encountered in log10
[rfsim] RuntimeWarning: invalid value encountered in log10
[rfsim] far-field: Dmax nan dBi, radiated -5265380295.4% of input power
[rfsim] WARNING: port 1 gives out more power than it takes in (max sum|S|^2 = 62.36). The S-parameters of this port are NOT reliable. On a CPW port or a stripline port the usual cause is a mesh that is too coarse across the line. Run again at the medium or the fine preset.
[rfsim] S11: -11.3 .. -11.2 dB
[rfsim] S21: 17.5 .. 17.9 dB
[rfsim] wrote C:\Users\chith\Desktop\telemetry\RF Analysis\results\laptop\step1_long_coarse_tsf05\results.s2p
