[rfsim] WARNING: Copper on F.Cu/In1.Cu/In2.Cu/B.Cu extends beyond the simulation domain and is cut at the boundary. If it's part of the structure under test, increase the domain margin.
[rfsim] mesh resolution: 2.330 mm (coarse)
[rfsim] === excitation 1/1 (port 1) ===
[rfsim] UserWarning: h5py is running against HDF5 2.2.0 when it was built against 2.0.0, this may cause problems
[rfsim] port 1: lumped at (18.26, -34.50) 
[rfsim] port 2: lumped at (18.26, -29.50) 
[rfsim] mesh: 55 x 80 x 39 lines
[rfsim] engine: multithreaded, 8 thread(s)
openEMS - enabled multithreading
openEMS - fixed number of threads: 8
 ---------------------------------------------------------------------- 
 | openEMS 64bit -- version v0.37.0-rc2
 | (C) 2010-2026 Thorsten Liebig <thorsten.liebig@gmx.de>  GPL license
 ---------------------------------------------------------------------- 
	Used external libraries:
		CSXCAD -- Version: v0.7.0-rc2
		hdf5   -- Version: 2.2.0
		          compiled against: HDF5 library version: 2.2.0
		tinyxml -- compiled against: 2.6.2
		fparser
		boost  -- compiled against: 1_91
		vtk -- Version: 9.3.20231030
		       compiled against: 9.3.20231030

Create FDTD operator (compressed SSE + multi-threading)
FDTD simulation size: 55x80x39 --> 171600 FDTD cells 
FDTD timestep is: 4.98622e-14 s; Nyquist rate: 1671 timesteps @6.00098e+09 Hz
openEMS::SetupFDTD: Warning, the timestep seems to be very small --> long simulation. Check your mesh!?
Excitation signal length is: 20893 timesteps (1.04177e-09s)
Max. number of timesteps: 300000 ( --> 14.3589 * Excitation signal length)
Create FDTD engine (compressed SSE + multi-threading)
Warning: Unused primitive (type: LinPoly) detected in property: cu_F.Cu!
Warning: Unused primitive (type: LinPoly) detected in property: cu_In1.Cu!
Warning: Unused primitive (type: LinPoly) detected in property: cu_In2.Cu!
Warning: Unused primitive (type: LinPoly) detected in property: cu_B.Cu!
Warning: Unused primitive (type: Cylinder) detected in property: vias!
Warning: Unused primitive (type: Cylinder) detected in property: vias!
Running FDTD engine... this may take a while... grab a cup of coffee?!?
[@        4s] Timestep:          834 || Speed:   30.1 MC/s (5.700e-03 s/TS) || Energy: ~2.42e-19 (- 0.00dB)
[@        9s] Timestep:         1668 || Speed:   30.4 MC/s (5.648e-03 s/TS) || Energy: ~3.88e-18 (- 0.00dB)
[@       14s] Timestep:         2502 || Speed:   28.5 MC/s (6.021e-03 s/TS) || Energy: ~8.06e-18 (- 0.00dB)
[@       19s] Timestep:         3336 || Speed:   29.9 MC/s (5.744e-03 s/TS) || Energy: ~7.15e-17 (- 0.00dB)
[@       23s] Timestep:         4170 || Speed:   30.4 MC/s (5.653e-03 s/TS) || Energy: ~2.29e-15 (- 0.00dB)
[@       28s] Timestep:         5004 || Speed:   30.5 MC/s (5.633e-03 s/TS) || Energy: ~9.60e-15 (- 0.00dB)
[@       33s] Timestep:         5838 || Speed:   29.2 MC/s (5.869e-03 s/TS) || Energy: ~2.87e-15 (- 5.25dB)
[@       38s] Timestep:         6672 || Speed:   30.5 MC/s (5.629e-03 s/TS) || Energy: ~7.76e-14 (- 0.00dB)
[@       42s] Timestep:         7506 || Speed:   30.4 MC/s (5.643e-03 s/TS) || Energy: ~4.99e-13 (- 0.00dB)
[@       47s] Timestep:         8340 || Speed:   30.5 MC/s (5.627e-03 s/TS) || Energy: ~5.18e-13 (- 0.00dB)
[@       52s] Timestep:         9174 || Speed:   30.2 MC/s (5.688e-03 s/TS) || Energy: ~7.84e-14 (- 8.20dB)
[@       57s] Timestep:        10008 || Speed:   30.5 MC/s (5.635e-03 s/TS) || Energy: ~1.68e-12 (- 0.00dB)
[@     1m01s] Timestep:        10842 || Speed:   30.4 MC/s (5.643e-03 s/TS) || Energy: ~2.51e-12 (- 0.12dB)
[@     1m06s] Timestep:        11676 || Speed:   29.8 MC/s (5.767e-03 s/TS) || Energy: ~5.53e-13 (- 6.69dB)
[@     1m11s] Timestep:        12510 || Speed:   30.4 MC/s (5.648e-03 s/TS) || Energy: ~4.00e-13 (- 8.10dB)
[@     1m16s] Timestep:        13344 || Speed:   30.5 MC/s (5.618e-03 s/TS) || Energy: ~8.44e-13 (- 4.85dB)
[@     1m20s] Timestep:        14178 || Speed:   29.1 MC/s (5.888e-03 s/TS) || Energy: ~2.96e-13 (- 9.40dB)
[@     1m25s] Timestep:        15012 || Speed:   29.3 MC/s (5.854e-03 s/TS) || Energy: ~5.09e-14 (-17.05dB)
[@     1m30s] Timestep:        15846 || Speed:   29.0 MC/s (5.918e-03 s/TS) || Energy: ~4.06e-14 (-18.03dB)
[@     1m35s] Timestep:        16680 || Speed:   30.4 MC/s (5.647e-03 s/TS) || Energy: ~1.66e-14 (-21.91dB)
[@     1m40s] Timestep:        17514 || Speed:   30.5 MC/s (5.618e-03 s/TS) || Energy: ~5.02e-15 (-27.11dB)
[@     1m44s] Timestep:        18348 || Speed:   30.4 MC/s (5.645e-03 s/TS) || Energy: ~2.25e-15 (-30.59dB)
[@     1m49s] Timestep:        19182 || Speed:   30.5 MC/s (5.633e-03 s/TS) || Energy: ~8.20e-16 (-34.98dB)
[@     1m54s] Timestep:        20016 || Speed:   30.4 MC/s (5.638e-03 s/TS) || Energy: ~3.03e-16 (-39.30dB)
[@     1m58s] Timestep:        20850 || Speed:   30.5 MC/s (5.628e-03 s/TS) || Energy: ~1.55e-16 (-42.20dB)
[@     2m03s] Timestep:        21684 || Speed:   30.3 MC/s (5.666e-03 s/TS) || Energy: ~1.16e-16 (-43.46dB)
[@     2m08s] Timestep:        22518 || Speed:   30.4 MC/s (5.637e-03 s/TS) || Energy: ~8.82e-17 (-44.66dB)
[@     2m13s] Timestep:        23352 || Speed:   30.4 MC/s (5.636e-03 s/TS) || Energy: ~4.67e-17 (-47.42dB)
[@     2m17s] Timestep:        24186 || Speed:   30.5 MC/s (5.633e-03 s/TS) || Energy: ~2.63e-17 (-49.92dB)
[@     2m22s] Timestep:        25020 || Speed:   30.4 MC/s (5.636e-03 s/TS) || Energy: ~2.20e-17 (-50.70dB)
[@     2m27s] Timestep:        25854 || Speed:   30.4 MC/s (5.654e-03 s/TS) || Energy: ~2.61e-17 (-49.95dB)
[@     2m31s] Timestep:        26688 || Speed:   30.4 MC/s (5.646e-03 s/TS) || Energy: ~2.33e-17 (-50.43dB)
[@     2m36s] Timestep:        27522 || Speed:   30.4 MC/s (5.642e-03 s/TS) || Energy: ~4.89e-17 (-47.22dB)
[@     2m41s] Timestep:        28356 || Speed:   30.6 MC/s (5.616e-03 s/TS) || Energy: ~2.62e-16 (-39.93dB)
[@     2m46s] Timestep:        29190 || Speed:   30.2 MC/s (5.679e-03 s/TS) || Energy: ~9.56e-16 (-34.31dB)
[@     2m50s] Timestep:        30024 || Speed:   30.5 MC/s (5.625e-03 s/TS) || Energy: ~2.04e-15 (-31.03dB)
[@     2m55s] Timestep:        30858 || Speed:   30.4 MC/s (5.648e-03 s/TS) || Energy: ~2.55e-15 (-30.06dB)
[@     3m00s] Timestep:        31692 || Speed:   30.5 MC/s (5.630e-03 s/TS) || Energy: ~6.43e-15 (-26.04dB)
[@     3m04s] Timestep:        32526 || Speed:   30.2 MC/s (5.674e-03 s/TS) || Energy: ~4.66e-14 (-17.43dB)
[@     3m09s] Timestep:        33360 || Speed:   30.5 MC/s (5.626e-03 s/TS) || Energy: ~2.09e-13 (-10.92dB)
[@     3m14s] Timestep:        34194 || Speed:   30.4 MC/s (5.640e-03 s/TS) || Energy: ~5.35e-13 (- 6.83dB)
[@     3m18s] Timestep:        35028 || Speed:   30.5 MC/s (5.633e-03 s/TS) || Energy: ~7.68e-13 (- 5.26dB)
[@     3m23s] Timestep:        35862 || Speed:   30.4 MC/s (5.639e-03 s/TS) || Energy: ~1.14e-12 (- 3.53dB)
[@     3m28s] Timestep:        36696 || Speed:   30.5 MC/s (5.629e-03 s/TS) || Energy: ~7.92e-12 (- 0.00dB)
[@     3m33s] Timestep:        37530 || Speed:   30.4 MC/s (5.639e-03 s/TS) || Energy: ~4.34e-11 (- 0.00dB)
[@     3m37s] Timestep:        38364 || Speed:   30.4 MC/s (5.636e-03 s/TS) || Energy: ~1.33e-10 (- 0.00dB)
[@     3m42s] Timestep:        39198 || Speed:   30.4 MC/s (5.639e-03 s/TS) || Energy: ~2.31e-10 (- 0.00dB)
[@     3m47s] Timestep:        40032 || Speed:   30.5 MC/s (5.633e-03 s/TS) || Energy: ~2.66e-10 (- 0.00dB)
[@     3m51s] Timestep:        40866 || Speed:   30.5 MC/s (5.628e-03 s/TS) || Energy: ~1.28e-09 (- 0.00dB)
[@     3m56s] Timestep:        41700 || Speed:   30.4 MC/s (5.643e-03 s/TS) || Energy: ~8.50e-09 (- 0.00dB)
[@     4m01s] Timestep:        42534 || Speed:   30.5 MC/s (5.626e-03 s/TS) || Energy: ~3.15e-08 (- 0.00dB)
[@     4m05s] Timestep:        43368 || Speed:   30.3 MC/s (5.661e-03 s/TS) || Energy: ~6.60e-08 (- 0.00dB)
[@     4m10s] Timestep:        44202 || Speed:   30.5 MC/s (5.624e-03 s/TS) || Energy: ~7.83e-08 (- 0.00dB)
[@     4m15s] Timestep:        45036 || Speed:   30.3 MC/s (5.660e-03 s/TS) || Energy: ~2.05e-07 (- 0.00dB)
[@     4m20s] Timestep:        45870 || Speed:   30.4 MC/s (5.637e-03 s/TS) || Energy: ~1.56e-06 (- 0.00dB)
[@     4m24s] Timestep:        46704 || Speed:   30.4 MC/s (5.640e-03 s/TS) || Energy: ~7.02e-06 (- 0.00dB)
[@     4m29s] Timestep:        47538 || Speed:   29.9 MC/s (5.743e-03 s/TS) || Energy: ~1.78e-05 (- 0.00dB)
[@     4m34s] Timestep:        48372 || Speed:   30.4 MC/s (5.649e-03 s/TS) || Energy: ~2.48e-05 (- 0.00dB)
[@     4m38s] Timestep:        49206 || Speed:   30.5 MC/s (5.633e-03 s/TS) || Energy: ~3.71e-05 (- 0.00dB)
[@     4m43s] Timestep:        50040 || Speed:   30.3 MC/s (5.664e-03 s/TS) || Energy: ~2.70e-04 (- 0.00dB)
[@     4m48s] Timestep:        50874 || Speed:   30.0 MC/s (5.722e-03 s/TS) || Energy: ~1.48e-03 (- 0.00dB)
[@     4m53s] Timestep:        51708 || Speed:   30.5 MC/s (5.634e-03 s/TS) || Energy: ~4.49e-03 (- 0.00dB)
[@     4m57s] Timestep:        52542 || Speed:   30.4 MC/s (5.648e-03 s/TS) || Energy: ~7.64e-03 (- 0.00dB)
[@     5m02s] Timestep:        53376 || Speed:   30.5 MC/s (5.620e-03 s/TS) || Energy: ~8.76e-03 (- 0.00dB)
[@     5m07s] Timestep:        54210 || Speed:   30.0 MC/s (5.719e-03 s/TS) || Energy: ~4.40e-02 (- 0.00dB)
[@     5m12s] Timestep:        55044 || Speed:   30.5 MC/s (5.622e-03 s/TS) || Energy: ~2.92e-01 (- 0.00dB)
[@     5m16s] Timestep:        55878 || Speed:   30.3 MC/s (5.655e-03 s/TS) || Energy: ~1.07e+00 (- 0.00dB)
[@     5m21s] Timestep:        56712 || Speed:   30.6 MC/s (5.609e-03 s/TS) || Energy: ~2.21e+00 (- 0.00dB)
[@     5m26s] Timestep:        57546 || Speed:   30.4 MC/s (5.642e-03 s/TS) || Energy: ~2.60e+00 (- 0.00dB)
[@     5m30s] Timestep:        58380 || Speed:   30.4 MC/s (5.643e-03 s/TS) || Energy: ~7.10e+00 (- 0.00dB)
[@     5m35s] Timestep:        59214 || Speed:   30.4 MC/s (5.649e-03 s/TS) || Energy: ~5.41e+01 (- 0.00dB)
[@     5m40s] Timestep:        60048 || Speed:   30.5 MC/s (5.635e-03 s/TS) || Energy: ~2.40e+02 (- 0.00dB)
[@     5m44s] Timestep:        60882 || Speed:   30.4 MC/s (5.641e-03 s/TS) || Energy: ~5.99e+02 (- 0.00dB)
[@     5m49s] Timestep:        61716 || Speed:   30.5 MC/s (5.625e-03 s/TS) || Energy: ~8.27e+02 (- 0.00dB)
[@     5m54s] Timestep:        62550 || Speed:   30.4 MC/s (5.641e-03 s/TS) || Energy: ~1.28e+03 (- 0.00dB)
[@     5m59s] Timestep:        63384 || Speed:   30.1 MC/s (5.710e-03 s/TS) || Energy: ~9.39e+03 (- 0.00dB)
[@     6m03s] Timestep:        64218 || Speed:   30.5 MC/s (5.630e-03 s/TS) || Energy: ~5.07e+04 (- 0.00dB)
[@     6m08s] Timestep:        65052 || Speed:   29.9 MC/s (5.748e-03 s/TS) || Energy: ~1.52e+05 (- 0.00dB)
[@     6m13s] Timestep:        65886 || Speed:   30.4 MC/s (5.648e-03 s/TS) || Energy: ~2.56e+05 (- 0.00dB)
[@     6m18s] Timestep:        66720 || Speed:   30.3 MC/s (5.655e-03 s/TS) || Energy: ~2.96e+05 (- 0.00dB)
[@     6m22s] Timestep:        67554 || Speed:   30.5 MC/s (5.627e-03 s/TS) || Energy: ~1.54e+06 (- 0.00dB)
[@     6m27s] Timestep:        68388 || Speed:   30.4 MC/s (5.646e-03 s/TS) || Energy: ~1.01e+07 (- 0.00dB)
[@     6m32s] Timestep:        69222 || Speed:   30.5 MC/s (5.634e-03 s/TS) || Energy: ~3.64e+07 (- 0.00dB)
[@     6m36s] Timestep:        70056 || Speed:   30.3 MC/s (5.660e-03 s/TS) || Energy: ~7.43e+07 (- 0.00dB)
[@     6m41s] Timestep:        70890 || Speed:   30.4 MC/s (5.641e-03 s/TS) || Energy: ~8.67e+07 (- 0.00dB)
[@     6m46s] Timestep:        71724 || Speed:   30.3 MC/s (5.654e-03 s/TS) || Energy: ~2.48e+08 (- 0.00dB)
[@     6m50s] Timestep:        72558 || Speed:   30.5 MC/s (5.631e-03 s/TS) || Energy: ~1.87e+09 (- 0.00dB)
[@     6m55s] Timestep:        73392 || Speed:   30.4 MC/s (5.648e-03 s/TS) || Energy: ~8.19e+09 (- 0.00dB)
[@     7m00s] Timestep:        74226 || Speed:   30.4 MC/s (5.636e-03 s/TS) || Energy: ~2.02e+10 (- 0.00dB)
[@     7m05s] Timestep:        75060 || Speed:   30.4 MC/s (5.638e-03 s/TS) || Energy: ~2.76e+10 (- 0.00dB)
[@     7m09s] Timestep:        75894 || Speed:   30.3 MC/s (5.658e-03 s/TS) || Energy: ~4.39e+10 (- 0.00dB)
[@     7m14s] Timestep:        76728 || Speed:   30.5 MC/s (5.620e-03 s/TS) || Energy: ~3.26e+11 (- 0.00dB)
[@     7m19s] Timestep:        77562 || Speed:   30.3 MC/s (5.664e-03 s/TS) || Energy: ~1.74e+12 (- 0.00dB)
[@     7m23s] Timestep:        78396 || Speed:   30.5 MC/s (5.620e-03 s/TS) || Energy: ~5.15e+12 (- 0.00dB)
[@     7m28s] Timestep:        79230 || Speed:   30.4 MC/s (5.653e-03 s/TS) || Energy: ~8.54e+12 (- 0.00dB)
[@     7m33s] Timestep:        80064 || Speed:   30.5 MC/s (5.626e-03 s/TS) || Energy: ~9.98e+12 (- 0.00dB)
[@     7m38s] Timestep:        80898 || Speed:   30.3 MC/s (5.657e-03 s/TS) || Energy: ~5.36e+13 (- 0.00dB)
[@     7m42s] Timestep:        81732 || Speed:   30.0 MC/s (5.718e-03 s/TS) || Energy: ~3.46e+14 (- 0.00dB)
[@     7m47s] Timestep:        82566 || Speed:   30.4 MC/s (5.647e-03 s/TS) || Energy: ~1.24e+15 (- 0.00dB)
[@     7m52s] Timestep:        83400 || Speed:   30.5 MC/s (5.627e-03 s/TS) || Energy: ~2.49e+15 (- 0.00dB)
[@     7m56s] Timestep:        84234 || Speed:   30.3 MC/s (5.655e-03 s/TS) || Energy: ~2.89e+15 (- 0.00dB)
[@     8m01s] Timestep:        85068 || Speed:   30.5 MC/s (5.629e-03 s/TS) || Energy: ~8.61e+15 (- 0.00dB)
[@     8m06s] Timestep:        85902 || Speed:   30.4 MC/s (5.639e-03 s/TS) || Energy: ~6.48e+16 (- 0.00dB)
[@     8m11s] Timestep:        86736 || Speed:   30.5 MC/s (5.629e-03 s/TS) || Energy: ~2.79e+17 (- 0.00dB)
[@     8m15s] Timestep:        87570 || Speed:   30.3 MC/s (5.663e-03 s/TS) || Energy: ~6.81e+17 (- 0.00dB)
[@     8m20s] Timestep:        88404 || Speed:   30.5 MC/s (5.632e-03 s/TS) || Energy: ~9.17e+17 (- 0.00dB)
[@     8m25s] Timestep:        89238 || Speed:   30.4 MC/s (5.636e-03 s/TS) || Energy: ~1.51e+18 (- 0.00dB)
[@     8m29s] Timestep:        90072 || Speed:   30.3 MC/s (5.662e-03 s/TS) || Energy: ~1.13e+19 (- 0.00dB)
[@     8m34s] Timestep:        90906 || Speed:   30.4 MC/s (5.638e-03 s/TS) || Energy: ~5.95e+19 (- 0.00dB)
[@     8m39s] Timestep:        91740 || Speed:   30.4 MC/s (5.643e-03 s/TS) || Energy: ~1.74e+20 (- 0.00dB)
[@     8m43s] Timestep:        92574 || Speed:   30.5 MC/s (5.630e-03 s/TS) || Energy: ~2.85e+20 (- 0.00dB)
[@     8m48s] Timestep:        93408 || Speed:   30.4 MC/s (5.645e-03 s/TS) || Energy: ~3.37e+20 (- 0.00dB)
[@     8m53s] Timestep:        94242 || Speed:   30.5 MC/s (5.629e-03 s/TS) || Energy: ~1.87e+21 (- 0.00dB)
[@     8m58s] Timestep:        95076 || Speed:   30.4 MC/s (5.647e-03 s/TS) || Energy: ~1.19e+22 (- 0.00dB)
[@     9m02s] Timestep:        95910 || Speed:   30.5 MC/s (5.628e-03 s/TS) || Energy: ~4.20e+22 (- 0.00dB)
[@     9m07s] Timestep:        96744 || Speed:   30.4 MC/s (5.645e-03 s/TS) || Energy: ~8.37e+22 (- 0.00dB)
[@     9m12s] Timestep:        97578 || Speed:   30.5 MC/s (5.628e-03 s/TS) || Energy: ~9.64e+22 (- 0.00dB)
[@     9m16s] Timestep:        98412 || Speed:   30.0 MC/s (5.720e-03 s/TS) || Energy: ~3.00e+23 (- 0.00dB)
[@     9m21s] Timestep:        99246 || Speed:   30.5 MC/s (5.633e-03 s/TS) || Energy: ~2.24e+24 (- 0.00dB)
[@     9m26s] Timestep:       100080 || Speed:   30.4 MC/s (5.640e-03 s/TS) || Energy: ~9.54e+24 (- 0.00dB)
[@     9m31s] Timestep:       100914 || Speed:   30.4 MC/s (5.646e-03 s/TS) || Energy: ~2.30e+25 (- 0.00dB)
[@     9m35s] Timestep:       101748 || Speed:   30.5 MC/s (5.624e-03 s/TS) || Energy: ~3.05e+25 (- 0.00dB)
[@     9m40s] Timestep:       102582 || Speed:   30.4 MC/s (5.652e-03 s/TS) || Energy: ~5.20e+25 (- 0.00dB)
[@     9m45s] Timestep:       103416 || Speed:   30.5 MC/s (5.622e-03 s/TS) || Energy: ~3.94e+26 (- 0.00dB)
[@     9m49s] Timestep:       104250 || Speed:   30.4 MC/s (5.646e-03 s/TS) || Energy: ~2.04e+27 (- 0.00dB)
[@     9m54s] Timestep:       105084 || Speed:   28.9 MC/s (5.942e-03 s/TS) || Energy: ~5.90e+27 (- 0.00dB)
[@     9m59s] Timestep:       105918 || Speed:   29.6 MC/s (5.790e-03 s/TS) || Energy: ~9.53e+27 (- 0.00dB)
[@    10m04s] Timestep:       106752 || Speed:   29.8 MC/s (5.763e-03 s/TS) || Energy: ~   inf (-  nandB)
Time for 106752 iterations with 171600.00 cells : 604.43 sec
Speed: 30.31 MCells/s 
[rfsim] NF2FF_p1 at 3.250 GHz...
[rfsim] RuntimeWarning: invalid value encountered in log10
[rfsim] RuntimeWarning: invalid value encountered in log10
[rfsim] RuntimeWarning: invalid value encountered in log10
[rfsim] far-field: Dmax nan dBi, radiated -534775992.9% of input power
[rfsim] WARNING: port 1 gives out more power than it takes in (max sum|S|^2 = 1.61). The S-parameters of this port are NOT reliable. On a CPW port or a stripline port the usual cause is a mesh that is too coarse across the line. Run again at the medium or the fine preset.
[rfsim] S11: -1.2 .. -1.2 dB
[rfsim] S21: -1.0 .. -0.7 dB
[rfsim] wrote C:\Users\chith\Desktop\ANUFS-Telemetry\RF Analysis\results\desktop\step1_short_coarse_lumped_f0p5_6\results.s2p
