[rfsim] WARNING: Copper on F.Cu/In1.Cu/In2.Cu/B.Cu extends beyond the simulation domain and is cut at the boundary. If it's part of the structure under test, increase the domain margin.
[rfsim] mesh resolution: 1.165 mm (fine)
[rfsim] === excitation 1/1 (port 1) ===
[rfsim] UserWarning: h5py is running against HDF5 2.2.0 when it was built against 2.0.0, this may cause problems
[rfsim] port 1: lumped at (18.26, -36.00) 
[rfsim] port 2: lumped at (18.26, -26.50) 
[rfsim] mesh: 76 x 96 x 51 lines
[rfsim] engine: multithreaded, 8 thread(s)
openEMS - enabled multithreading
openEMS - fixed number of threads: 8
 ---------------------------------------------------------------------- 
 | openEMS 64bit -- version v0.37.0-rc2
 | (C) 2010-2026 Thorsten Liebig <thorsten.liebig@gmx.de>  GPL license
 ---------------------------------------------------------------------- 
	Used external libraries:
		CSXCAD -- Version: v0.7.0-rc2
		hdf5   -- Version: 2.2.0
		          compiled against: HDF5 library version: 2.2.0
		tinyxml -- compiled against: 2.6.2
		fparser
		boost  -- compiled against: 1_91
		vtk -- Version: 9.3.20231030
		       compiled against: 9.3.20231030

Create FDTD operator (compressed SSE + multi-threading)
FDTD simulation size: 76x96x51 --> 372096 FDTD cells 
FDTD timestep is: 7.15113e-14 s; Nyquist rate: 2330 timesteps @3.00082e+09 Hz
openEMS::SetupFDTD: Warning, the timestep seems to be very small --> long simulation. Check your mesh!?
Excitation signal length is: 32049 timesteps (2.29187e-09s)
Max. number of timesteps: 300000 ( --> 9.36067 * Excitation signal length)
Create FDTD engine (compressed SSE + multi-threading)
Warning: Unused primitive (type: Cylinder) detected in property: vias!
Warning: Unused primitive (type: Cylinder) detected in property: vias!
Running FDTD engine... this may take a while... grab a cup of coffee?!?
[@        6s] Timestep:          582 || Speed:   33.4 MC/s (1.113e-02 s/TS) || Energy: ~2.75e-20 (- 0.00dB)
[@       13s] Timestep:         1164 || Speed:   33.0 MC/s (1.128e-02 s/TS) || Energy: ~5.28e-20 (- 0.00dB)
[@       19s] Timestep:         1746 || Speed:   32.2 MC/s (1.155e-02 s/TS) || Energy: ~8.02e-20 (- 0.00dB)
[@       26s] Timestep:         2328 || Speed:   33.6 MC/s (1.108e-02 s/TS) || Energy: ~5.00e-20 (- 2.06dB)
[@       32s] Timestep:         2910 || Speed:   33.0 MC/s (1.129e-02 s/TS) || Energy: ~7.46e-19 (- 0.00dB)
[@       39s] Timestep:         3492 || Speed:   31.3 MC/s (1.187e-02 s/TS) || Energy: ~6.07e-18 (- 0.00dB)
[@       46s] Timestep:         4074 || Speed:   33.8 MC/s (1.100e-02 s/TS) || Energy: ~2.45e-17 (- 0.00dB)
[@       52s] Timestep:         4656 || Speed:   33.7 MC/s (1.103e-02 s/TS) || Energy: ~6.15e-17 (- 0.00dB)
[@       59s] Timestep:         5238 || Speed:   32.6 MC/s (1.140e-02 s/TS) || Energy: ~9.52e-17 (- 0.00dB)
[@     1m05s] Timestep:         5820 || Speed:   34.4 MC/s (1.083e-02 s/TS) || Energy: ~6.95e-17 (- 1.36dB)
[@     1m11s] Timestep:         6402 || Speed:   34.2 MC/s (1.088e-02 s/TS) || Energy: ~4.37e-17 (- 3.38dB)
[@     1m18s] Timestep:         6984 || Speed:   34.3 MC/s (1.084e-02 s/TS) || Energy: ~5.98e-16 (- 0.00dB)
[@     1m24s] Timestep:         7566 || Speed:   34.0 MC/s (1.096e-02 s/TS) || Energy: ~3.08e-15 (- 0.00dB)
[@     1m30s] Timestep:         8148 || Speed:   34.3 MC/s (1.086e-02 s/TS) || Energy: ~8.56e-15 (- 0.00dB)
[@     1m37s] Timestep:         8730 || Speed:   34.4 MC/s (1.081e-02 s/TS) || Energy: ~1.49e-14 (- 0.00dB)
[@     1m43s] Timestep:         9312 || Speed:   34.3 MC/s (1.084e-02 s/TS) || Energy: ~1.57e-14 (- 0.00dB)
[@     1m49s] Timestep:         9894 || Speed:   34.3 MC/s (1.084e-02 s/TS) || Energy: ~7.45e-15 (- 3.23dB)
[@     1m55s] Timestep:        10476 || Speed:   34.6 MC/s (1.076e-02 s/TS) || Energy: ~5.56e-15 (- 4.50dB)
[@     2m02s] Timestep:        11058 || Speed:   34.5 MC/s (1.079e-02 s/TS) || Energy: ~4.83e-14 (- 0.00dB)
[@     2m08s] Timestep:        11640 || Speed:   34.5 MC/s (1.080e-02 s/TS) || Energy: ~1.63e-13 (- 0.00dB)
[@     2m14s] Timestep:        12222 || Speed:   34.1 MC/s (1.091e-02 s/TS) || Energy: ~3.07e-13 (- 0.00dB)
[@     2m21s] Timestep:        12804 || Speed:   33.9 MC/s (1.098e-02 s/TS) || Energy: ~3.63e-13 (- 0.00dB)
[@     2m27s] Timestep:        13386 || Speed:   34.4 MC/s (1.082e-02 s/TS) || Energy: ~2.52e-13 (- 1.59dB)
[@     2m33s] Timestep:        13968 || Speed:   34.2 MC/s (1.088e-02 s/TS) || Energy: ~7.33e-14 (- 6.95dB)
[@     2m40s] Timestep:        14550 || Speed:   34.3 MC/s (1.085e-02 s/TS) || Energy: ~8.61e-14 (- 6.25dB)
[@     2m46s] Timestep:        15132 || Speed:   34.4 MC/s (1.082e-02 s/TS) || Energy: ~4.46e-13 (- 0.00dB)
[@     2m52s] Timestep:        15714 || Speed:   34.3 MC/s (1.084e-02 s/TS) || Energy: ~9.57e-13 (- 0.00dB)
[@     2m59s] Timestep:        16296 || Speed:   34.5 MC/s (1.078e-02 s/TS) || Energy: ~1.19e-12 (- 0.00dB)
[@     3m05s] Timestep:        16878 || Speed:   34.2 MC/s (1.088e-02 s/TS) || Energy: ~8.99e-13 (- 1.20dB)
[@     3m11s] Timestep:        17460 || Speed:   33.6 MC/s (1.106e-02 s/TS) || Energy: ~3.58e-13 (- 5.20dB)
[@     3m18s] Timestep:        18042 || Speed:   34.3 MC/s (1.083e-02 s/TS) || Energy: ~7.39e-14 (-12.05dB)
[@     3m24s] Timestep:        18624 || Speed:   34.4 MC/s (1.082e-02 s/TS) || Energy: ~2.64e-13 (- 6.52dB)
[@     3m30s] Timestep:        19206 || Speed:   34.4 MC/s (1.081e-02 s/TS) || Energy: ~6.39e-13 (- 2.68dB)
[@     3m37s] Timestep:        19788 || Speed:   34.4 MC/s (1.081e-02 s/TS) || Energy: ~7.57e-13 (- 1.95dB)
[@     3m43s] Timestep:        20370 || Speed:   33.2 MC/s (1.120e-02 s/TS) || Energy: ~5.11e-13 (- 3.66dB)
[@     3m49s] Timestep:        20952 || Speed:   34.6 MC/s (1.075e-02 s/TS) || Energy: ~1.79e-13 (- 8.20dB)
[@     3m56s] Timestep:        21534 || Speed:   34.4 MC/s (1.081e-02 s/TS) || Energy: ~4.88e-14 (-13.85dB)
[@     4m02s] Timestep:        22116 || Speed:   34.5 MC/s (1.080e-02 s/TS) || Energy: ~1.15e-13 (-10.13dB)
[@     4m08s] Timestep:        22698 || Speed:   34.1 MC/s (1.090e-02 s/TS) || Energy: ~1.83e-13 (- 8.12dB)
[@     4m15s] Timestep:        23280 || Speed:   34.1 MC/s (1.092e-02 s/TS) || Energy: ~1.43e-13 (- 9.18dB)
[@     4m21s] Timestep:        23862 || Speed:   33.5 MC/s (1.112e-02 s/TS) || Energy: ~5.66e-14 (-13.21dB)
[@     4m27s] Timestep:        24444 || Speed:   34.5 MC/s (1.079e-02 s/TS) || Energy: ~1.50e-14 (-18.96dB)
[@     4m34s] Timestep:        25026 || Speed:   34.3 MC/s (1.086e-02 s/TS) || Energy: ~2.35e-14 (-17.02dB)
[@     4m40s] Timestep:        25608 || Speed:   34.6 MC/s (1.076e-02 s/TS) || Energy: ~3.24e-14 (-15.63dB)
[@     4m46s] Timestep:        26190 || Speed:   33.2 MC/s (1.122e-02 s/TS) || Energy: ~2.02e-14 (-17.68dB)
[@     4m53s] Timestep:        26772 || Speed:   33.5 MC/s (1.111e-02 s/TS) || Energy: ~5.28e-15 (-23.51dB)
[@     4m59s] Timestep:        27354 || Speed:   34.3 MC/s (1.086e-02 s/TS) || Energy: ~3.27e-15 (-25.60dB)
[@     5m06s] Timestep:        27936 || Speed:   34.4 MC/s (1.082e-02 s/TS) || Energy: ~7.67e-15 (-21.89dB)
[@     5m12s] Timestep:        28518 || Speed:   34.3 MC/s (1.086e-02 s/TS) || Energy: ~7.64e-15 (-21.91dB)
[@     5m18s] Timestep:        29100 || Speed:   34.2 MC/s (1.087e-02 s/TS) || Energy: ~3.55e-15 (-25.23dB)
[@     5m25s] Timestep:        29682 || Speed:   34.1 MC/s (1.091e-02 s/TS) || Energy: ~1.23e-15 (-29.84dB)
[@     5m31s] Timestep:        30264 || Speed:   33.0 MC/s (1.127e-02 s/TS) || Energy: ~1.86e-15 (-28.04dB)
[@     5m37s] Timestep:        30846 || Speed:   34.3 MC/s (1.086e-02 s/TS) || Energy: ~2.52e-15 (-26.73dB)
[@     5m44s] Timestep:        31428 || Speed:   34.1 MC/s (1.090e-02 s/TS) || Energy: ~1.76e-15 (-28.28dB)
[@     5m50s] Timestep:        32010 || Speed:   34.5 MC/s (1.079e-02 s/TS) || Energy: ~7.62e-16 (-31.92dB)
[@     5m56s] Timestep:        32592 || Speed:   34.0 MC/s (1.094e-02 s/TS) || Energy: ~5.62e-16 (-33.24dB)
[@     6m03s] Timestep:        33174 || Speed:   34.5 MC/s (1.078e-02 s/TS) || Energy: ~7.81e-16 (-31.81dB)
[@     6m09s] Timestep:        33756 || Speed:   32.4 MC/s (1.150e-02 s/TS) || Energy: ~7.47e-16 (-32.01dB)
[@     6m16s] Timestep:        34338 || Speed:   34.2 MC/s (1.087e-02 s/TS) || Energy: ~4.68e-16 (-34.04dB)
[@     6m23s] Timestep:        34920 || Speed:   31.6 MC/s (1.178e-02 s/TS) || Energy: ~2.83e-16 (-36.23dB)
[@     6m29s] Timestep:        35502 || Speed:   34.0 MC/s (1.094e-02 s/TS) || Energy: ~2.67e-16 (-36.47dB)
[@     6m35s] Timestep:        36084 || Speed:   34.1 MC/s (1.092e-02 s/TS) || Energy: ~2.64e-16 (-36.53dB)
[@     6m42s] Timestep:        36666 || Speed:   33.7 MC/s (1.104e-02 s/TS) || Energy: ~1.89e-16 (-37.98dB)
[@     6m48s] Timestep:        37248 || Speed:   34.3 MC/s (1.085e-02 s/TS) || Energy: ~1.01e-16 (-40.68dB)
Time for 37248 iterations with 372096.00 cells : 408.53 sec
Speed: 33.93 MCells/s 
[rfsim] NF2FF_p1 at 1.750 GHz...
[rfsim] far-field: Dmax -27.2 dBi, radiated 79.3% of input power
[rfsim] S11: -0.4 .. -0.0 dB
[rfsim] S21: -79.5 .. -43.5 dB
[rfsim] wrote C:\Users\chith\Desktop\ANUFS-Telemetry\RF Analysis\results\desktop\step1_long_fine_lumped\results.s2p
