[rfsim] WARNING: Copper on F.Cu/In1.Cu/In2.Cu/B.Cu extends beyond the simulation domain and is cut at the boundary. If it's part of the structure under test, increase the domain margin.
[rfsim] mesh resolution: 4.659 mm (coarse)
[rfsim] === excitation 1/1 (port 1) ===
[rfsim] UserWarning: h5py is running against HDF5 2.2.0 when it was built against 2.0.0, this may cause problems
[rfsim] port 1: msl at (18.26, -36.00) dir y
[rfsim] port 2: msl at (18.26, -26.50) dir y
[rfsim] mesh: 134 x 110 x 39 lines
[rfsim] engine: multithreaded, 8 thread(s)
openEMS - enabled multithreading
openEMS - fixed number of threads: 8
 ---------------------------------------------------------------------- 
 | openEMS 64bit -- version v0.37.0-rc2
 | (C) 2010-2026 Thorsten Liebig <thorsten.liebig@gmx.de>  GPL license
 ---------------------------------------------------------------------- 
	Used external libraries:
		CSXCAD -- Version: v0.7.0-rc2
		hdf5   -- Version: 2.2.0
		          compiled against: HDF5 library version: 2.2.0
		tinyxml -- compiled against: 2.6.2
		fparser
		boost  -- compiled against: 1_91
		vtk -- Version: 9.3.20231030
		       compiled against: 9.3.20231030

Create FDTD operator (compressed SSE + multi-threading)
FDTD simulation size: 134x110x39 --> 574860 FDTD cells 
FDTD timestep is: 1.66649e-14 s; Nyquist rate: 10001 timesteps @3.00001e+09 Hz
openEMS::SetupFDTD: Warning, the timestep seems to be very small --> long simulation. Check your mesh!?
Excitation signal length is: 137525 timesteps (2.29184e-09s)
Max. number of timesteps: 300000 ( --> 2.18142 * Excitation signal length)
openEMS::SetupFDTD: Warning, max. number of timesteps is smaller than three times the excitation. 
	You may want to choose a higher number of max. timesteps... 
Create FDTD engine (compressed SSE + multi-threading)
Warning: Unused primitive (type: Cylinder) detected in property: vias!
Warning: Unused primitive (type: Cylinder) detected in property: vias!
Running FDTD engine... this may take a while... grab a cup of coffee?!?
[@       34s] Timestep:         2500 || Speed:   41.7 MC/s (1.378e-02 s/TS) || Energy: ~9.25e-20 (- 0.00dB)
[@     1m08s] Timestep:         5000 || Speed:   41.9 MC/s (1.371e-02 s/TS) || Energy: ~1.87e-19 (- 0.00dB)
[@     1m40s] Timestep:         7500 || Speed:   44.9 MC/s (1.281e-02 s/TS) || Energy: ~1.44e-19 (- 1.15dB)
[@     2m12s] Timestep:        10000 || Speed:   45.8 MC/s (1.256e-02 s/TS) || Energy: ~1.03e-19 (- 2.61dB)
[@     2m43s] Timestep:        12500 || Speed:   45.5 MC/s (1.264e-02 s/TS) || Energy: ~3.43e-18 (- 0.00dB)
[@     3m14s] Timestep:        15000 || Speed:   46.5 MC/s (1.235e-02 s/TS) || Energy: ~2.42e-17 (- 0.00dB)
[@     3m44s] Timestep:        17500 || Speed:   48.2 MC/s (1.193e-02 s/TS) || Energy: ~8.88e-17 (- 0.00dB)
[@     4m14s] Timestep:        20000 || Speed:   48.6 MC/s (1.184e-02 s/TS) || Energy: ~2.03e-16 (- 0.00dB)
[@     4m43s] Timestep:        22500 || Speed:   48.0 MC/s (1.197e-02 s/TS) || Energy: ~2.68e-16 (- 0.00dB)
[@     5m13s] Timestep:        25000 || Speed:   48.4 MC/s (1.187e-02 s/TS) || Energy: ~1.21e-16 (- 3.44dB)
[@     5m43s] Timestep:        27500 || Speed:   48.6 MC/s (1.184e-02 s/TS) || Energy: ~1.37e-16 (- 2.93dB)
[@     6m12s] Timestep:        30000 || Speed:   48.6 MC/s (1.184e-02 s/TS) || Energy: ~2.48e-15 (- 0.00dB)
[@     6m42s] Timestep:        32500 || Speed:   48.6 MC/s (1.183e-02 s/TS) || Energy: ~1.13e-14 (- 0.00dB)
[@     7m11s] Timestep:        35000 || Speed:   48.6 MC/s (1.182e-02 s/TS) || Energy: ~2.81e-14 (- 0.00dB)
[@     7m41s] Timestep:        37500 || Speed:   48.6 MC/s (1.183e-02 s/TS) || Energy: ~4.35e-14 (- 0.00dB)
[@     8m11s] Timestep:        40000 || Speed:   48.6 MC/s (1.183e-02 s/TS) || Energy: ~3.80e-14 (- 0.59dB)
[@     8m40s] Timestep:        42500 || Speed:   48.6 MC/s (1.184e-02 s/TS) || Energy: ~9.86e-15 (- 6.45dB)
[@     9m10s] Timestep:        45000 || Speed:   48.1 MC/s (1.196e-02 s/TS) || Energy: ~1.80e-14 (- 3.85dB)
[@     9m40s] Timestep:        47500 || Speed:   48.6 MC/s (1.182e-02 s/TS) || Energy: ~1.71e-13 (- 0.00dB)
[@    10m09s] Timestep:        50000 || Speed:   48.4 MC/s (1.189e-02 s/TS) || Energy: ~5.09e-13 (- 0.00dB)
[@    10m39s] Timestep:        52500 || Speed:   48.6 MC/s (1.183e-02 s/TS) || Energy: ~8.60e-13 (- 0.00dB)
[@    11m09s] Timestep:        55000 || Speed:   48.5 MC/s (1.184e-02 s/TS) || Energy: ~9.05e-13 (- 0.00dB)
[@    11m38s] Timestep:        57500 || Speed:   48.6 MC/s (1.182e-02 s/TS) || Energy: ~5.20e-13 (- 2.40dB)
[@    12m08s] Timestep:        60000 || Speed:   48.6 MC/s (1.183e-02 s/TS) || Energy: ~7.78e-14 (-10.66dB)
[@    12m37s] Timestep:        62500 || Speed:   48.5 MC/s (1.185e-02 s/TS) || Energy: ~2.15e-13 (- 6.25dB)
[@    13m07s] Timestep:        65000 || Speed:   48.5 MC/s (1.184e-02 s/TS) || Energy: ~1.14e-12 (- 0.00dB)
[@    13m36s] Timestep:        67500 || Speed:   48.6 MC/s (1.183e-02 s/TS) || Energy: ~2.24e-12 (- 0.00dB)
[@    13m52s] Timestep:        68761 || Speed:   48.0 MC/s (1.198e-02 s/TS) || Energy: ~2.56e-12 (- 0.00dB)
[@    14m06s] Timestep:        70000 || Speed:   48.2 MC/s (1.193e-02 s/TS) || Energy: ~2.64e-12 (- 0.00dB)
[@    14m36s] Timestep:        72500 || Speed:   48.2 MC/s (1.192e-02 s/TS) || Energy: ~2.09e-12 (- 1.01dB)
[@    15m06s] Timestep:        75000 || Speed:   48.6 MC/s (1.183e-02 s/TS) || Energy: ~2.20e-12 (- 0.78dB)
[@    15m35s] Timestep:        77500 || Speed:   48.6 MC/s (1.183e-02 s/TS) || Energy: ~6.46e-12 (- 0.00dB)
[@    16m05s] Timestep:        80000 || Speed:   48.2 MC/s (1.193e-02 s/TS) || Energy: ~3.09e-11 (- 0.00dB)
[@    16m35s] Timestep:        82500 || Speed:   48.6 MC/s (1.183e-02 s/TS) || Energy: ~1.50e-10 (- 0.00dB)
[@    17m04s] Timestep:        85000 || Speed:   48.5 MC/s (1.186e-02 s/TS) || Energy: ~5.87e-10 (- 0.00dB)
[@    17m34s] Timestep:        87500 || Speed:   48.5 MC/s (1.185e-02 s/TS) || Energy: ~3.37e-09 (- 0.00dB)
[@    18m03s] Timestep:        90000 || Speed:   48.6 MC/s (1.182e-02 s/TS) || Energy: ~1.13e-08 (- 0.00dB)
[@    18m33s] Timestep:        92500 || Speed:   48.5 MC/s (1.186e-02 s/TS) || Energy: ~7.68e-08 (- 0.00dB)
[@    19m03s] Timestep:        95000 || Speed:   48.6 MC/s (1.182e-02 s/TS) || Energy: ~2.23e-07 (- 0.00dB)
[@    19m32s] Timestep:        97500 || Speed:   48.6 MC/s (1.184e-02 s/TS) || Energy: ~1.73e-06 (- 0.00dB)
[@    20m02s] Timestep:       100000 || Speed:   48.7 MC/s (1.181e-02 s/TS) || Energy: ~4.43e-06 (- 0.00dB)
[@    20m31s] Timestep:       102500 || Speed:   48.4 MC/s (1.187e-02 s/TS) || Energy: ~3.79e-05 (- 0.00dB)
[@    21m01s] Timestep:       105000 || Speed:   48.5 MC/s (1.186e-02 s/TS) || Energy: ~8.92e-05 (- 0.00dB)
[@    21m31s] Timestep:       107500 || Speed:   48.0 MC/s (1.198e-02 s/TS) || Energy: ~8.21e-04 (- 0.00dB)
[@    22m01s] Timestep:       110000 || Speed:   48.5 MC/s (1.185e-02 s/TS) || Energy: ~1.87e-03 (- 0.00dB)
[@    22m31s] Timestep:       112500 || Speed:   48.0 MC/s (1.199e-02 s/TS) || Energy: ~1.76e-02 (- 0.00dB)
[@    23m00s] Timestep:       115000 || Speed:   48.6 MC/s (1.183e-02 s/TS) || Energy: ~4.05e-02 (- 0.00dB)
[@    23m30s] Timestep:       117500 || Speed:   48.2 MC/s (1.192e-02 s/TS) || Energy: ~3.68e-01 (- 0.00dB)
[@    24m00s] Timestep:       120000 || Speed:   48.4 MC/s (1.187e-02 s/TS) || Energy: ~9.01e-01 (- 0.00dB)
[@    24m29s] Timestep:       122500 || Speed:   48.2 MC/s (1.192e-02 s/TS) || Energy: ~7.59e+00 (- 0.00dB)
[@    24m59s] Timestep:       125000 || Speed:   48.6 MC/s (1.183e-02 s/TS) || Energy: ~2.06e+01 (- 0.00dB)
[@    25m29s] Timestep:       127500 || Speed:   48.6 MC/s (1.183e-02 s/TS) || Energy: ~1.54e+02 (- 0.00dB)
[@    25m58s] Timestep:       130000 || Speed:   48.5 MC/s (1.185e-02 s/TS) || Energy: ~4.78e+02 (- 0.00dB)
[@    26m28s] Timestep:       132500 || Speed:   48.5 MC/s (1.186e-02 s/TS) || Energy: ~3.09e+03 (- 0.00dB)
[@    26m57s] Timestep:       135000 || Speed:   48.6 MC/s (1.182e-02 s/TS) || Energy: ~1.11e+04 (- 0.00dB)
[@    27m27s] Timestep:       137500 || Speed:   48.5 MC/s (1.185e-02 s/TS) || Energy: ~6.11e+04 (- 0.00dB)
[@    27m57s] Timestep:       140000 || Speed:   48.6 MC/s (1.183e-02 s/TS) || Energy: ~2.60e+05 (- 0.00dB)
[@    28m26s] Timestep:       142500 || Speed:   48.5 MC/s (1.186e-02 s/TS) || Energy: ~1.20e+06 (- 0.00dB)
[@    28m56s] Timestep:       145000 || Speed:   48.6 MC/s (1.182e-02 s/TS) || Energy: ~6.02e+06 (- 0.00dB)
[@    29m25s] Timestep:       147500 || Speed:   48.6 MC/s (1.183e-02 s/TS) || Energy: ~2.33e+07 (- 0.00dB)
[@    29m55s] Timestep:       150000 || Speed:   48.6 MC/s (1.182e-02 s/TS) || Energy: ~1.38e+08 (- 0.00dB)
[@    30m25s] Timestep:       152500 || Speed:   48.5 MC/s (1.185e-02 s/TS) || Energy: ~4.52e+08 (- 0.00dB)
[@    30m54s] Timestep:       155000 || Speed:   48.7 MC/s (1.182e-02 s/TS) || Energy: ~3.13e+09 (- 0.00dB)
[@    31m24s] Timestep:       157500 || Speed:   48.5 MC/s (1.185e-02 s/TS) || Energy: ~8.85e+09 (- 0.00dB)
[@    31m53s] Timestep:       160000 || Speed:   48.6 MC/s (1.183e-02 s/TS) || Energy: ~6.98e+10 (- 0.00dB)
[@    32m23s] Timestep:       162500 || Speed:   48.6 MC/s (1.184e-02 s/TS) || Energy: ~1.76e+11 (- 0.00dB)
[@    32m52s] Timestep:       165000 || Speed:   48.6 MC/s (1.182e-02 s/TS) || Energy: ~1.53e+12 (- 0.00dB)
[@    33m22s] Timestep:       167500 || Speed:   48.6 MC/s (1.182e-02 s/TS) || Energy: ~3.59e+12 (- 0.00dB)
[@    33m52s] Timestep:       170000 || Speed:   48.6 MC/s (1.184e-02 s/TS) || Energy: ~3.32e+13 (- 0.00dB)
[@    34m21s] Timestep:       172500 || Speed:   48.2 MC/s (1.192e-02 s/TS) || Energy: ~7.54e+13 (- 0.00dB)
[@    34m51s] Timestep:       175000 || Speed:   48.6 MC/s (1.182e-02 s/TS) || Energy: ~7.06e+14 (- 0.00dB)
[@    35m21s] Timestep:       177500 || Speed:   48.5 MC/s (1.186e-02 s/TS) || Energy: ~1.64e+15 (- 0.00dB)
[@    35m50s] Timestep:       180000 || Speed:   48.6 MC/s (1.183e-02 s/TS) || Energy: ~1.48e+16 (- 0.00dB)
[@    36m20s] Timestep:       182500 || Speed:   48.4 MC/s (1.189e-02 s/TS) || Energy: ~3.67e+16 (- 0.00dB)
[@    36m50s] Timestep:       185000 || Speed:   48.4 MC/s (1.187e-02 s/TS) || Energy: ~3.04e+17 (- 0.00dB)
[@    37m19s] Timestep:       187500 || Speed:   48.6 MC/s (1.183e-02 s/TS) || Energy: ~8.40e+17 (- 0.00dB)
[@    37m49s] Timestep:       190000 || Speed:   48.4 MC/s (1.187e-02 s/TS) || Energy: ~6.16e+18 (- 0.00dB)
[@    38m18s] Timestep:       192500 || Speed:   48.6 MC/s (1.182e-02 s/TS) || Energy: ~1.95e+19 (- 0.00dB)
[@    38m48s] Timestep:       195000 || Speed:   48.6 MC/s (1.183e-02 s/TS) || Energy: ~1.23e+20 (- 0.00dB)
[@    39m18s] Timestep:       197500 || Speed:   48.6 MC/s (1.183e-02 s/TS) || Energy: ~4.55e+20 (- 0.00dB)
[@    39m47s] Timestep:       200000 || Speed:   48.5 MC/s (1.185e-02 s/TS) || Energy: ~2.43e+21 (- 0.00dB)
[@    40m17s] Timestep:       202500 || Speed:   48.6 MC/s (1.183e-02 s/TS) || Energy: ~1.06e+22 (- 0.00dB)
[@    40m46s] Timestep:       205000 || Speed:   48.6 MC/s (1.183e-02 s/TS) || Energy: ~4.75e+22 (- 0.00dB)
[@    41m16s] Timestep:       207500 || Speed:   48.5 MC/s (1.184e-02 s/TS) || Energy: ~2.46e+23 (- 0.00dB)
[@    41m46s] Timestep:       210000 || Speed:   48.5 MC/s (1.185e-02 s/TS) || Energy: ~9.24e+23 (- 0.00dB)
[@    42m15s] Timestep:       212500 || Speed:   48.6 MC/s (1.184e-02 s/TS) || Energy: ~5.63e+24 (- 0.00dB)
[@    42m45s] Timestep:       215000 || Speed:   48.6 MC/s (1.182e-02 s/TS) || Energy: ~1.80e+25 (- 0.00dB)
[@    43m14s] Timestep:       217500 || Speed:   48.6 MC/s (1.182e-02 s/TS) || Energy: ~1.27e+26 (- 0.00dB)
[@    43m44s] Timestep:       220000 || Speed:   48.7 MC/s (1.181e-02 s/TS) || Energy: ~3.52e+26 (- 0.00dB)
[@    44m13s] Timestep:       222500 || Speed:   48.5 MC/s (1.185e-02 s/TS) || Energy: ~2.83e+27 (- 0.00dB)
[@    44m43s] Timestep:       225000 || Speed:   48.3 MC/s (1.190e-02 s/TS) || Energy: ~7.03e+27 (- 0.00dB)
[@    45m13s] Timestep:       227500 || Speed:   48.6 MC/s (1.182e-02 s/TS) || Energy: ~   inf (-  nandB)
Time for 227500 iterations with 574860.00 cells : 2713.17 sec
Speed: 48.20 MCells/s 
[rfsim] port 1 line: Z0 = 50.1-9.8j ohm, eps_eff = 106.50 (at 1.750 GHz)
[rfsim] NF2FF_p1 at 1.750 GHz...
[rfsim] RuntimeWarning: invalid value encountered in log10
[rfsim] RuntimeWarning: invalid value encountered in log10
[rfsim] RuntimeWarning: invalid value encountered in log10
[rfsim] far-field: Dmax nan dBi, radiated -250604671.1% of input power
[rfsim] WARNING: port 1 gives out more power than it takes in (max sum|S|^2 = 78.69). The S-parameters of this port are NOT reliable. On a CPW port or a stripline port the usual cause is a mesh that is too coarse across the line. Run again at the medium or the fine preset.
[rfsim] S11: -11.1 .. -11.1 dB
[rfsim] S21: 18.4 .. 19.0 dB
[rfsim] wrote C:\Users\chith\Desktop\ANUFS-Telemetry\RF Analysis\results\desktop\step1_long_coarse_pec\results.s2p
