[rfsim] WARNING: Copper on F.Cu/In1.Cu/In2.Cu/B.Cu extends beyond the simulation domain and is cut at the boundary. If it's part of the structure under test, increase the domain margin.
[rfsim] mesh resolution: 4.659 mm (coarse)
[rfsim] === excitation 1/1 (port 1) ===
[rfsim] UserWarning: h5py is running against HDF5 2.2.0 when it was built against 2.0.0, this may cause problems
[rfsim] port 1: lumped at (18.26, -36.00) 
[rfsim] port 2: lumped at (18.26, -26.50) 
[rfsim] mesh: 64 x 83 x 39 lines
[rfsim] engine: multithreaded, 8 thread(s)
openEMS - enabled multithreading
openEMS - fixed number of threads: 8
 ---------------------------------------------------------------------- 
 | openEMS 64bit -- version v0.37.0-rc2
 | (C) 2010-2026 Thorsten Liebig <thorsten.liebig@gmx.de>  GPL license
 ---------------------------------------------------------------------- 
	Used external libraries:
		CSXCAD -- Version: v0.7.0-rc2
		hdf5   -- Version: 2.2.0
		          compiled against: HDF5 library version: 2.2.0
		tinyxml -- compiled against: 2.6.2
		fparser
		boost  -- compiled against: 1_91
		vtk -- Version: 9.3.20231030
		       compiled against: 9.3.20231030

Create FDTD operator (compressed SSE + multi-threading)
FDTD simulation size: 64x83x39 --> 207168 FDTD cells 
FDTD timestep is: 4.60062e-14 s; Nyquist rate: 3622 timesteps @3.00058e+09 Hz
openEMS::SetupFDTD: Warning, the timestep seems to be very small --> long simulation. Check your mesh!?
Excitation signal length is: 49816 timesteps (2.29185e-09s)
Max. number of timesteps: 300000 ( --> 6.02216 * Excitation signal length)
Create FDTD engine (compressed SSE + multi-threading)
Warning: Unused primitive (type: Cylinder) detected in property: vias!
Warning: Unused primitive (type: Cylinder) detected in property: vias!
Running FDTD engine... this may take a while... grab a cup of coffee?!?
[@        4s] Timestep:          905 || Speed:   39.7 MC/s (5.216e-03 s/TS) || Energy: ~2.00e-19 (- 0.00dB)
[@        9s] Timestep:         1810 || Speed:   39.3 MC/s (5.265e-03 s/TS) || Energy: ~5.25e-19 (- 0.00dB)
[@       14s] Timestep:         2715 || Speed:   39.9 MC/s (5.190e-03 s/TS) || Energy: ~5.25e-19 (- 0.00dB)
[@       18s] Timestep:         3620 || Speed:   39.8 MC/s (5.211e-03 s/TS) || Energy: ~2.15e-19 (- 3.88dB)
[@       23s] Timestep:         4525 || Speed:   40.3 MC/s (5.143e-03 s/TS) || Energy: ~6.55e-18 (- 0.00dB)
[@       28s] Timestep:         5430 || Speed:   39.9 MC/s (5.188e-03 s/TS) || Energy: ~5.01e-17 (- 0.00dB)
[@       32s] Timestep:         6335 || Speed:   40.4 MC/s (5.133e-03 s/TS) || Energy: ~1.93e-16 (- 0.00dB)
[@       37s] Timestep:         7240 || Speed:   40.2 MC/s (5.147e-03 s/TS) || Energy: ~4.69e-16 (- 0.00dB)
[@       42s] Timestep:         8145 || Speed:   40.3 MC/s (5.139e-03 s/TS) || Energy: ~6.71e-16 (- 0.00dB)
[@       46s] Timestep:         9050 || Speed:   40.1 MC/s (5.163e-03 s/TS) || Energy: ~3.83e-16 (- 2.44dB)
[@       51s] Timestep:         9955 || Speed:   40.1 MC/s (5.163e-03 s/TS) || Energy: ~2.78e-16 (- 3.83dB)
[@       56s] Timestep:        10860 || Speed:   40.2 MC/s (5.156e-03 s/TS) || Energy: ~5.16e-15 (- 0.00dB)
[@     1m00s] Timestep:        11765 || Speed:   40.2 MC/s (5.150e-03 s/TS) || Energy: ~2.50e-14 (- 0.00dB)
[@     1m05s] Timestep:        12670 || Speed:   40.3 MC/s (5.139e-03 s/TS) || Energy: ~6.50e-14 (- 0.00dB)
[@     1m10s] Timestep:        13575 || Speed:   39.9 MC/s (5.193e-03 s/TS) || Energy: ~1.05e-13 (- 0.00dB)
[@     1m14s] Timestep:        14480 || Speed:   40.3 MC/s (5.143e-03 s/TS) || Energy: ~9.82e-14 (- 0.30dB)
[@     1m19s] Timestep:        15385 || Speed:   40.3 MC/s (5.139e-03 s/TS) || Energy: ~3.31e-14 (- 5.03dB)
[@     1m24s] Timestep:        16290 || Speed:   40.5 MC/s (5.121e-03 s/TS) || Energy: ~4.43e-14 (- 3.76dB)
[@     1m28s] Timestep:        17195 || Speed:   40.3 MC/s (5.137e-03 s/TS) || Energy: ~4.02e-13 (- 0.00dB)
[@     1m33s] Timestep:        18100 || Speed:   40.3 MC/s (5.145e-03 s/TS) || Energy: ~1.23e-12 (- 0.00dB)
[@     1m38s] Timestep:        19005 || Speed:   40.1 MC/s (5.166e-03 s/TS) || Energy: ~2.13e-12 (- 0.00dB)
[@     1m42s] Timestep:        19910 || Speed:   40.4 MC/s (5.124e-03 s/TS) || Energy: ~2.29e-12 (- 0.00dB)
[@     1m47s] Timestep:        20815 || Speed:   40.4 MC/s (5.128e-03 s/TS) || Energy: ~1.38e-12 (- 2.22dB)
[@     1m52s] Timestep:        21720 || Speed:   40.1 MC/s (5.161e-03 s/TS) || Energy: ~2.96e-13 (- 8.90dB)
[@     1m56s] Timestep:        22625 || Speed:   40.3 MC/s (5.140e-03 s/TS) || Energy: ~7.23e-13 (- 5.01dB)
[@     2m01s] Timestep:        23530 || Speed:   40.2 MC/s (5.156e-03 s/TS) || Energy: ~3.26e-12 (- 0.00dB)
[@     2m06s] Timestep:        24435 || Speed:   40.4 MC/s (5.123e-03 s/TS) || Energy: ~6.26e-12 (- 0.00dB)
[@     2m10s] Timestep:        25340 || Speed:   40.3 MC/s (5.145e-03 s/TS) || Energy: ~7.10e-12 (- 0.00dB)
[@     2m15s] Timestep:        26245 || Speed:   40.0 MC/s (5.180e-03 s/TS) || Energy: ~4.94e-12 (- 1.58dB)
[@     2m20s] Timestep:        27150 || Speed:   40.3 MC/s (5.141e-03 s/TS) || Energy: ~1.78e-12 (- 6.00dB)
[@     2m24s] Timestep:        28055 || Speed:   40.3 MC/s (5.136e-03 s/TS) || Energy: ~4.88e-13 (-11.63dB)
[@     2m29s] Timestep:        28960 || Speed:   40.0 MC/s (5.176e-03 s/TS) || Energy: ~1.75e-12 (- 6.07dB)
[@     2m34s] Timestep:        29865 || Speed:   40.5 MC/s (5.113e-03 s/TS) || Energy: ~3.66e-12 (- 2.88dB)
[@     2m38s] Timestep:        30770 || Speed:   40.0 MC/s (5.176e-03 s/TS) || Energy: ~3.99e-12 (- 2.51dB)
[@     2m43s] Timestep:        31675 || Speed:   40.5 MC/s (5.118e-03 s/TS) || Energy: ~2.54e-12 (- 4.46dB)
[@     2m47s] Timestep:        32580 || Speed:   40.4 MC/s (5.126e-03 s/TS) || Energy: ~8.93e-13 (- 9.01dB)
[@     2m52s] Timestep:        33485 || Speed:   40.3 MC/s (5.139e-03 s/TS) || Energy: ~3.42e-13 (-13.17dB)
[@     2m57s] Timestep:        34390 || Speed:   40.2 MC/s (5.147e-03 s/TS) || Energy: ~6.96e-13 (-10.09dB)
[@     3m01s] Timestep:        35295 || Speed:   40.2 MC/s (5.153e-03 s/TS) || Energy: ~9.73e-13 (- 8.63dB)
[@     3m06s] Timestep:        36200 || Speed:   40.5 MC/s (5.115e-03 s/TS) || Energy: ~7.15e-13 (- 9.97dB)
[@     3m11s] Timestep:        37105 || Speed:   40.2 MC/s (5.155e-03 s/TS) || Energy: ~2.68e-13 (-14.23dB)
[@     3m15s] Timestep:        38010 || Speed:   40.1 MC/s (5.169e-03 s/TS) || Energy: ~7.18e-14 (-19.95dB)
[@     3m20s] Timestep:        38915 || Speed:   40.1 MC/s (5.170e-03 s/TS) || Energy: ~1.27e-13 (-17.47dB)
[@     3m25s] Timestep:        39820 || Speed:   40.4 MC/s (5.122e-03 s/TS) || Energy: ~1.79e-13 (-15.97dB)
[@     3m29s] Timestep:        40725 || Speed:   40.1 MC/s (5.167e-03 s/TS) || Energy: ~1.21e-13 (-17.67dB)
[@     3m34s] Timestep:        41630 || Speed:   40.1 MC/s (5.167e-03 s/TS) || Energy: ~4.68e-14 (-21.81dB)
[@     3m39s] Timestep:        42535 || Speed:   40.1 MC/s (5.165e-03 s/TS) || Energy: ~3.84e-14 (-22.67dB)
[@     3m43s] Timestep:        43440 || Speed:   40.2 MC/s (5.159e-03 s/TS) || Energy: ~6.28e-14 (-20.54dB)
[@     3m48s] Timestep:        44345 || Speed:   40.2 MC/s (5.152e-03 s/TS) || Energy: ~5.93e-14 (-20.78dB)
[@     3m53s] Timestep:        45250 || Speed:   40.3 MC/s (5.136e-03 s/TS) || Energy: ~2.91e-14 (-23.88dB)
[@     3m57s] Timestep:        46155 || Speed:   40.5 MC/s (5.109e-03 s/TS) || Energy: ~9.27e-15 (-28.84dB)
[@     4m02s] Timestep:        47060 || Speed:   40.3 MC/s (5.145e-03 s/TS) || Energy: ~1.19e-14 (-27.76dB)
[@     4m07s] Timestep:        47965 || Speed:   40.2 MC/s (5.151e-03 s/TS) || Energy: ~1.87e-14 (-25.79dB)
[@     4m11s] Timestep:        48870 || Speed:   40.4 MC/s (5.134e-03 s/TS) || Energy: ~1.59e-14 (-26.51dB)
[@     4m16s] Timestep:        49775 || Speed:   40.1 MC/s (5.163e-03 s/TS) || Energy: ~8.40e-15 (-29.27dB)
[@     4m21s] Timestep:        50680 || Speed:   40.2 MC/s (5.150e-03 s/TS) || Energy: ~5.73e-15 (-30.94dB)
[@     4m25s] Timestep:        51585 || Speed:   40.3 MC/s (5.140e-03 s/TS) || Energy: ~7.86e-15 (-29.56dB)
[@     4m30s] Timestep:        52490 || Speed:   40.5 MC/s (5.119e-03 s/TS) || Energy: ~9.52e-15 (-28.73dB)
[@     4m35s] Timestep:        53395 || Speed:   40.1 MC/s (5.172e-03 s/TS) || Energy: ~8.22e-15 (-29.36dB)
[@     4m39s] Timestep:        54300 || Speed:   40.5 MC/s (5.109e-03 s/TS) || Energy: ~6.92e-15 (-30.11dB)
[@     4m44s] Timestep:        55205 || Speed:   40.1 MC/s (5.165e-03 s/TS) || Energy: ~6.28e-15 (-30.53dB)
[@     4m49s] Timestep:        56110 || Speed:   40.5 MC/s (5.121e-03 s/TS) || Energy: ~9.63e-15 (-28.68dB)
[@     4m53s] Timestep:        57015 || Speed:   40.4 MC/s (5.131e-03 s/TS) || Energy: ~1.24e-14 (-27.59dB)
[@     4m58s] Timestep:        57920 || Speed:   40.7 MC/s (5.086e-03 s/TS) || Energy: ~2.49e-14 (-24.56dB)
[@     5m02s] Timestep:        58825 || Speed:   40.3 MC/s (5.145e-03 s/TS) || Energy: ~4.61e-14 (-21.88dB)
[@     5m07s] Timestep:        59730 || Speed:   40.4 MC/s (5.123e-03 s/TS) || Energy: ~8.86e-14 (-19.04dB)
[@     5m12s] Timestep:        60635 || Speed:   40.2 MC/s (5.155e-03 s/TS) || Energy: ~2.13e-13 (-15.24dB)
[@     5m16s] Timestep:        61540 || Speed:   40.3 MC/s (5.141e-03 s/TS) || Energy: ~3.36e-13 (-13.25dB)
[@     5m21s] Timestep:        62445 || Speed:   39.8 MC/s (5.200e-03 s/TS) || Energy: ~9.54e-13 (- 8.72dB)
[@     5m26s] Timestep:        63350 || Speed:   40.2 MC/s (5.153e-03 s/TS) || Energy: ~1.34e-12 (- 7.23dB)
[@     5m30s] Timestep:        64255 || Speed:   40.3 MC/s (5.145e-03 s/TS) || Energy: ~4.08e-12 (- 2.41dB)
[@     5m35s] Timestep:        65160 || Speed:   40.0 MC/s (5.175e-03 s/TS) || Energy: ~5.81e-12 (- 0.88dB)
[@     5m40s] Timestep:        66065 || Speed:   40.3 MC/s (5.138e-03 s/TS) || Energy: ~1.65e-11 (- 0.00dB)
[@     5m44s] Timestep:        66970 || Speed:   40.3 MC/s (5.135e-03 s/TS) || Energy: ~2.68e-11 (- 0.00dB)
[@     5m49s] Timestep:        67875 || Speed:   40.6 MC/s (5.097e-03 s/TS) || Energy: ~6.41e-11 (- 0.00dB)
[@     5m54s] Timestep:        68780 || Speed:   40.3 MC/s (5.138e-03 s/TS) || Energy: ~1.27e-10 (- 0.00dB)
[@     5m58s] Timestep:        69685 || Speed:   40.2 MC/s (5.157e-03 s/TS) || Energy: ~2.42e-10 (- 0.00dB)
[@     6m03s] Timestep:        70590 || Speed:   40.0 MC/s (5.180e-03 s/TS) || Energy: ~5.92e-10 (- 0.00dB)
[@     6m08s] Timestep:        71495 || Speed:   39.8 MC/s (5.201e-03 s/TS) || Energy: ~9.26e-10 (- 0.00dB)
[@     6m12s] Timestep:        72400 || Speed:   40.4 MC/s (5.134e-03 s/TS) || Energy: ~2.66e-09 (- 0.00dB)
[@     6m17s] Timestep:        73305 || Speed:   39.6 MC/s (5.228e-03 s/TS) || Energy: ~3.73e-09 (- 0.00dB)
[@     6m22s] Timestep:        74210 || Speed:   40.4 MC/s (5.124e-03 s/TS) || Energy: ~1.13e-08 (- 0.00dB)
[@     6m26s] Timestep:        75115 || Speed:   40.4 MC/s (5.133e-03 s/TS) || Energy: ~1.62e-08 (- 0.00dB)
[@     6m31s] Timestep:        76020 || Speed:   40.5 MC/s (5.120e-03 s/TS) || Energy: ~4.58e-08 (- 0.00dB)
[@     6m36s] Timestep:        76925 || Speed:   40.2 MC/s (5.157e-03 s/TS) || Energy: ~7.51e-08 (- 0.00dB)
[@     6m40s] Timestep:        77830 || Speed:   40.1 MC/s (5.168e-03 s/TS) || Energy: ~1.77e-07 (- 0.00dB)
[@     6m45s] Timestep:        78735 || Speed:   40.1 MC/s (5.160e-03 s/TS) || Energy: ~3.56e-07 (- 0.00dB)
[@     6m50s] Timestep:        79640 || Speed:   40.3 MC/s (5.145e-03 s/TS) || Energy: ~6.69e-07 (- 0.00dB)
[@     6m54s] Timestep:        80545 || Speed:   40.3 MC/s (5.147e-03 s/TS) || Energy: ~1.66e-06 (- 0.00dB)
[@     6m59s] Timestep:        81450 || Speed:   40.5 MC/s (5.112e-03 s/TS) || Energy: ~2.56e-06 (- 0.00dB)
[@     7m04s] Timestep:        82355 || Speed:   40.2 MC/s (5.148e-03 s/TS) || Energy: ~7.41e-06 (- 0.00dB)
[@     7m08s] Timestep:        83260 || Speed:   40.2 MC/s (5.154e-03 s/TS) || Energy: ~1.04e-05 (- 0.00dB)
[@     7m13s] Timestep:        84165 || Speed:   39.6 MC/s (5.234e-03 s/TS) || Energy: ~3.15e-05 (- 0.00dB)
[@     7m18s] Timestep:        85070 || Speed:   40.4 MC/s (5.128e-03 s/TS) || Energy: ~4.54e-05 (- 0.00dB)
[@     7m22s] Timestep:        85975 || Speed:   40.4 MC/s (5.126e-03 s/TS) || Energy: ~1.27e-04 (- 0.00dB)
[@     7m27s] Timestep:        86880 || Speed:   40.3 MC/s (5.143e-03 s/TS) || Energy: ~2.11e-04 (- 0.00dB)
[@     7m32s] Timestep:        87785 || Speed:   40.5 MC/s (5.114e-03 s/TS) || Energy: ~4.88e-04 (- 0.00dB)
[@     7m36s] Timestep:        88690 || Speed:   40.1 MC/s (5.164e-03 s/TS) || Energy: ~9.97e-04 (- 0.00dB)
[@     7m41s] Timestep:        89595 || Speed:   40.2 MC/s (5.149e-03 s/TS) || Energy: ~1.85e-03 (- 0.00dB)
[@     7m46s] Timestep:        90500 || Speed:   40.4 MC/s (5.134e-03 s/TS) || Energy: ~4.64e-03 (- 0.00dB)
[@     7m50s] Timestep:        91405 || Speed:   40.4 MC/s (5.131e-03 s/TS) || Energy: ~7.09e-03 (- 0.00dB)
[@     7m55s] Timestep:        92310 || Speed:   40.1 MC/s (5.163e-03 s/TS) || Energy: ~2.07e-02 (- 0.00dB)
[@     8m00s] Timestep:        93215 || Speed:   40.5 MC/s (5.121e-03 s/TS) || Energy: ~2.88e-02 (- 0.00dB)
[@     8m04s] Timestep:        94120 || Speed:   40.2 MC/s (5.150e-03 s/TS) || Energy: ~8.74e-02 (- 0.00dB)
[@     8m09s] Timestep:        95025 || Speed:   40.4 MC/s (5.128e-03 s/TS) || Energy: ~1.27e-01 (- 0.00dB)
[@     8m13s] Timestep:        95930 || Speed:   40.4 MC/s (5.127e-03 s/TS) || Energy: ~3.50e-01 (- 0.00dB)
[@     8m18s] Timestep:        96835 || Speed:   40.2 MC/s (5.148e-03 s/TS) || Energy: ~5.91e-01 (- 0.00dB)
[@     8m23s] Timestep:        97740 || Speed:   40.4 MC/s (5.125e-03 s/TS) || Energy: ~1.35e+00 (- 0.00dB)
[@     8m27s] Timestep:        98645 || Speed:   40.5 MC/s (5.121e-03 s/TS) || Energy: ~2.80e+00 (- 0.00dB)
[@     8m32s] Timestep:        99550 || Speed:   40.5 MC/s (5.117e-03 s/TS) || Energy: ~5.09e+00 (- 0.00dB)
[@     8m37s] Timestep:       100455 || Speed:   40.1 MC/s (5.170e-03 s/TS) || Energy: ~1.30e+01 (- 0.00dB)
[@     8m41s] Timestep:       101360 || Speed:   40.0 MC/s (5.179e-03 s/TS) || Energy: ~1.96e+01 (- 0.00dB)
[@     8m46s] Timestep:       102265 || Speed:   40.2 MC/s (5.153e-03 s/TS) || Energy: ~5.76e+01 (- 0.00dB)
[@     8m51s] Timestep:       103170 || Speed:   40.2 MC/s (5.158e-03 s/TS) || Energy: ~8.03e+01 (- 0.00dB)
[@     8m55s] Timestep:       104075 || Speed:   40.3 MC/s (5.138e-03 s/TS) || Energy: ~2.43e+02 (- 0.00dB)
[@     9m00s] Timestep:       104980 || Speed:   40.4 MC/s (5.129e-03 s/TS) || Energy: ~3.55e+02 (- 0.00dB)
[@     9m05s] Timestep:       105885 || Speed:   40.3 MC/s (5.138e-03 s/TS) || Energy: ~9.70e+02 (- 0.00dB)
[@     9m09s] Timestep:       106790 || Speed:   39.8 MC/s (5.211e-03 s/TS) || Energy: ~1.66e+03 (- 0.00dB)
[@     9m14s] Timestep:       107695 || Speed:   39.8 MC/s (5.209e-03 s/TS) || Energy: ~3.72e+03 (- 0.00dB)
[@     9m19s] Timestep:       108600 || Speed:   40.1 MC/s (5.166e-03 s/TS) || Energy: ~7.84e+03 (- 0.00dB)
[@     9m23s] Timestep:       109505 || Speed:   40.4 MC/s (5.132e-03 s/TS) || Energy: ~1.41e+04 (- 0.00dB)
[@     9m28s] Timestep:       110410 || Speed:   40.2 MC/s (5.153e-03 s/TS) || Energy: ~3.63e+04 (- 0.00dB)
[@     9m33s] Timestep:       111315 || Speed:   40.2 MC/s (5.153e-03 s/TS) || Energy: ~5.43e+04 (- 0.00dB)
[@     9m37s] Timestep:       112220 || Speed:   40.2 MC/s (5.160e-03 s/TS) || Energy: ~1.60e+05 (- 0.00dB)
[@     9m42s] Timestep:       113125 || Speed:   40.5 MC/s (5.120e-03 s/TS) || Energy: ~2.23e+05 (- 0.00dB)
[@     9m47s] Timestep:       114030 || Speed:   40.1 MC/s (5.162e-03 s/TS) || Energy: ~6.73e+05 (- 0.00dB)
[@     9m51s] Timestep:       114935 || Speed:   40.2 MC/s (5.156e-03 s/TS) || Energy: ~9.93e+05 (- 0.00dB)
[@     9m56s] Timestep:       115840 || Speed:   40.1 MC/s (5.165e-03 s/TS) || Energy: ~2.68e+06 (- 0.00dB)
[@    10m01s] Timestep:       116745 || Speed:   40.4 MC/s (5.123e-03 s/TS) || Energy: ~4.65e+06 (- 0.00dB)
[@    10m05s] Timestep:       117650 || Speed:   40.2 MC/s (5.148e-03 s/TS) || Energy: ~1.03e+07 (- 0.00dB)
[@    10m10s] Timestep:       118555 || Speed:   40.1 MC/s (5.172e-03 s/TS) || Energy: ~2.20e+07 (- 0.00dB)
[@    10m15s] Timestep:       119460 || Speed:   40.2 MC/s (5.154e-03 s/TS) || Energy: ~3.88e+07 (- 0.00dB)
[@    10m19s] Timestep:       120365 || Speed:   39.9 MC/s (5.198e-03 s/TS) || Energy: ~1.01e+08 (- 0.00dB)
[@    10m24s] Timestep:       121270 || Speed:   39.9 MC/s (5.188e-03 s/TS) || Energy: ~1.50e+08 (- 0.00dB)
[@    10m29s] Timestep:       122175 || Speed:   40.3 MC/s (5.143e-03 s/TS) || Energy: ~4.47e+08 (- 0.00dB)
[@    10m33s] Timestep:       123080 || Speed:   39.9 MC/s (5.191e-03 s/TS) || Energy: ~6.22e+08 (- 0.00dB)
[@    10m38s] Timestep:       123985 || Speed:   39.8 MC/s (5.209e-03 s/TS) || Energy: ~1.87e+09 (- 0.00dB)
[@    10m43s] Timestep:       124890 || Speed:   40.5 MC/s (5.117e-03 s/TS) || Energy: ~2.78e+09 (- 0.00dB)
[@    10m47s] Timestep:       125795 || Speed:   40.1 MC/s (5.168e-03 s/TS) || Energy: ~7.42e+09 (- 0.00dB)
[@    10m52s] Timestep:       126700 || Speed:   40.5 MC/s (5.117e-03 s/TS) || Energy: ~1.30e+10 (- 0.00dB)
[@    10m57s] Timestep:       127605 || Speed:   40.2 MC/s (5.150e-03 s/TS) || Energy: ~2.83e+10 (- 0.00dB)
[@    11m01s] Timestep:       128510 || Speed:   40.5 MC/s (5.117e-03 s/TS) || Energy: ~6.16e+10 (- 0.00dB)
[@    11m06s] Timestep:       129415 || Speed:   40.3 MC/s (5.144e-03 s/TS) || Energy: ~1.07e+11 (- 0.00dB)
[@    11m11s] Timestep:       130320 || Speed:   40.3 MC/s (5.145e-03 s/TS) || Energy: ~2.83e+11 (- 0.00dB)
[@    11m15s] Timestep:       131225 || Speed:   40.4 MC/s (5.124e-03 s/TS) || Energy: ~4.17e+11 (- 0.00dB)
[@    11m20s] Timestep:       132130 || Speed:   40.1 MC/s (5.163e-03 s/TS) || Energy: ~1.24e+12 (- 0.00dB)
[@    11m25s] Timestep:       133035 || Speed:   40.3 MC/s (5.141e-03 s/TS) || Energy: ~1.73e+12 (- 0.00dB)
[@    11m29s] Timestep:       133940 || Speed:   40.4 MC/s (5.127e-03 s/TS) || Energy: ~5.18e+12 (- 0.00dB)
[@    11m34s] Timestep:       134845 || Speed:   40.4 MC/s (5.134e-03 s/TS) || Energy: ~7.78e+12 (- 0.00dB)
[@    11m39s] Timestep:       135750 || Speed:   40.1 MC/s (5.163e-03 s/TS) || Energy: ~2.05e+13 (- 0.00dB)
[@    11m43s] Timestep:       136655 || Speed:   40.5 MC/s (5.110e-03 s/TS) || Energy: ~3.66e+13 (- 0.00dB)
[@    11m48s] Timestep:       137560 || Speed:   40.2 MC/s (5.150e-03 s/TS) || Energy: ~7.82e+13 (- 0.00dB)
[@    11m53s] Timestep:       138465 || Speed:   40.5 MC/s (5.115e-03 s/TS) || Energy: ~1.73e+14 (- 0.00dB)
[@    11m57s] Timestep:       139370 || Speed:   40.4 MC/s (5.123e-03 s/TS) || Energy: ~2.96e+14 (- 0.00dB)
[@    12m02s] Timestep:       140275 || Speed:   40.2 MC/s (5.151e-03 s/TS) || Energy: ~7.92e+14 (- 0.00dB)
[@    12m07s] Timestep:       141180 || Speed:   40.0 MC/s (5.175e-03 s/TS) || Energy: ~1.16e+15 (- 0.00dB)
[@    12m11s] Timestep:       142085 || Speed:   40.3 MC/s (5.143e-03 s/TS) || Energy: ~3.46e+15 (- 0.00dB)
[@    12m16s] Timestep:       142990 || Speed:   40.4 MC/s (5.131e-03 s/TS) || Energy: ~4.83e+15 (- 0.00dB)
[@    12m20s] Timestep:       143895 || Speed:   40.6 MC/s (5.106e-03 s/TS) || Energy: ~1.44e+16 (- 0.00dB)
[@    12m25s] Timestep:       144800 || Speed:   40.0 MC/s (5.174e-03 s/TS) || Energy: ~2.18e+16 (- 0.00dB)
[@    12m30s] Timestep:       145705 || Speed:   40.1 MC/s (5.162e-03 s/TS) || Energy: ~5.67e+16 (- 0.00dB)
[@    12m34s] Timestep:       146610 || Speed:   40.1 MC/s (5.162e-03 s/TS) || Energy: ~1.03e+17 (- 0.00dB)
[@    12m39s] Timestep:       147515 || Speed:   40.4 MC/s (5.128e-03 s/TS) || Energy: ~2.16e+17 (- 0.00dB)
[@    12m44s] Timestep:       148420 || Speed:   40.7 MC/s (5.095e-03 s/TS) || Energy: ~4.84e+17 (- 0.00dB)
[@    12m48s] Timestep:       149325 || Speed:   40.4 MC/s (5.128e-03 s/TS) || Energy: ~8.17e+17 (- 0.00dB)
[@    12m53s] Timestep:       150230 || Speed:   40.5 MC/s (5.112e-03 s/TS) || Energy: ~2.21e+18 (- 0.00dB)
[@    12m58s] Timestep:       151135 || Speed:   40.0 MC/s (5.176e-03 s/TS) || Energy: ~3.20e+18 (- 0.00dB)
[@    13m02s] Timestep:       152040 || Speed:   40.3 MC/s (5.139e-03 s/TS) || Energy: ~9.64e+18 (- 0.00dB)
[@    13m07s] Timestep:       152945 || Speed:   40.1 MC/s (5.169e-03 s/TS) || Energy: ~1.35e+19 (- 0.00dB)
[@    13m12s] Timestep:       153850 || Speed:   40.4 MC/s (5.127e-03 s/TS) || Energy: ~3.98e+19 (- 0.00dB)
[@    13m16s] Timestep:       154755 || Speed:   40.5 MC/s (5.119e-03 s/TS) || Energy: ~6.10e+19 (- 0.00dB)
[@    13m21s] Timestep:       155660 || Speed:   40.2 MC/s (5.152e-03 s/TS) || Energy: ~1.57e+20 (- 0.00dB)
[@    13m26s] Timestep:       156565 || Speed:   40.6 MC/s (5.107e-03 s/TS) || Energy: ~2.88e+20 (- 0.00dB)
[@    13m30s] Timestep:       157470 || Speed:   39.8 MC/s (5.202e-03 s/TS) || Energy: ~5.96e+20 (- 0.00dB)
[@    13m35s] Timestep:       158375 || Speed:   40.2 MC/s (5.149e-03 s/TS) || Energy: ~1.35e+21 (- 0.00dB)
[@    13m40s] Timestep:       159280 || Speed:   40.3 MC/s (5.144e-03 s/TS) || Energy: ~2.26e+21 (- 0.00dB)
[@    13m44s] Timestep:       160185 || Speed:   40.3 MC/s (5.136e-03 s/TS) || Energy: ~6.18e+21 (- 0.00dB)
[@    13m49s] Timestep:       161090 || Speed:   40.6 MC/s (5.102e-03 s/TS) || Energy: ~8.89e+21 (- 0.00dB)
[@    13m53s] Timestep:       161995 || Speed:   40.4 MC/s (5.124e-03 s/TS) || Energy: ~2.68e+22 (- 0.00dB)
[@    13m58s] Timestep:       162900 || Speed:   40.4 MC/s (5.122e-03 s/TS) || Energy: ~3.76e+22 (- 0.00dB)
[@    14m03s] Timestep:       163805 || Speed:   40.3 MC/s (5.145e-03 s/TS) || Energy: ~1.10e+23 (- 0.00dB)
[@    14m07s] Timestep:       164710 || Speed:   40.4 MC/s (5.129e-03 s/TS) || Energy: ~1.71e+23 (- 0.00dB)
[@    14m12s] Timestep:       165615 || Speed:   39.7 MC/s (5.224e-03 s/TS) || Energy: ~4.33e+23 (- 0.00dB)
[@    14m17s] Timestep:       166520 || Speed:   40.3 MC/s (5.146e-03 s/TS) || Energy: ~8.07e+23 (- 0.00dB)
[@    14m21s] Timestep:       167425 || Speed:   40.4 MC/s (5.131e-03 s/TS) || Energy: ~1.64e+24 (- 0.00dB)
[@    14m26s] Timestep:       168330 || Speed:   40.0 MC/s (5.175e-03 s/TS) || Energy: ~3.79e+24 (- 0.00dB)
[@    14m31s] Timestep:       169235 || Speed:   40.3 MC/s (5.135e-03 s/TS) || Energy: ~6.24e+24 (- 0.00dB)
[@    14m35s] Timestep:       170140 || Speed:   40.1 MC/s (5.166e-03 s/TS) || Energy: ~1.73e+25 (- 0.00dB)
[@    14m40s] Timestep:       171045 || Speed:   40.3 MC/s (5.136e-03 s/TS) || Energy: ~2.47e+25 (- 0.00dB)
[@    14m45s] Timestep:       171950 || Speed:   40.6 MC/s (5.107e-03 s/TS) || Energy: ~7.46e+25 (- 0.00dB)
[@    14m49s] Timestep:       172855 || Speed:   40.4 MC/s (5.134e-03 s/TS) || Energy: ~1.05e+26 (- 0.00dB)
[@    14m54s] Timestep:       173760 || Speed:   40.5 MC/s (5.121e-03 s/TS) || Energy: ~3.06e+26 (- 0.00dB)
[@    14m59s] Timestep:       174665 || Speed:   40.0 MC/s (5.180e-03 s/TS) || Energy: ~4.79e+26 (- 0.00dB)
[@    15m03s] Timestep:       175570 || Speed:   39.8 MC/s (5.203e-03 s/TS) || Energy: ~1.20e+27 (- 0.00dB)
[@    15m08s] Timestep:       176475 || Speed:   40.2 MC/s (5.154e-03 s/TS) || Energy: ~2.26e+27 (- 0.00dB)
[@    15m13s] Timestep:       177380 || Speed:   39.9 MC/s (5.193e-03 s/TS) || Energy: ~4.54e+27 (- 0.00dB)
[@    15m17s] Timestep:       178285 || Speed:   40.4 MC/s (5.129e-03 s/TS) || Energy: ~   inf (-  nandB)
Time for 178285 iterations with 207168.00 cells : 917.92 sec
Speed: 40.24 MCells/s 
[rfsim] NF2FF_p1 at 1.750 GHz...
[rfsim] RuntimeWarning: invalid value encountered in log10
[rfsim] RuntimeWarning: invalid value encountered in log10
[rfsim] RuntimeWarning: invalid value encountered in log10
[rfsim] far-field: Dmax nan dBi, radiated -1.0% of input power
[rfsim] WARNING: port 1 gives out more power than it takes in (max sum|S|^2 = 43950.64). The S-parameters of this port are NOT reliable. On a CPW port or a stripline port the usual cause is a mesh that is too coarse across the line. Run again at the medium or the fine preset.
[rfsim] S11: 1.8 .. 2.1 dB
[rfsim] S21: 46.0 .. 46.4 dB
[rfsim] wrote C:\Users\chith\Desktop\telemetry\RF Analysis\results\laptop\step1_long_coarse_lumped\results.s2p
