[rfsim] WARNING: Copper on F.Cu/In1.Cu/In2.Cu/B.Cu extends beyond the simulation domain and is cut at the boundary. If it's part of the structure under test, increase the domain margin.
[rfsim] mesh resolution: 4.659 mm (coarse)
[rfsim] === excitation 1/2 (port 1) ===
[rfsim] UserWarning: h5py is running against HDF5 2.2.0 when it was built against 2.0.0, this may cause problems
[rfsim] port 1: msl at (18.26, -36.00) dir y
[rfsim] port 2: msl at (18.26, -26.50) dir y
[rfsim] mesh: 134 x 110 x 39 lines
[rfsim] engine: multithreaded, 8 thread(s)
openEMS - enabled multithreading
openEMS - fixed number of threads: 8
 ---------------------------------------------------------------------- 
 | openEMS 64bit -- version v0.37.0-rc2
 | (C) 2010-2026 Thorsten Liebig <thorsten.liebig@gmx.de>  GPL license
 ---------------------------------------------------------------------- 
	Used external libraries:
		CSXCAD -- Version: v0.7.0-rc2
		hdf5   -- Version: 2.2.0
		          compiled against: HDF5 library version: 2.2.0
		tinyxml -- compiled against: 2.6.2
		fparser
		boost  -- compiled against: 1_91
		vtk -- Version: 9.3.20231030
		       compiled against: 9.3.20231030

Create FDTD operator (compressed SSE + multi-threading)
FDTD simulation size: 134x110x39 --> 574860 FDTD cells 
FDTD timestep is: 1.66649e-14 s; Nyquist rate: 10001 timesteps @3.00001e+09 Hz
openEMS::SetupFDTD: Warning, the timestep seems to be very small --> long simulation. Check your mesh!?
Excitation signal length is: 137525 timesteps (2.29184e-09s)
Max. number of timesteps: 300000 ( --> 2.18142 * Excitation signal length)
openEMS::SetupFDTD: Warning, max. number of timesteps is smaller than three times the excitation. 
	You may want to choose a higher number of max. timesteps... 
Create FDTD engine (compressed SSE + multi-threading)
Warning: Unused primitive (type: Cylinder) detected in property: vias!
Warning: Unused primitive (type: Cylinder) detected in property: vias!
Running FDTD engine... this may take a while... grab a cup of coffee?!?
[@       42s] Timestep:         2500 || Speed:   34.1 MC/s (1.685e-02 s/TS) || Energy: ~9.24e-20 (- 0.00dB)
[@     1m22s] Timestep:         5000 || Speed:   35.9 MC/s (1.600e-02 s/TS) || Energy: ~1.87e-19 (- 0.00dB)
[@     2m02s] Timestep:         7500 || Speed:   35.7 MC/s (1.610e-02 s/TS) || Energy: ~1.44e-19 (- 1.15dB)
[@     2m42s] Timestep:        10000 || Speed:   35.7 MC/s (1.608e-02 s/TS) || Energy: ~1.02e-19 (- 2.62dB)
[@     3m24s] Timestep:        12500 || Speed:   34.2 MC/s (1.680e-02 s/TS) || Energy: ~3.43e-18 (- 0.00dB)
[@     4m05s] Timestep:        15000 || Speed:   35.3 MC/s (1.629e-02 s/TS) || Energy: ~2.42e-17 (- 0.00dB)
[@     4m44s] Timestep:        17500 || Speed:   36.3 MC/s (1.583e-02 s/TS) || Energy: ~8.89e-17 (- 0.00dB)
[@     5m24s] Timestep:        20000 || Speed:   36.6 MC/s (1.570e-02 s/TS) || Energy: ~2.03e-16 (- 0.00dB)
[@     6m03s] Timestep:        22500 || Speed:   36.4 MC/s (1.579e-02 s/TS) || Energy: ~2.69e-16 (- 0.00dB)
[@     6m42s] Timestep:        25000 || Speed:   36.6 MC/s (1.573e-02 s/TS) || Energy: ~1.22e-16 (- 3.43dB)
[@     7m21s] Timestep:        27500 || Speed:   36.9 MC/s (1.558e-02 s/TS) || Energy: ~1.36e-16 (- 2.95dB)
[@     8m00s] Timestep:        30000 || Speed:   36.8 MC/s (1.560e-02 s/TS) || Energy: ~2.48e-15 (- 0.00dB)
[@     8m39s] Timestep:        32500 || Speed:   36.8 MC/s (1.562e-02 s/TS) || Energy: ~1.13e-14 (- 0.00dB)
[@     9m19s] Timestep:        35000 || Speed:   36.7 MC/s (1.566e-02 s/TS) || Energy: ~2.81e-14 (- 0.00dB)
[@     9m58s] Timestep:        37500 || Speed:   36.4 MC/s (1.580e-02 s/TS) || Energy: ~4.36e-14 (- 0.00dB)
[@    10m41s] Timestep:        40000 || Speed:   33.9 MC/s (1.696e-02 s/TS) || Energy: ~3.81e-14 (- 0.59dB)
[@    11m20s] Timestep:        42500 || Speed:   36.3 MC/s (1.584e-02 s/TS) || Energy: ~9.91e-15 (- 6.43dB)
[@    11m59s] Timestep:        45000 || Speed:   37.0 MC/s (1.554e-02 s/TS) || Energy: ~1.79e-14 (- 3.86dB)
[@    12m38s] Timestep:        47500 || Speed:   36.9 MC/s (1.556e-02 s/TS) || Energy: ~1.71e-13 (- 0.00dB)
[@    13m16s] Timestep:        50000 || Speed:   37.2 MC/s (1.545e-02 s/TS) || Energy: ~5.09e-13 (- 0.00dB)
[@    13m56s] Timestep:        52500 || Speed:   36.8 MC/s (1.563e-02 s/TS) || Energy: ~8.61e-13 (- 0.00dB)
[@    14m35s] Timestep:        55000 || Speed:   36.1 MC/s (1.593e-02 s/TS) || Energy: ~9.06e-13 (- 0.00dB)
[@    15m14s] Timestep:        57500 || Speed:   37.0 MC/s (1.555e-02 s/TS) || Energy: ~5.21e-13 (- 2.40dB)
[@    15m54s] Timestep:        60000 || Speed:   36.3 MC/s (1.583e-02 s/TS) || Energy: ~7.83e-14 (-10.63dB)
[@    16m34s] Timestep:        62500 || Speed:   35.8 MC/s (1.605e-02 s/TS) || Energy: ~2.14e-13 (- 6.26dB)
[@    17m15s] Timestep:        65000 || Speed:   35.0 MC/s (1.642e-02 s/TS) || Energy: ~1.14e-12 (- 0.00dB)
[@    17m54s] Timestep:        67500 || Speed:   36.8 MC/s (1.562e-02 s/TS) || Energy: ~2.25e-12 (- 0.00dB)
[@    18m14s] Timestep:        68761 || Speed:   37.0 MC/s (1.556e-02 s/TS) || Energy: ~2.56e-12 (- 0.00dB)
[@    18m33s] Timestep:        70000 || Speed:   36.5 MC/s (1.573e-02 s/TS) || Energy: ~2.64e-12 (- 0.00dB)
[@    19m12s] Timestep:        72500 || Speed:   36.7 MC/s (1.565e-02 s/TS) || Energy: ~2.09e-12 (- 1.01dB)
[@    19m51s] Timestep:        75000 || Speed:   37.0 MC/s (1.553e-02 s/TS) || Energy: ~2.19e-12 (- 0.81dB)
[@    20m31s] Timestep:        77500 || Speed:   36.0 MC/s (1.599e-02 s/TS) || Energy: ~6.40e-12 (- 0.00dB)
[@    21m10s] Timestep:        80000 || Speed:   36.8 MC/s (1.562e-02 s/TS) || Energy: ~3.06e-11 (- 0.00dB)
[@    21m49s] Timestep:        82500 || Speed:   36.9 MC/s (1.558e-02 s/TS) || Energy: ~1.49e-10 (- 0.00dB)
[@    22m28s] Timestep:        85000 || Speed:   36.8 MC/s (1.563e-02 s/TS) || Energy: ~5.82e-10 (- 0.00dB)
[@    23m07s] Timestep:        87500 || Speed:   36.8 MC/s (1.562e-02 s/TS) || Energy: ~3.34e-09 (- 0.00dB)
[@    23m46s] Timestep:        90000 || Speed:   36.8 MC/s (1.564e-02 s/TS) || Energy: ~1.12e-08 (- 0.00dB)
[@    24m26s] Timestep:        92500 || Speed:   36.5 MC/s (1.576e-02 s/TS) || Energy: ~7.61e-08 (- 0.00dB)
[@    25m05s] Timestep:        95000 || Speed:   36.7 MC/s (1.567e-02 s/TS) || Energy: ~2.21e-07 (- 0.00dB)
[@    25m44s] Timestep:        97500 || Speed:   37.0 MC/s (1.553e-02 s/TS) || Energy: ~1.72e-06 (- 0.00dB)
[@    26m23s] Timestep:       100000 || Speed:   36.9 MC/s (1.560e-02 s/TS) || Energy: ~4.39e-06 (- 0.00dB)
[@    27m02s] Timestep:       102500 || Speed:   36.7 MC/s (1.564e-02 s/TS) || Energy: ~3.76e-05 (- 0.00dB)
[@    27m41s] Timestep:       105000 || Speed:   36.7 MC/s (1.565e-02 s/TS) || Energy: ~8.84e-05 (- 0.00dB)
[@    28m20s] Timestep:       107500 || Speed:   37.0 MC/s (1.555e-02 s/TS) || Energy: ~8.14e-04 (- 0.00dB)
[@    28m59s] Timestep:       110000 || Speed:   36.8 MC/s (1.563e-02 s/TS) || Energy: ~1.85e-03 (- 0.00dB)
[@    29m38s] Timestep:       112500 || Speed:   37.0 MC/s (1.554e-02 s/TS) || Energy: ~1.74e-02 (- 0.00dB)
[@    30m17s] Timestep:       115000 || Speed:   36.9 MC/s (1.560e-02 s/TS) || Energy: ~4.02e-02 (- 0.00dB)
[@    30m56s] Timestep:       117500 || Speed:   36.7 MC/s (1.565e-02 s/TS) || Energy: ~3.65e-01 (- 0.00dB)
[@    31m35s] Timestep:       120000 || Speed:   37.0 MC/s (1.553e-02 s/TS) || Energy: ~8.93e-01 (- 0.00dB)
[@    32m14s] Timestep:       122500 || Speed:   36.8 MC/s (1.562e-02 s/TS) || Energy: ~7.52e+00 (- 0.00dB)
[@    32m53s] Timestep:       125000 || Speed:   36.8 MC/s (1.563e-02 s/TS) || Energy: ~2.04e+01 (- 0.00dB)
[@    33m32s] Timestep:       127500 || Speed:   36.8 MC/s (1.563e-02 s/TS) || Energy: ~1.53e+02 (- 0.00dB)
[@    34m11s] Timestep:       130000 || Speed:   36.6 MC/s (1.572e-02 s/TS) || Energy: ~4.73e+02 (- 0.00dB)
[@    34m50s] Timestep:       132500 || Speed:   36.7 MC/s (1.568e-02 s/TS) || Energy: ~3.06e+03 (- 0.00dB)
[@    35m29s] Timestep:       135000 || Speed:   36.8 MC/s (1.564e-02 s/TS) || Energy: ~1.10e+04 (- 0.00dB)
[@    36m08s] Timestep:       137500 || Speed:   37.0 MC/s (1.552e-02 s/TS) || Energy: ~6.05e+04 (- 0.00dB)
[@    36m47s] Timestep:       140000 || Speed:   36.9 MC/s (1.559e-02 s/TS) || Energy: ~2.58e+05 (- 0.00dB)
[@    37m26s] Timestep:       142500 || Speed:   37.0 MC/s (1.555e-02 s/TS) || Energy: ~1.18e+06 (- 0.00dB)
[@    38m06s] Timestep:       145000 || Speed:   36.5 MC/s (1.575e-02 s/TS) || Energy: ~5.97e+06 (- 0.00dB)
[@    38m45s] Timestep:       147500 || Speed:   36.5 MC/s (1.574e-02 s/TS) || Energy: ~2.30e+07 (- 0.00dB)
[@    39m25s] Timestep:       150000 || Speed:   36.1 MC/s (1.592e-02 s/TS) || Energy: ~1.37e+08 (- 0.00dB)
[@    40m07s] Timestep:       152500 || Speed:   34.3 MC/s (1.674e-02 s/TS) || Energy: ~4.48e+08 (- 0.00dB)
[@    40m46s] Timestep:       155000 || Speed:   36.5 MC/s (1.577e-02 s/TS) || Energy: ~3.10e+09 (- 0.00dB)
[@    41m26s] Timestep:       157500 || Speed:   36.2 MC/s (1.588e-02 s/TS) || Energy: ~8.77e+09 (- 0.00dB)
[@    42m05s] Timestep:       160000 || Speed:   36.3 MC/s (1.585e-02 s/TS) || Energy: ~6.92e+10 (- 0.00dB)
[@    42m45s] Timestep:       162500 || Speed:   36.4 MC/s (1.580e-02 s/TS) || Energy: ~1.74e+11 (- 0.00dB)
[@    43m24s] Timestep:       165000 || Speed:   36.2 MC/s (1.586e-02 s/TS) || Energy: ~1.52e+12 (- 0.00dB)
[@    44m05s] Timestep:       167500 || Speed:   35.8 MC/s (1.606e-02 s/TS) || Energy: ~3.56e+12 (- 0.00dB)
[@    44m44s] Timestep:       170000 || Speed:   36.0 MC/s (1.597e-02 s/TS) || Energy: ~3.29e+13 (- 0.00dB)
[@    45m24s] Timestep:       172500 || Speed:   36.1 MC/s (1.594e-02 s/TS) || Energy: ~7.47e+13 (- 0.00dB)
[@    46m04s] Timestep:       175000 || Speed:   36.2 MC/s (1.589e-02 s/TS) || Energy: ~6.99e+14 (- 0.00dB)
[@    46m44s] Timestep:       177500 || Speed:   36.3 MC/s (1.583e-02 s/TS) || Energy: ~1.62e+15 (- 0.00dB)
[@    47m23s] Timestep:       180000 || Speed:   36.2 MC/s (1.588e-02 s/TS) || Energy: ~1.46e+16 (- 0.00dB)
[@    48m03s] Timestep:       182500 || Speed:   36.2 MC/s (1.589e-02 s/TS) || Energy: ~3.64e+16 (- 0.00dB)
[@    48m43s] Timestep:       185000 || Speed:   36.3 MC/s (1.583e-02 s/TS) || Energy: ~3.01e+17 (- 0.00dB)
[@    49m22s] Timestep:       187500 || Speed:   36.1 MC/s (1.592e-02 s/TS) || Energy: ~8.33e+17 (- 0.00dB)
[@    50m02s] Timestep:       190000 || Speed:   36.3 MC/s (1.583e-02 s/TS) || Energy: ~6.11e+18 (- 0.00dB)
[@    50m42s] Timestep:       192500 || Speed:   36.3 MC/s (1.582e-02 s/TS) || Energy: ~1.93e+19 (- 0.00dB)
[@    51m21s] Timestep:       195000 || Speed:   36.2 MC/s (1.589e-02 s/TS) || Energy: ~1.22e+20 (- 0.00dB)
[@    52m01s] Timestep:       197500 || Speed:   36.2 MC/s (1.587e-02 s/TS) || Energy: ~4.52e+20 (- 0.00dB)
[@    52m41s] Timestep:       200000 || Speed:   35.9 MC/s (1.602e-02 s/TS) || Energy: ~2.41e+21 (- 0.00dB)
[@    53m25s] Timestep:       202500 || Speed:   32.7 MC/s (1.761e-02 s/TS) || Energy: ~1.05e+22 (- 0.00dB)
[@    54m06s] Timestep:       205000 || Speed:   35.0 MC/s (1.642e-02 s/TS) || Energy: ~4.71e+22 (- 0.00dB)
[@    54m47s] Timestep:       207500 || Speed:   35.5 MC/s (1.617e-02 s/TS) || Energy: ~2.44e+23 (- 0.00dB)
[@    55m26s] Timestep:       210000 || Speed:   36.0 MC/s (1.595e-02 s/TS) || Energy: ~9.15e+23 (- 0.00dB)
[@    56m06s] Timestep:       212500 || Speed:   36.3 MC/s (1.583e-02 s/TS) || Energy: ~5.58e+24 (- 0.00dB)
[@    56m46s] Timestep:       215000 || Speed:   36.1 MC/s (1.593e-02 s/TS) || Energy: ~1.78e+25 (- 0.00dB)
[@    57m25s] Timestep:       217500 || Speed:   36.2 MC/s (1.587e-02 s/TS) || Energy: ~1.26e+26 (- 0.00dB)
[@    58m05s] Timestep:       220000 || Speed:   36.0 MC/s (1.596e-02 s/TS) || Energy: ~3.49e+26 (- 0.00dB)
[@    58m45s] Timestep:       222500 || Speed:   36.2 MC/s (1.589e-02 s/TS) || Energy: ~2.81e+27 (- 0.00dB)
[@    59m25s] Timestep:       225000 || Speed:   36.0 MC/s (1.597e-02 s/TS) || Energy: ~6.97e+27 (- 0.00dB)
[@  1h00m05s] Timestep:       227500 || Speed:   36.0 MC/s (1.595e-02 s/TS) || Energy: ~   inf (-  nandB)
Time for 227500 iterations with 574860.00 cells : 3605.37 sec
Speed: 36.27 MCells/s 
[rfsim] port 1 line: Z0 = 50.0-9.8j ohm, eps_eff = 106.46 (at 1.750 GHz)
[rfsim] NF2FF_p1 at 1.750 GHz...
[rfsim] RuntimeWarning: invalid value encountered in log10
[rfsim] RuntimeWarning: invalid value encountered in log10
[rfsim] RuntimeWarning: invalid value encountered in log10
[rfsim] far-field: Dmax nan dBi, radiated -253227785.6% of input power
[rfsim] === excitation 2/2 (port 2) ===
[rfsim] port 1: msl at (18.26, -36.00) dir y
[rfsim] port 2: msl at (18.26, -26.50) dir y
[rfsim] mesh: 134 x 110 x 39 lines
openEMS - enabled multithreading
openEMS - fixed number of threads: 8
 ---------------------------------------------------------------------- 
 | openEMS 64bit -- version v0.37.0-rc2
 | (C) 2010-2026 Thorsten Liebig <thorsten.liebig@gmx.de>  GPL license
 ---------------------------------------------------------------------- 
	Used external libraries:
		CSXCAD -- Version: v0.7.0-rc2
		hdf5   -- Version: 2.2.0
		          compiled against: HDF5 library version: 2.2.0
		tinyxml -- compiled against: 2.6.2
		fparser
		boost  -- compiled against: 1_91
		vtk -- Version: 9.3.20231030
		       compiled against: 9.3.20231030

Create FDTD operator (compressed SSE + multi-threading)
FDTD simulation size: 134x110x39 --> 574860.00 FDTD cells 
FDTD timestep is: 0.00 s; Nyquist rate: 10001 timesteps @3000012112.00 Hz
openEMS::SetupFDTD: Warning, the timestep seems to be very small --> long simulation. Check your mesh!?
Excitation signal length is: 137525 timesteps (0.00s)
Max. number of timesteps: 300000 ( --> 2.18 * Excitation signal length)
openEMS::SetupFDTD: Warning, max. number of timesteps is smaller than three times the excitation. 
	You may want to choose a higher number of max. timesteps... 
Create FDTD engine (compressed SSE + multi-threading)
Warning: Unused primitive (type: Cylinder) detected in property: vias!
Warning: Unused primitive (type: Cylinder) detected in property: vias!
Running FDTD engine... this may take a while... grab a cup of coffee?!?
[@       39s] Timestep:         2500 || Speed:   36.0 MC/s (1.597e-02 s/TS) || Energy: ~5.54e-21 (- 0.00dB)
[@     1m19s] Timestep:         5000 || Speed:   36.1 MC/s (1.592e-02 s/TS) || Energy: ~1.17e-20 (- 0.00dB)
[@     1m59s] Timestep:         7500 || Speed:   36.2 MC/s (1.586e-02 s/TS) || Energy: ~9.17e-21 (- 1.04dB)
[@     2m39s] Timestep:        10000 || Speed:   36.0 MC/s (1.598e-02 s/TS) || Energy: ~5.24e-21 (- 3.47dB)
[@     3m18s] Timestep:        12500 || Speed:   36.3 MC/s (1.582e-02 s/TS) || Energy: ~1.98e-19 (- 0.00dB)
[@     3m58s] Timestep:        15000 || Speed:   36.1 MC/s (1.593e-02 s/TS) || Energy: ~1.43e-18 (- 0.00dB)
[@     4m38s] Timestep:        17500 || Speed:   36.0 MC/s (1.598e-02 s/TS) || Energy: ~5.34e-18 (- 0.00dB)
[@     5m18s] Timestep:        20000 || Speed:   35.9 MC/s (1.603e-02 s/TS) || Energy: ~1.24e-17 (- 0.00dB)
[@     5m58s] Timestep:        22500 || Speed:   36.1 MC/s (1.594e-02 s/TS) || Energy: ~1.67e-17 (- 0.00dB)
[@     6m38s] Timestep:        25000 || Speed:   35.7 MC/s (1.612e-02 s/TS) || Energy: ~7.98e-18 (- 3.19dB)
[@     7m15s] Timestep:        27500 || Speed:   39.1 MC/s (1.471e-02 s/TS) || Energy: ~7.48e-18 (- 3.47dB)
[@     7m52s] Timestep:        30000 || Speed:   39.1 MC/s (1.469e-02 s/TS) || Energy: ~1.45e-16 (- 0.00dB)
[@     8m29s] Timestep:        32500 || Speed:   39.0 MC/s (1.474e-02 s/TS) || Energy: ~6.74e-16 (- 0.00dB)
[@     9m06s] Timestep:        35000 || Speed:   39.0 MC/s (1.476e-02 s/TS) || Energy: ~1.71e-15 (- 0.00dB)
[@     9m42s] Timestep:        37500 || Speed:   39.1 MC/s (1.470e-02 s/TS) || Energy: ~2.68e-15 (- 0.00dB)
[@    10m19s] Timestep:        40000 || Speed:   39.0 MC/s (1.474e-02 s/TS) || Energy: ~2.39e-15 (- 0.50dB)
[@    10m56s] Timestep:        42500 || Speed:   39.2 MC/s (1.467e-02 s/TS) || Energy: ~6.63e-16 (- 6.07dB)
[@    11m33s] Timestep:        45000 || Speed:   39.1 MC/s (1.469e-02 s/TS) || Energy: ~1.01e-15 (- 4.24dB)
[@    12m09s] Timestep:        47500 || Speed:   39.2 MC/s (1.467e-02 s/TS) || Energy: ~1.02e-14 (- 0.00dB)
[@    12m46s] Timestep:        50000 || Speed:   39.0 MC/s (1.472e-02 s/TS) || Energy: ~3.08e-14 (- 0.00dB)
[@    13m23s] Timestep:        52500 || Speed:   39.1 MC/s (1.470e-02 s/TS) || Energy: ~5.28e-14 (- 0.00dB)
[@    14m00s] Timestep:        55000 || Speed:   39.1 MC/s (1.471e-02 s/TS) || Energy: ~5.64e-14 (- 0.00dB)
[@    14m37s] Timestep:        57500 || Speed:   38.6 MC/s (1.489e-02 s/TS) || Energy: ~3.32e-14 (- 2.30dB)
[@    15m14s] Timestep:        60000 || Speed:   38.8 MC/s (1.481e-02 s/TS) || Energy: ~5.33e-15 (-10.24dB)
[@    15m51s] Timestep:        62500 || Speed:   38.9 MC/s (1.479e-02 s/TS) || Energy: ~1.25e-14 (- 6.55dB)
[@    16m28s] Timestep:        65000 || Speed:   39.1 MC/s (1.469e-02 s/TS) || Energy: ~6.87e-14 (- 0.00dB)
[@    17m05s] Timestep:        67500 || Speed:   38.9 MC/s (1.479e-02 s/TS) || Energy: ~1.39e-13 (- 0.00dB)
[@    17m23s] Timestep:        68761 || Speed:   39.2 MC/s (1.468e-02 s/TS) || Energy: ~1.60e-13 (- 0.00dB)
[@    17m41s] Timestep:        70000 || Speed:   39.2 MC/s (1.466e-02 s/TS) || Energy: ~1.63e-13 (- 0.00dB)
[@    18m18s] Timestep:        72500 || Speed:   39.1 MC/s (1.470e-02 s/TS) || Energy: ~1.54e-13 (- 0.25dB)
[@    18m55s] Timestep:        75000 || Speed:   39.1 MC/s (1.469e-02 s/TS) || Energy: ~1.33e-13 (- 0.90dB)
[@    19m32s] Timestep:        77500 || Speed:   38.7 MC/s (1.485e-02 s/TS) || Energy: ~8.31e-13 (- 0.00dB)
[@    20m10s] Timestep:        80000 || Speed:   37.4 MC/s (1.535e-02 s/TS) || Energy: ~2.08e-12 (- 0.00dB)
[@    20m47s] Timestep:        82500 || Speed:   39.1 MC/s (1.471e-02 s/TS) || Energy: ~1.75e-11 (- 0.00dB)
[@    21m24s] Timestep:        85000 || Speed:   39.0 MC/s (1.474e-02 s/TS) || Energy: ~4.76e-11 (- 0.00dB)
[@    22m01s] Timestep:        87500 || Speed:   38.8 MC/s (1.481e-02 s/TS) || Energy: ~3.50e-10 (- 0.00dB)
[@    22m39s] Timestep:        90000 || Speed:   37.9 MC/s (1.518e-02 s/TS) || Energy: ~1.08e-09 (- 0.00dB)
[@    23m16s] Timestep:        92500 || Speed:   38.8 MC/s (1.481e-02 s/TS) || Energy: ~6.96e-09 (- 0.00dB)
[@    23m53s] Timestep:        95000 || Speed:   39.1 MC/s (1.472e-02 s/TS) || Energy: ~2.53e-08 (- 0.00dB)
[@    24m30s] Timestep:        97500 || Speed:   38.9 MC/s (1.478e-02 s/TS) || Energy: ~1.39e-07 (- 0.00dB)
[@    25m06s] Timestep:       100000 || Speed:   39.1 MC/s (1.470e-02 s/TS) || Energy: ~5.94e-07 (- 0.00dB)
[@    25m43s] Timestep:       102500 || Speed:   39.1 MC/s (1.472e-02 s/TS) || Energy: ~2.72e-06 (- 0.00dB)
[@    26m20s] Timestep:       105000 || Speed:   39.1 MC/s (1.470e-02 s/TS) || Energy: ~1.37e-05 (- 0.00dB)
[@    26m57s] Timestep:       107500 || Speed:   39.1 MC/s (1.469e-02 s/TS) || Energy: ~5.26e-05 (- 0.00dB)
[@    27m33s] Timestep:       110000 || Speed:   39.2 MC/s (1.467e-02 s/TS) || Energy: ~3.14e-04 (- 0.00dB)
[@    28m10s] Timestep:       112500 || Speed:   39.2 MC/s (1.467e-02 s/TS) || Energy: ~1.02e-03 (- 0.00dB)
[@    28m47s] Timestep:       115000 || Speed:   39.1 MC/s (1.469e-02 s/TS) || Energy: ~7.12e-03 (- 0.00dB)
[@    29m23s] Timestep:       117500 || Speed:   39.2 MC/s (1.468e-02 s/TS) || Energy: ~2.01e-02 (- 0.00dB)
[@    30m00s] Timestep:       120000 || Speed:   39.1 MC/s (1.468e-02 s/TS) || Energy: ~1.59e-01 (- 0.00dB)
[@    30m37s] Timestep:       122500 || Speed:   39.1 MC/s (1.470e-02 s/TS) || Energy: ~3.99e-01 (- 0.00dB)
[@    31m13s] Timestep:       125000 || Speed:   39.1 MC/s (1.468e-02 s/TS) || Energy: ~3.49e+00 (- 0.00dB)
[@    31m50s] Timestep:       127500 || Speed:   39.1 MC/s (1.470e-02 s/TS) || Energy: ~8.14e+00 (- 0.00dB)
[@    32m27s] Timestep:       130000 || Speed:   39.0 MC/s (1.472e-02 s/TS) || Energy: ~7.54e+01 (- 0.00dB)
[@    33m04s] Timestep:       132500 || Speed:   39.1 MC/s (1.469e-02 s/TS) || Energy: ~1.71e+02 (- 0.00dB)
[@    33m41s] Timestep:       135000 || Speed:   39.1 MC/s (1.470e-02 s/TS) || Energy: ~1.60e+03 (- 0.00dB)
[@    34m17s] Timestep:       137500 || Speed:   38.9 MC/s (1.479e-02 s/TS) || Energy: ~3.72e+03 (- 0.00dB)
[@    34m54s] Timestep:       140000 || Speed:   39.2 MC/s (1.468e-02 s/TS) || Energy: ~3.35e+04 (- 0.00dB)
[@    35m31s] Timestep:       142500 || Speed:   39.0 MC/s (1.475e-02 s/TS) || Energy: ~8.34e+04 (- 0.00dB)
[@    36m08s] Timestep:       145000 || Speed:   39.1 MC/s (1.469e-02 s/TS) || Energy: ~6.90e+05 (- 0.00dB)
[@    36m44s] Timestep:       147500 || Speed:   39.2 MC/s (1.468e-02 s/TS) || Energy: ~1.91e+06 (- 0.00dB)
[@    37m21s] Timestep:       150000 || Speed:   39.1 MC/s (1.469e-02 s/TS) || Energy: ~1.40e+07 (- 0.00dB)
[@    37m58s] Timestep:       152500 || Speed:   39.1 MC/s (1.469e-02 s/TS) || Energy: ~4.44e+07 (- 0.00dB)
[@    38m35s] Timestep:       155000 || Speed:   39.1 MC/s (1.469e-02 s/TS) || Energy: ~2.79e+08 (- 0.00dB)
[@    39m11s] Timestep:       157500 || Speed:   39.1 MC/s (1.469e-02 s/TS) || Energy: ~1.04e+09 (- 0.00dB)
[@    39m48s] Timestep:       160000 || Speed:   39.2 MC/s (1.468e-02 s/TS) || Energy: ~5.51e+09 (- 0.00dB)
[@    40m25s] Timestep:       162500 || Speed:   39.1 MC/s (1.469e-02 s/TS) || Energy: ~2.42e+10 (- 0.00dB)
[@    41m02s] Timestep:       165000 || Speed:   39.1 MC/s (1.470e-02 s/TS) || Energy: ~1.08e+11 (- 0.00dB)
[@    41m38s] Timestep:       167500 || Speed:   39.1 MC/s (1.469e-02 s/TS) || Energy: ~5.59e+11 (- 0.00dB)
[@    42m15s] Timestep:       170000 || Speed:   39.2 MC/s (1.468e-02 s/TS) || Energy: ~2.09e+12 (- 0.00dB)
[@    42m52s] Timestep:       172500 || Speed:   39.1 MC/s (1.470e-02 s/TS) || Energy: ~1.28e+13 (- 0.00dB)
[@    43m28s] Timestep:       175000 || Speed:   39.1 MC/s (1.469e-02 s/TS) || Energy: ~4.07e+13 (- 0.00dB)
[@    44m05s] Timestep:       177500 || Speed:   39.2 MC/s (1.468e-02 s/TS) || Energy: ~2.89e+14 (- 0.00dB)
[@    44m42s] Timestep:       180000 || Speed:   38.9 MC/s (1.478e-02 s/TS) || Energy: ~7.99e+14 (- 0.00dB)
[@    45m19s] Timestep:       182500 || Speed:   39.1 MC/s (1.471e-02 s/TS) || Energy: ~6.43e+15 (- 0.00dB)
[@    45m56s] Timestep:       185000 || Speed:   39.2 MC/s (1.468e-02 s/TS) || Energy: ~1.59e+16 (- 0.00dB)
[@    46m32s] Timestep:       187500 || Speed:   39.1 MC/s (1.469e-02 s/TS) || Energy: ~1.41e+17 (- 0.00dB)
[@    47m09s] Timestep:       190000 || Speed:   39.1 MC/s (1.469e-02 s/TS) || Energy: ~3.27e+17 (- 0.00dB)
[@    47m46s] Timestep:       192500 || Speed:   39.1 MC/s (1.469e-02 s/TS) || Energy: ~3.04e+18 (- 0.00dB)
[@    48m22s] Timestep:       195000 || Speed:   39.1 MC/s (1.468e-02 s/TS) || Energy: ~6.91e+18 (- 0.00dB)
[@    48m59s] Timestep:       197500 || Speed:   39.0 MC/s (1.474e-02 s/TS) || Energy: ~6.44e+19 (- 0.00dB)
[@    49m36s] Timestep:       200000 || Speed:   39.1 MC/s (1.469e-02 s/TS) || Energy: ~1.51e+20 (- 0.00dB)
[@    50m12s] Timestep:       202500 || Speed:   39.5 MC/s (1.457e-02 s/TS) || Energy: ~1.34e+21 (- 0.00dB)
[@    50m48s] Timestep:       205000 || Speed:   40.0 MC/s (1.437e-02 s/TS) || Energy: ~3.39e+21 (- 0.00dB)
[@    51m24s] Timestep:       207500 || Speed:   40.1 MC/s (1.435e-02 s/TS) || Energy: ~2.76e+22 (- 0.00dB)
[@    52m00s] Timestep:       210000 || Speed:   40.0 MC/s (1.436e-02 s/TS) || Energy: ~7.80e+22 (- 0.00dB)
[@    52m36s] Timestep:       212500 || Speed:   39.9 MC/s (1.440e-02 s/TS) || Energy: ~5.58e+23 (- 0.00dB)
[@    53m12s] Timestep:       215000 || Speed:   40.0 MC/s (1.436e-02 s/TS) || Energy: ~1.81e+24 (- 0.00dB)
[@    53m48s] Timestep:       217500 || Speed:   39.9 MC/s (1.442e-02 s/TS) || Energy: ~1.11e+25 (- 0.00dB)
[@    54m24s] Timestep:       220000 || Speed:   39.8 MC/s (1.444e-02 s/TS) || Energy: ~4.24e+25 (- 0.00dB)
[@    55m00s] Timestep:       222500 || Speed:   40.0 MC/s (1.437e-02 s/TS) || Energy: ~2.19e+26 (- 0.00dB)
[@    55m36s] Timestep:       225000 || Speed:   40.0 MC/s (1.438e-02 s/TS) || Energy: ~9.87e+26 (- 0.00dB)
[@    56m12s] Timestep:       227500 || Speed:   40.0 MC/s (1.436e-02 s/TS) || Energy: ~4.28e+27 (- 0.00dB)
[@    56m48s] Timestep:       230000 || Speed:   39.7 MC/s (1.448e-02 s/TS) || Energy: ~   inf (-  nandB)
Time for 230000 iterations with 574860.00 cells : 3408.63 sec
Speed: 38.79 MCells/s 
[rfsim] port 2 line: Z0 = 3.9+4.7j ohm, eps_eff = 1198.94 (at 1.750 GHz)
[rfsim] NF2FF_p2 at 1.750 GHz...
[rfsim] far-field: Dmax nan dBi, radiated -1613973.1% of input power
[rfsim] WARNING: port 1 gives out more power than it takes in (max sum|S|^2 = 79.25). The S-parameters of this port are NOT reliable. On a CPW port or a stripline port the usual cause is a mesh that is too coarse across the line. Run again at the medium or the fine preset.
[rfsim] S11: -11.2 .. -11.1 dB
[rfsim] S21: 18.5 .. 19.0 dB
[rfsim] S12: -27.4 .. -27.3 dB
[rfsim] S22: -1.0 .. -0.9 dB
[rfsim] wrote C:\Users\chith\Desktop\ANUFS-Telemetry\RF Analysis\results\desktop\step1_long_coarse\results.s2p
