[rfsim] WARNING: Copper on F.Cu/In1.Cu/In2.Cu/B.Cu extends beyond the simulation domain and is cut at the boundary. If it's part of the structure under test, increase the domain margin.
[rfsim] mesh resolution: 4.659 mm (coarse)
[rfsim] === excitation 1/1 (port 1) ===
[rfsim] UserWarning: h5py is running against HDF5 2.2.0 when it was built against 2.0.0, this may cause problems
[rfsim] port 1: lumped at (18.26, -34.50) 
[rfsim] port 2: lumped at (18.26, -29.50) 
[rfsim] mesh: 55 x 72 x 39 lines
[rfsim] engine: multithreaded, 8 thread(s)
openEMS - enabled multithreading
openEMS - fixed number of threads: 8
 ---------------------------------------------------------------------- 
 | openEMS 64bit -- version v0.37.0-rc2
 | (C) 2010-2026 Thorsten Liebig <thorsten.liebig@gmx.de>  GPL license
 ---------------------------------------------------------------------- 
	Used external libraries:
		CSXCAD -- Version: v0.7.0-rc2
		hdf5   -- Version: 2.2.0
		          compiled against: HDF5 library version: 2.2.0
		tinyxml -- compiled against: 2.6.2
		fparser
		boost  -- compiled against: 1_91
		vtk -- Version: 9.3.20231030
		       compiled against: 9.3.20231030

Create FDTD operator (compressed SSE + multi-threading)
FDTD simulation size: 55x72x39 --> 154440 FDTD cells 
FDTD timestep is: 5.12272e-14 s; Nyquist rate: 3253 timesteps @3.00044e+09 Hz
openEMS::SetupFDTD: Warning, the timestep seems to be very small --> long simulation. Check your mesh!?
Excitation signal length is: 44739 timesteps (2.29185e-09s)
Max. number of timesteps: 300000 ( --> 6.70556 * Excitation signal length)
Create FDTD engine (compressed SSE + multi-threading)
Warning: Unused primitive (type: LinPoly) detected in property: cu_F.Cu!
Warning: Unused primitive (type: LinPoly) detected in property: cu_In1.Cu!
Warning: Unused primitive (type: LinPoly) detected in property: cu_In2.Cu!
Warning: Unused primitive (type: LinPoly) detected in property: cu_B.Cu!
Warning: Unused primitive (type: Cylinder) detected in property: vias!
Warning: Unused primitive (type: Cylinder) detected in property: vias!
Running FDTD engine... this may take a while... grab a cup of coffee?!?
[@        4s] Timestep:          813 || Speed:   28.3 MC/s (5.463e-03 s/TS) || Energy: ~1.15e-19 (- 0.00dB)
[@        8s] Timestep:         1626 || Speed:   29.6 MC/s (5.223e-03 s/TS) || Energy: ~1.56e-19 (- 0.00dB)
[@       12s] Timestep:         2439 || Speed:   29.4 MC/s (5.257e-03 s/TS) || Energy: ~1.29e-19 (- 0.82dB)
[@       17s] Timestep:         3252 || Speed:   29.6 MC/s (5.210e-03 s/TS) || Energy: ~8.50e-20 (- 2.65dB)
[@       21s] Timestep:         4065 || Speed:   29.7 MC/s (5.208e-03 s/TS) || Energy: ~3.33e-18 (- 0.00dB)
[@       25s] Timestep:         4878 || Speed:   29.6 MC/s (5.223e-03 s/TS) || Energy: ~2.27e-17 (- 0.00dB)
[@       29s] Timestep:         5691 || Speed:   29.6 MC/s (5.215e-03 s/TS) || Energy: ~8.23e-17 (- 0.00dB)
[@       34s] Timestep:         6504 || Speed:   29.4 MC/s (5.246e-03 s/TS) || Energy: ~1.83e-16 (- 0.00dB)
[@       38s] Timestep:         7317 || Speed:   29.7 MC/s (5.208e-03 s/TS) || Energy: ~2.29e-16 (- 0.00dB)
[@       42s] Timestep:         8130 || Speed:   29.7 MC/s (5.206e-03 s/TS) || Energy: ~8.37e-17 (- 4.38dB)
[@       46s] Timestep:         8943 || Speed:   29.5 MC/s (5.228e-03 s/TS) || Energy: ~1.38e-16 (- 2.20dB)
[@       51s] Timestep:         9756 || Speed:   29.6 MC/s (5.211e-03 s/TS) || Energy: ~2.42e-15 (- 0.00dB)
[@       55s] Timestep:        10569 || Speed:   29.5 MC/s (5.233e-03 s/TS) || Energy: ~1.05e-14 (- 0.00dB)
[@       59s] Timestep:        11382 || Speed:   29.7 MC/s (5.204e-03 s/TS) || Energy: ~2.54e-14 (- 0.00dB)
[@     1m03s] Timestep:        12195 || Speed:   29.5 MC/s (5.227e-03 s/TS) || Energy: ~3.77e-14 (- 0.00dB)
[@     1m08s] Timestep:        13008 || Speed:   29.6 MC/s (5.211e-03 s/TS) || Energy: ~3.03e-14 (- 0.94dB)
[@     1m12s] Timestep:        13821 || Speed:   29.2 MC/s (5.287e-03 s/TS) || Energy: ~5.29e-15 (- 8.53dB)
[@     1m16s] Timestep:        14634 || Speed:   29.6 MC/s (5.225e-03 s/TS) || Energy: ~1.94e-14 (- 2.88dB)
[@     1m20s] Timestep:        15447 || Speed:   29.3 MC/s (5.268e-03 s/TS) || Energy: ~1.67e-13 (- 0.00dB)
[@     1m25s] Timestep:        16260 || Speed:   29.6 MC/s (5.222e-03 s/TS) || Energy: ~4.67e-13 (- 0.00dB)
[@     1m29s] Timestep:        17073 || Speed:   28.8 MC/s (5.361e-03 s/TS) || Energy: ~7.49e-13 (- 0.00dB)
[@     1m33s] Timestep:        17886 || Speed:   29.2 MC/s (5.294e-03 s/TS) || Energy: ~7.39e-13 (- 0.06dB)
[@     1m38s] Timestep:        18699 || Speed:   29.7 MC/s (5.203e-03 s/TS) || Energy: ~3.76e-13 (- 3.00dB)
[@     1m42s] Timestep:        19512 || Speed:   29.7 MC/s (5.201e-03 s/TS) || Energy: ~2.95e-14 (-14.05dB)
[@     1m46s] Timestep:        20325 || Speed:   29.5 MC/s (5.243e-03 s/TS) || Energy: ~2.39e-13 (- 4.96dB)
[@     1m50s] Timestep:        21138 || Speed:   29.6 MC/s (5.214e-03 s/TS) || Energy: ~1.09e-12 (- 0.00dB)
[@     1m55s] Timestep:        21951 || Speed:   29.5 MC/s (5.235e-03 s/TS) || Energy: ~1.97e-12 (- 0.00dB)
[@     1m59s] Timestep:        22764 || Speed:   29.7 MC/s (5.201e-03 s/TS) || Energy: ~2.11e-12 (- 0.11dB)
[@     2m03s] Timestep:        23577 || Speed:   29.6 MC/s (5.209e-03 s/TS) || Energy: ~1.38e-12 (- 1.97dB)
[@     2m07s] Timestep:        24390 || Speed:   29.6 MC/s (5.218e-03 s/TS) || Energy: ~4.35e-13 (- 6.97dB)
[@     2m11s] Timestep:        25203 || Speed:   29.7 MC/s (5.200e-03 s/TS) || Energy: ~2.70e-14 (-19.05dB)
[@     2m16s] Timestep:        26016 || Speed:   29.6 MC/s (5.213e-03 s/TS) || Energy: ~2.67e-13 (- 9.10dB)
[@     2m20s] Timestep:        26829 || Speed:   29.6 MC/s (5.209e-03 s/TS) || Energy: ~6.79e-13 (- 5.04dB)
[@     2m24s] Timestep:        27642 || Speed:   29.5 MC/s (5.234e-03 s/TS) || Energy: ~7.96e-13 (- 4.35dB)
[@     2m28s] Timestep:        28455 || Speed:   29.6 MC/s (5.212e-03 s/TS) || Energy: ~5.67e-13 (- 5.83dB)
[@     2m33s] Timestep:        29268 || Speed:   29.7 MC/s (5.200e-03 s/TS) || Energy: ~2.44e-13 (- 9.48dB)
[@     2m37s] Timestep:        30081 || Speed:   29.2 MC/s (5.295e-03 s/TS) || Energy: ~4.92e-14 (-16.44dB)
[@     2m41s] Timestep:        30894 || Speed:   29.6 MC/s (5.223e-03 s/TS) || Energy: ~7.19e-15 (-24.79dB)
[@     2m45s] Timestep:        31707 || Speed:   29.6 MC/s (5.225e-03 s/TS) || Energy: ~3.00e-14 (-18.59dB)
[@     2m50s] Timestep:        32520 || Speed:   29.7 MC/s (5.206e-03 s/TS) || Energy: ~4.60e-14 (-16.73dB)
[@     2m54s] Timestep:        33333 || Speed:   29.7 MC/s (5.207e-03 s/TS) || Energy: ~4.05e-14 (-17.29dB)
[@     2m58s] Timestep:        34146 || Speed:   29.6 MC/s (5.224e-03 s/TS) || Energy: ~3.12e-14 (-18.41dB)
[@     3m02s] Timestep:        34959 || Speed:   29.6 MC/s (5.209e-03 s/TS) || Energy: ~8.48e-14 (-14.07dB)
[@     3m07s] Timestep:        35772 || Speed:   29.6 MC/s (5.225e-03 s/TS) || Energy: ~3.65e-13 (- 7.74dB)
[@     3m11s] Timestep:        36585 || Speed:   29.7 MC/s (5.204e-03 s/TS) || Energy: ~9.05e-13 (- 3.80dB)
[@     3m15s] Timestep:        37398 || Speed:   29.6 MC/s (5.215e-03 s/TS) || Energy: ~1.25e-12 (- 2.40dB)
[@     3m19s] Timestep:        38211 || Speed:   29.7 MC/s (5.204e-03 s/TS) || Energy: ~3.23e-12 (- 0.00dB)
[@     3m24s] Timestep:        39024 || Speed:   29.6 MC/s (5.209e-03 s/TS) || Energy: ~2.06e-11 (- 0.00dB)
[@     3m28s] Timestep:        39837 || Speed:   29.6 MC/s (5.219e-03 s/TS) || Energy: ~7.52e-11 (- 0.00dB)
[@     3m32s] Timestep:        40650 || Speed:   29.7 MC/s (5.205e-03 s/TS) || Energy: ~1.36e-10 (- 0.00dB)
[@     3m36s] Timestep:        41463 || Speed:   29.6 MC/s (5.219e-03 s/TS) || Energy: ~1.59e-10 (- 0.00dB)
[@     3m41s] Timestep:        42276 || Speed:   29.5 MC/s (5.230e-03 s/TS) || Energy: ~8.81e-10 (- 0.00dB)
[@     3m45s] Timestep:        43089 || Speed:   29.6 MC/s (5.224e-03 s/TS) || Energy: ~5.02e-09 (- 0.00dB)
[@     3m49s] Timestep:        43902 || Speed:   29.5 MC/s (5.232e-03 s/TS) || Energy: ~1.38e-08 (- 0.00dB)
[@     3m53s] Timestep:        44715 || Speed:   29.6 MC/s (5.215e-03 s/TS) || Energy: ~1.76e-08 (- 0.00dB)
[@     3m58s] Timestep:        45528 || Speed:   29.6 MC/s (5.221e-03 s/TS) || Energy: ~3.12e-08 (- 0.00dB)
[@     4m02s] Timestep:        46341 || Speed:   29.6 MC/s (5.212e-03 s/TS) || Energy: ~2.58e-07 (- 0.00dB)
[@     4m06s] Timestep:        47154 || Speed:   29.6 MC/s (5.218e-03 s/TS) || Energy: ~1.12e-06 (- 0.00dB)
[@     4m10s] Timestep:        47967 || Speed:   29.6 MC/s (5.210e-03 s/TS) || Energy: ~2.27e-06 (- 0.00dB)
[@     4m15s] Timestep:        48780 || Speed:   29.7 MC/s (5.202e-03 s/TS) || Energy: ~2.25e-06 (- 0.03dB)
[@     4m19s] Timestep:        49593 || Speed:   29.5 MC/s (5.231e-03 s/TS) || Energy: ~9.90e-06 (- 0.00dB)
[@     4m23s] Timestep:        50406 || Speed:   29.6 MC/s (5.211e-03 s/TS) || Energy: ~7.09e-05 (- 0.00dB)
[@     4m27s] Timestep:        51219 || Speed:   29.5 MC/s (5.231e-03 s/TS) || Energy: ~2.30e-04 (- 0.00dB)
[@     4m31s] Timestep:        52032 || Speed:   29.7 MC/s (5.206e-03 s/TS) || Energy: ~3.43e-04 (- 0.00dB)
[@     4m36s] Timestep:        52845 || Speed:   29.5 MC/s (5.232e-03 s/TS) || Energy: ~4.13e-04 (- 0.00dB)
[@     4m40s] Timestep:        53658 || Speed:   29.5 MC/s (5.231e-03 s/TS) || Energy: ~3.40e-03 (- 0.00dB)
[@     4m44s] Timestep:        54471 || Speed:   29.7 MC/s (5.205e-03 s/TS) || Energy: ~1.79e-02 (- 0.00dB)
[@     4m49s] Timestep:        55284 || Speed:   28.3 MC/s (5.451e-03 s/TS) || Energy: ~4.35e-02 (- 0.00dB)
[@     4m53s] Timestep:        56097 || Speed:   29.6 MC/s (5.211e-03 s/TS) || Energy: ~4.92e-02 (- 0.00dB)
[@     4m57s] Timestep:        56910 || Speed:   29.5 MC/s (5.228e-03 s/TS) || Energy: ~1.32e-01 (- 0.00dB)
[@     5m01s] Timestep:        57723 || Speed:   29.7 MC/s (5.206e-03 s/TS) || Energy: ~1.07e+00 (- 0.00dB)
[@     5m06s] Timestep:        58536 || Speed:   29.6 MC/s (5.215e-03 s/TS) || Energy: ~4.09e+00 (- 0.00dB)
[@     5m10s] Timestep:        59349 || Speed:   29.3 MC/s (5.266e-03 s/TS) || Energy: ~7.40e+00 (- 0.00dB)
[@     5m14s] Timestep:        60162 || Speed:   29.6 MC/s (5.221e-03 s/TS) || Energy: ~8.16e+00 (- 0.00dB)
[@     5m18s] Timestep:        60975 || Speed:   29.6 MC/s (5.223e-03 s/TS) || Energy: ~4.88e+01 (- 0.00dB)
[@     5m23s] Timestep:        61788 || Speed:   29.7 MC/s (5.208e-03 s/TS) || Energy: ~2.93e+02 (- 0.00dB)
[@     5m27s] Timestep:        62601 || Speed:   29.6 MC/s (5.225e-03 s/TS) || Energy: ~8.35e+02 (- 0.00dB)
[@     5m31s] Timestep:        63414 || Speed:   29.6 MC/s (5.219e-03 s/TS) || Energy: ~1.14e+03 (- 0.00dB)
[@     5m35s] Timestep:        64227 || Speed:   29.5 MC/s (5.234e-03 s/TS) || Energy: ~2.10e+03 (- 0.00dB)
[@     5m40s] Timestep:        65040 || Speed:   29.5 MC/s (5.235e-03 s/TS) || Energy: ~1.62e+04 (- 0.00dB)
[@     5m44s] Timestep:        65853 || Speed:   29.2 MC/s (5.285e-03 s/TS) || Energy: ~7.09e+04 (- 0.00dB)
[@     5m48s] Timestep:        66666 || Speed:   29.6 MC/s (5.226e-03 s/TS) || Energy: ~1.51e+05 (- 0.00dB)
[@     5m52s] Timestep:        67479 || Speed:   29.6 MC/s (5.211e-03 s/TS) || Energy: ~1.78e+05 (- 0.00dB)
[@     5m57s] Timestep:        68292 || Speed:   29.5 MC/s (5.231e-03 s/TS) || Energy: ~7.06e+05 (- 0.00dB)
[@     6m01s] Timestep:        69105 || Speed:   29.6 MC/s (5.220e-03 s/TS) || Energy: ~4.62e+06 (- 0.00dB)
[@     6m05s] Timestep:        69918 || Speed:   29.6 MC/s (5.210e-03 s/TS) || Energy: ~1.51e+07 (- 0.00dB)
[@     6m09s] Timestep:        70731 || Speed:   29.5 MC/s (5.228e-03 s/TS) || Energy: ~2.45e+07 (- 0.00dB)
[@     6m14s] Timestep:        71544 || Speed:   29.6 MC/s (5.210e-03 s/TS) || Energy: ~3.51e+07 (- 0.00dB)
[@     6m18s] Timestep:        72357 || Speed:   29.5 MC/s (5.235e-03 s/TS) || Energy: ~2.32e+08 (- 0.00dB)
[@     6m22s] Timestep:        73170 || Speed:   29.6 MC/s (5.216e-03 s/TS) || Energy: ~1.16e+09 (- 0.00dB)
[@     6m26s] Timestep:        73983 || Speed:   29.6 MC/s (5.224e-03 s/TS) || Energy: ~2.88e+09 (- 0.00dB)
[@     6m31s] Timestep:        74796 || Speed:   29.7 MC/s (5.208e-03 s/TS) || Energy: ~3.69e+09 (- 0.00dB)
[@     6m35s] Timestep:        75609 || Speed:   29.7 MC/s (5.198e-03 s/TS) || Energy: ~9.75e+09 (- 0.00dB)
[@     6m39s] Timestep:        76422 || Speed:   29.6 MC/s (5.220e-03 s/TS) || Energy: ~6.86e+10 (- 0.00dB)
[@     6m43s] Timestep:        77235 || Speed:   29.6 MC/s (5.226e-03 s/TS) || Energy: ~2.59e+11 (- 0.00dB)
[@     6m48s] Timestep:        78048 || Speed:   29.6 MC/s (5.222e-03 s/TS) || Energy: ~4.85e+11 (- 0.00dB)
[@     6m52s] Timestep:        78861 || Speed:   29.6 MC/s (5.219e-03 s/TS) || Energy: ~5.94e+11 (- 0.00dB)
[@     6m56s] Timestep:        79674 || Speed:   29.7 MC/s (5.196e-03 s/TS) || Energy: ~3.13e+12 (- 0.00dB)
[@     7m00s] Timestep:        80487 || Speed:   29.6 MC/s (5.222e-03 s/TS) || Energy: ~1.80e+13 (- 0.00dB)
[@     7m05s] Timestep:        81300 || Speed:   29.6 MC/s (5.210e-03 s/TS) || Energy: ~5.16e+13 (- 0.00dB)
[@     7m09s] Timestep:        82113 || Speed:   29.5 MC/s (5.227e-03 s/TS) || Energy: ~7.33e+13 (- 0.00dB)
[@     7m13s] Timestep:        82926 || Speed:   29.7 MC/s (5.201e-03 s/TS) || Energy: ~1.32e+14 (- 0.00dB)
[@     7m17s] Timestep:        83739 || Speed:   29.6 MC/s (5.220e-03 s/TS) || Energy: ~9.65e+14 (- 0.00dB)
[@     7m21s] Timestep:        84552 || Speed:   29.6 MC/s (5.215e-03 s/TS) || Energy: ~4.24e+15 (- 0.00dB)
[@     7m26s] Timestep:        85365 || Speed:   29.6 MC/s (5.214e-03 s/TS) || Energy: ~9.15e+15 (- 0.00dB)
[@     7m30s] Timestep:        86178 || Speed:   29.5 MC/s (5.230e-03 s/TS) || Energy: ~1.07e+16 (- 0.00dB)
[@     7m34s] Timestep:        86991 || Speed:   29.7 MC/s (5.205e-03 s/TS) || Energy: ~4.04e+16 (- 0.00dB)
[@     7m38s] Timestep:        87804 || Speed:   29.5 MC/s (5.231e-03 s/TS) || Energy: ~2.70e+17 (- 0.00dB)
[@     7m43s] Timestep:        88617 || Speed:   29.6 MC/s (5.212e-03 s/TS) || Energy: ~8.94e+17 (- 0.00dB)
[@     7m47s] Timestep:        89430 || Speed:   29.5 MC/s (5.230e-03 s/TS) || Energy: ~1.44e+18 (- 0.00dB)
[@     7m51s] Timestep:        90243 || Speed:   29.6 MC/s (5.218e-03 s/TS) || Energy: ~1.92e+18 (- 0.00dB)
[@     7m55s] Timestep:        91056 || Speed:   29.6 MC/s (5.215e-03 s/TS) || Energy: ~1.31e+19 (- 0.00dB)
[@     8m00s] Timestep:        91869 || Speed:   29.5 MC/s (5.229e-03 s/TS) || Energy: ~6.75e+19 (- 0.00dB)
[@     8m04s] Timestep:        92682 || Speed:   29.7 MC/s (5.208e-03 s/TS) || Energy: ~1.69e+20 (- 0.00dB)
[@     8m08s] Timestep:        93495 || Speed:   29.6 MC/s (5.217e-03 s/TS) || Energy: ~2.09e+20 (- 0.00dB)
[@     8m12s] Timestep:        94308 || Speed:   29.6 MC/s (5.215e-03 s/TS) || Energy: ~5.26e+20 (- 0.00dB)
[@     8m17s] Timestep:        95121 || Speed:   29.6 MC/s (5.222e-03 s/TS) || Energy: ~3.92e+21 (- 0.00dB)
[@     8m21s] Timestep:        95934 || Speed:   29.6 MC/s (5.219e-03 s/TS) || Energy: ~1.51e+22 (- 0.00dB)
[@     8m25s] Timestep:        96747 || Speed:   29.7 MC/s (5.203e-03 s/TS) || Energy: ~2.83e+22 (- 0.00dB)
[@     8m29s] Timestep:        97560 || Speed:   29.6 MC/s (5.220e-03 s/TS) || Energy: ~3.25e+22 (- 0.00dB)
[@     8m34s] Timestep:        98373 || Speed:   29.7 MC/s (5.205e-03 s/TS) || Energy: ~1.75e+23 (- 0.00dB)
[@     8m38s] Timestep:        99186 || Speed:   29.6 MC/s (5.222e-03 s/TS) || Energy: ~1.05e+24 (- 0.00dB)
[@     8m42s] Timestep:        99999 || Speed:   29.7 MC/s (5.206e-03 s/TS) || Energy: ~3.04e+24 (- 0.00dB)
[@     8m46s] Timestep:       100812 || Speed:   29.7 MC/s (5.206e-03 s/TS) || Energy: ~4.28e+24 (- 0.00dB)
[@     8m51s] Timestep:       101625 || Speed:   29.4 MC/s (5.259e-03 s/TS) || Energy: ~7.33e+24 (- 0.00dB)
[@     8m55s] Timestep:       102438 || Speed:   29.6 MC/s (5.223e-03 s/TS) || Energy: ~5.57e+25 (- 0.00dB)
[@     8m59s] Timestep:       103251 || Speed:   29.6 MC/s (5.219e-03 s/TS) || Energy: ~2.50e+26 (- 0.00dB)
[@     9m03s] Timestep:       104064 || Speed:   29.6 MC/s (5.211e-03 s/TS) || Energy: ~5.46e+26 (- 0.00dB)
[@     9m08s] Timestep:       104877 || Speed:   29.6 MC/s (5.217e-03 s/TS) || Energy: ~6.28e+26 (- 0.00dB)
[@     9m12s] Timestep:       105690 || Speed:   29.6 MC/s (5.225e-03 s/TS) || Energy: ~2.33e+27 (- 0.00dB)
[@     9m16s] Timestep:       106503 || Speed:   29.6 MC/s (5.214e-03 s/TS) || Energy: ~1.59e+28 (- 0.00dB)
[@     9m20s] Timestep:       107316 || Speed:   29.5 MC/s (5.233e-03 s/TS) || Energy: ~   inf (-  nandB)
Time for 107316 iterations with 154440.00 cells : 560.78 sec
Speed: 29.55 MCells/s 
[rfsim] NF2FF_p1 at 1.750 GHz...
[rfsim] RuntimeWarning: invalid value encountered in log10
[rfsim] RuntimeWarning: invalid value encountered in log10
[rfsim] RuntimeWarning: invalid value encountered in log10
[rfsim] far-field: Dmax nan dBi, radiated -16008886645.6% of input power
[rfsim] WARNING: port 1 gives out more power than it takes in (max sum|S|^2 = 31.23). The S-parameters of this port are NOT reliable. On a CPW port or a stripline port the usual cause is a mesh that is too coarse across the line. Run again at the medium or the fine preset.
[rfsim] S11: -2.5 .. 0.0 dB
[rfsim] S21: 2.3 .. 14.8 dB
[rfsim] wrote C:/Users/chith/Desktop/ANUFS-Telemetry/RF Analysis/results/desktop/step1_short_coarse_lumped_slab\results.s2p
