[rfsim] WARNING: Copper on F.Cu/In1.Cu/In2.Cu/B.Cu extends beyond the simulation domain and is cut at the boundary. If it's part of the structure under test, increase the domain margin.
[rfsim] mesh resolution: 4.659 mm (coarse)
[rfsim] === excitation 1/1 (port 1) ===
[rfsim] UserWarning: h5py is running against HDF5 2.2.0 when it was built against 2.0.0, this may cause problems
[rfsim] port 1: lumped at (18.26, -34.50) 
[rfsim] port 2: lumped at (18.26, -29.50) 
[rfsim] mesh: 54 x 70 x 39 lines
[rfsim] engine: multithreaded, 4 thread(s)
openEMS - enabled multithreading
openEMS - fixed number of threads: 4
 ---------------------------------------------------------------------- 
 | openEMS 64bit -- version v0.37.0-rc2
 | (C) 2010-2026 Thorsten Liebig <thorsten.liebig@gmx.de>  GPL license
 ---------------------------------------------------------------------- 
	Used external libraries:
		CSXCAD -- Version: v0.7.0-rc2
		hdf5   -- Version: 2.2.0
		          compiled against: HDF5 library version: 2.2.0
		tinyxml -- compiled against: 2.6.2
		fparser
		boost  -- compiled against: 1_91
		vtk -- Version: 9.3.20231030
		       compiled against: 9.3.20231030

Create FDTD operator (compressed SSE + multi-threading)
FDTD simulation size: 54x70x39 --> 147420 FDTD cells 
FDTD timestep is: 4.23671e-14 s; Nyquist rate: 3933 timesteps @3.00066e+09 Hz
openEMS::SetupFDTD: Warning, the timestep seems to be very small --> long simulation. Check your mesh!?
Excitation signal length is: 54095 timesteps (2.29185e-09s)
Max. number of timesteps: 300000 ( --> 5.5458 * Excitation signal length)
Create FDTD engine (compressed SSE + multi-threading)
Warning: Unused primitive (type: LinPoly) detected in property: cu_In1.Cu!
Warning: Unused primitive (type: LinPoly) detected in property: cu_In2.Cu!
Warning: Unused primitive (type: LinPoly) detected in property: cu_B.Cu!
Warning: Unused primitive (type: Cylinder) detected in property: vias!
Warning: Unused primitive (type: Cylinder) detected in property: vias!
Running FDTD engine... this may take a while... grab a cup of coffee?!?
[@        6s] Timestep:         1966 || Speed:   46.2 MC/s (3.192e-03 s/TS) || Energy: ~2.64e-19 (- 0.00dB)
[@       12s] Timestep:         3932 || Speed:   49.2 MC/s (2.994e-03 s/TS) || Energy: ~2.13e-19 (- 0.94dB)
[@       17s] Timestep:         5898 || Speed:   49.7 MC/s (2.964e-03 s/TS) || Energy: ~4.21e-17 (- 0.00dB)
[@       23s] Timestep:         7864 || Speed:   50.3 MC/s (2.930e-03 s/TS) || Energy: ~3.20e-16 (- 0.00dB)
[@       29s] Timestep:         9830 || Speed:   50.1 MC/s (2.944e-03 s/TS) || Energy: ~1.42e-16 (- 3.53dB)
[@       35s] Timestep:        11796 || Speed:   50.3 MC/s (2.932e-03 s/TS) || Energy: ~4.71e-15 (- 0.00dB)
[@       41s] Timestep:        13762 || Speed:   50.4 MC/s (2.926e-03 s/TS) || Energy: ~4.48e-14 (- 0.00dB)
[@       46s] Timestep:        15728 || Speed:   50.7 MC/s (2.907e-03 s/TS) || Energy: ~4.99e-14 (- 0.00dB)
[@       52s] Timestep:        17694 || Speed:   50.5 MC/s (2.917e-03 s/TS) || Energy: ~5.00e-14 (- 0.00dB)
[@       58s] Timestep:        19660 || Speed:   47.4 MC/s (3.110e-03 s/TS) || Energy: ~8.42e-13 (- 0.00dB)
[@     1m04s] Timestep:        21626 || Speed:   50.1 MC/s (2.943e-03 s/TS) || Energy: ~1.23e-12 (- 0.00dB)
[@     1m10s] Timestep:        23592 || Speed:   50.7 MC/s (2.909e-03 s/TS) || Energy: ~1.16e-13 (-10.23dB)
[@     1m15s] Timestep:        25558 || Speed:   50.7 MC/s (2.906e-03 s/TS) || Energy: ~2.12e-12 (- 0.00dB)
[@     1m20s] Timestep:        27047 || Speed:   50.0 MC/s (2.946e-03 s/TS) || Energy: ~3.74e-12 (- 0.00dB)
[@     1m24s] Timestep:        28507 || Speed:   50.3 MC/s (2.934e-03 s/TS) || Energy: ~2.23e-12 (- 2.24dB)
[@     1m30s] Timestep:        30473 || Speed:   49.4 MC/s (2.983e-03 s/TS) || Energy: ~2.30e-13 (-12.11dB)
[@     1m36s] Timestep:        32439 || Speed:   50.0 MC/s (2.948e-03 s/TS) || Energy: ~1.34e-12 (- 4.46dB)
[@     1m41s] Timestep:        34405 || Speed:   50.5 MC/s (2.916e-03 s/TS) || Energy: ~9.41e-13 (- 5.99dB)
[@     1m47s] Timestep:        36371 || Speed:   50.1 MC/s (2.943e-03 s/TS) || Energy: ~1.14e-13 (-15.15dB)
[@     1m53s] Timestep:        38337 || Speed:   49.4 MC/s (2.986e-03 s/TS) || Energy: ~8.60e-14 (-16.38dB)
[@     2m00s] Timestep:        40303 || Speed:   43.2 MC/s (3.414e-03 s/TS) || Energy: ~5.96e-14 (-17.98dB)
[@     2m06s] Timestep:        42269 || Speed:   49.5 MC/s (2.980e-03 s/TS) || Energy: ~2.24e-14 (-22.23dB)
[@     2m11s] Timestep:        44235 || Speed:   50.0 MC/s (2.950e-03 s/TS) || Energy: ~5.57e-14 (-18.27dB)
[@     2m17s] Timestep:        46201 || Speed:   49.6 MC/s (2.974e-03 s/TS) || Energy: ~9.93e-13 (- 5.76dB)
[@     2m23s] Timestep:        48167 || Speed:   48.8 MC/s (3.021e-03 s/TS) || Energy: ~2.98e-12 (- 0.98dB)
[@     2m29s] Timestep:        50133 || Speed:   49.6 MC/s (2.974e-03 s/TS) || Energy: ~8.55e-11 (- 0.00dB)
[@     2m35s] Timestep:        52099 || Speed:   50.6 MC/s (2.913e-03 s/TS) || Energy: ~1.70e-10 (- 0.00dB)
[@     2m41s] Timestep:        54065 || Speed:   49.9 MC/s (2.955e-03 s/TS) || Energy: ~7.09e-09 (- 0.00dB)
[@     2m46s] Timestep:        56031 || Speed:   50.6 MC/s (2.914e-03 s/TS) || Energy: ~1.05e-08 (- 0.00dB)
[@     2m52s] Timestep:        57997 || Speed:   49.8 MC/s (2.961e-03 s/TS) || Energy: ~5.66e-07 (- 0.00dB)
[@     2m58s] Timestep:        59963 || Speed:   49.8 MC/s (2.959e-03 s/TS) || Energy: ~7.79e-07 (- 0.00dB)
[@     3m04s] Timestep:        61929 || Speed:   50.0 MC/s (2.950e-03 s/TS) || Energy: ~4.35e-05 (- 0.00dB)
[@     3m10s] Timestep:        63895 || Speed:   50.0 MC/s (2.946e-03 s/TS) || Energy: ~7.21e-05 (- 0.00dB)
[@     3m15s] Timestep:        65861 || Speed:   50.9 MC/s (2.896e-03 s/TS) || Energy: ~3.23e-03 (- 0.00dB)
[@     3m21s] Timestep:        67827 || Speed:   50.3 MC/s (2.928e-03 s/TS) || Energy: ~7.53e-03 (- 0.00dB)
[@     3m27s] Timestep:        69793 || Speed:   50.5 MC/s (2.920e-03 s/TS) || Energy: ~2.30e-01 (- 0.00dB)
[@     3m32s] Timestep:        71759 || Speed:   50.4 MC/s (2.922e-03 s/TS) || Energy: ~8.02e-01 (- 0.00dB)
[@     3m38s] Timestep:        73725 || Speed:   50.5 MC/s (2.920e-03 s/TS) || Energy: ~1.58e+01 (- 0.00dB)
[@     3m44s] Timestep:        75691 || Speed:   50.7 MC/s (2.906e-03 s/TS) || Energy: ~8.31e+01 (- 0.00dB)
[@     3m50s] Timestep:        77657 || Speed:   51.1 MC/s (2.887e-03 s/TS) || Energy: ~1.04e+03 (- 0.00dB)
[@     3m55s] Timestep:        79623 || Speed:   50.3 MC/s (2.932e-03 s/TS) || Energy: ~8.22e+03 (- 0.00dB)
[@     4m01s] Timestep:        81589 || Speed:   49.7 MC/s (2.963e-03 s/TS) || Energy: ~6.49e+04 (- 0.00dB)
[@     4m07s] Timestep:        83555 || Speed:   49.8 MC/s (2.962e-03 s/TS) || Energy: ~7.77e+05 (- 0.00dB)
[@     4m13s] Timestep:        85521 || Speed:   50.0 MC/s (2.949e-03 s/TS) || Energy: ~3.88e+06 (- 0.00dB)
[@     4m19s] Timestep:        87487 || Speed:   49.9 MC/s (2.954e-03 s/TS) || Energy: ~7.02e+07 (- 0.00dB)
[@     4m24s] Timestep:        89453 || Speed:   50.3 MC/s (2.933e-03 s/TS) || Energy: ~2.23e+08 (- 0.00dB)
[@     4m30s] Timestep:        91419 || Speed:   48.9 MC/s (3.015e-03 s/TS) || Energy: ~6.08e+09 (- 0.00dB)
[@     4m36s] Timestep:        93385 || Speed:   49.9 MC/s (2.954e-03 s/TS) || Energy: ~1.27e+10 (- 0.00dB)
[@     4m42s] Timestep:        95351 || Speed:   50.2 MC/s (2.938e-03 s/TS) || Energy: ~5.07e+11 (- 0.00dB)
[@     4m48s] Timestep:        97317 || Speed:   49.7 MC/s (2.965e-03 s/TS) || Energy: ~7.69e+11 (- 0.00dB)
[@     4m54s] Timestep:        99283 || Speed:   50.1 MC/s (2.943e-03 s/TS) || Energy: ~4.07e+13 (- 0.00dB)
[@     4m59s] Timestep:       101249 || Speed:   50.0 MC/s (2.951e-03 s/TS) || Energy: ~5.56e+13 (- 0.00dB)
[@     5m05s] Timestep:       103215 || Speed:   50.0 MC/s (2.948e-03 s/TS) || Energy: ~3.15e+15 (- 0.00dB)
[@     5m11s] Timestep:       105181 || Speed:   49.9 MC/s (2.955e-03 s/TS) || Energy: ~5.03e+15 (- 0.00dB)
[@     5m17s] Timestep:       107147 || Speed:   50.1 MC/s (2.942e-03 s/TS) || Energy: ~2.34e+17 (- 0.00dB)
[@     5m23s] Timestep:       109113 || Speed:   50.1 MC/s (2.940e-03 s/TS) || Energy: ~5.20e+17 (- 0.00dB)
[@     5m28s] Timestep:       111079 || Speed:   50.3 MC/s (2.930e-03 s/TS) || Energy: ~1.68e+19 (- 0.00dB)
[@     5m34s] Timestep:       113045 || Speed:   50.1 MC/s (2.941e-03 s/TS) || Energy: ~5.55e+19 (- 0.00dB)
[@     5m40s] Timestep:       115011 || Speed:   50.3 MC/s (2.929e-03 s/TS) || Energy: ~1.16e+21 (- 0.00dB)
[@     5m46s] Timestep:       116977 || Speed:   50.1 MC/s (2.941e-03 s/TS) || Energy: ~5.78e+21 (- 0.00dB)
[@     5m51s] Timestep:       118943 || Speed:   50.5 MC/s (2.917e-03 s/TS) || Energy: ~7.64e+22 (- 0.00dB)
[@     5m57s] Timestep:       120909 || Speed:   49.9 MC/s (2.954e-03 s/TS) || Energy: ~5.75e+23 (- 0.00dB)
[@     6m03s] Timestep:       122875 || Speed:   50.0 MC/s (2.948e-03 s/TS) || Energy: ~4.82e+24 (- 0.00dB)
[@     6m09s] Timestep:       124841 || Speed:   50.0 MC/s (2.949e-03 s/TS) || Energy: ~5.47e+25 (- 0.00dB)
[@     6m15s] Timestep:       126807 || Speed:   49.9 MC/s (2.957e-03 s/TS) || Energy: ~2.90e+26 (- 0.00dB)
[@     6m20s] Timestep:       128773 || Speed:   50.2 MC/s (2.934e-03 s/TS) || Energy: ~4.97e+27 (- 0.00dB)
[@     6m26s] Timestep:       130739 || Speed:   50.0 MC/s (2.947e-03 s/TS) || Energy: ~1.67e+28 (- 0.00dB)
[@     6m32s] Timestep:       132705 || Speed:   50.4 MC/s (2.926e-03 s/TS) || Energy: ~   inf (-  nandB)
Time for 132705 iterations with 147420.00 cells : 392.36 sec
Speed: 49.86 MCells/s 
[rfsim] NF2FF_p1 at 1.750 GHz...
[rfsim] far-field: Dmax -19.7 dBi, radiated 4633232773.5% of input power
[rfsim] WARNING: port 1 gives out more power than it takes in (max sum|S|^2 = 2.38). The S-parameters of this port are NOT reliable. On a CPW port or a stripline port the usual cause is a mesh that is too coarse across the line. Run again at the medium or the fine preset.
[rfsim] S11: -1.8 .. -1.4 dB
[rfsim] S21: -0.7 .. 2.2 dB
[rfsim] wrote C:\Users\chith\Desktop\telemetry\RF Analysis\results\laptop\step1_short_coarse_lumped_signalonly\results.s2p
