[rfsim] WARNING: Copper on F.Cu/In1.Cu/In2.Cu/B.Cu extends beyond the simulation domain and is cut at the boundary. If it's part of the structure under test, increase the domain margin.
[rfsim] mesh resolution: 1.165 mm (fine)
[rfsim] === excitation 1/1 (port 1) ===
[rfsim] UserWarning: h5py is running against HDF5 2.2.0 when it was built against 2.0.0, this may cause problems
[rfsim] port 1: lumped at (18.26, -34.50) 
[rfsim] port 2: lumped at (18.26, -29.50) 
[rfsim] mesh: 77 x 83 x 51 lines
[rfsim] engine: multithreaded, 8 thread(s)
openEMS - enabled multithreading
openEMS - fixed number of threads: 8
 ---------------------------------------------------------------------- 
 | openEMS 64bit -- version v0.37.0-rc2
 | (C) 2010-2026 Thorsten Liebig <thorsten.liebig@gmx.de>  GPL license
 ---------------------------------------------------------------------- 
	Used external libraries:
		CSXCAD -- Version: v0.7.0-rc2
		hdf5   -- Version: 2.2.0
		          compiled against: HDF5 library version: 2.2.0
		tinyxml -- compiled against: 2.6.2
		fparser
		boost  -- compiled against: 1_91
		vtk -- Version: 9.3.20231030
		       compiled against: 9.3.20231030

Create FDTD operator (compressed SSE + multi-threading)
FDTD simulation size: 77x83x51 --> 325941 FDTD cells 
FDTD timestep is: 6.58572e-14 s; Nyquist rate: 2530 timesteps @3.00086e+09 Hz
openEMS::SetupFDTD: Warning, the timestep seems to be very small --> long simulation. Check your mesh!?
Excitation signal length is: 34800 timesteps (2.29183e-09s)
Max. number of timesteps: 120000 ( --> 3.44828 * Excitation signal length)
Create FDTD engine (compressed SSE + multi-threading)
Warning: Unused primitive (type: LinPoly) detected in property: cu_F.Cu!
Warning: Unused primitive (type: LinPoly) detected in property: cu_In1.Cu!
Warning: Unused primitive (type: LinPoly) detected in property: cu_In2.Cu!
Warning: Unused primitive (type: LinPoly) detected in property: cu_B.Cu!
Warning: Unused primitive (type: Cylinder) detected in property: vias!
Warning: Unused primitive (type: Cylinder) detected in property: vias!
Running FDTD engine... this may take a while... grab a cup of coffee?!?
[@        4s] Timestep:          632 || Speed:   45.7 MC/s (7.136e-03 s/TS) || Energy: ~1.76e-21 (- 0.00dB)
[@        8s] Timestep:         1264 || Speed:   47.1 MC/s (6.926e-03 s/TS) || Energy: ~3.32e-21 (- 0.00dB)
[@       13s] Timestep:         1896 || Speed:   48.6 MC/s (6.700e-03 s/TS) || Energy: ~2.74e-21 (- 0.82dB)
[@       17s] Timestep:         2528 || Speed:   50.7 MC/s (6.426e-03 s/TS) || Energy: ~1.39e-21 (- 3.77dB)
[@       21s] Timestep:         3160 || Speed:   50.4 MC/s (6.464e-03 s/TS) || Energy: ~5.56e-20 (- 0.00dB)
[@       25s] Timestep:         3792 || Speed:   50.4 MC/s (6.473e-03 s/TS) || Energy: ~4.06e-19 (- 0.00dB)
[@       29s] Timestep:         4424 || Speed:   50.7 MC/s (6.434e-03 s/TS) || Energy: ~1.53e-18 (- 0.00dB)
[@       33s] Timestep:         5056 || Speed:   51.5 MC/s (6.330e-03 s/TS) || Energy: ~3.59e-18 (- 0.00dB)
[@       37s] Timestep:         5688 || Speed:   51.4 MC/s (6.340e-03 s/TS) || Energy: ~4.92e-18 (- 0.00dB)
[@       41s] Timestep:         6320 || Speed:   51.0 MC/s (6.391e-03 s/TS) || Energy: ~2.48e-18 (- 2.98dB)
[@       46s] Timestep:         6952 || Speed:   43.0 MC/s (7.585e-03 s/TS) || Energy: ~1.99e-18 (- 3.94dB)
[@       51s] Timestep:         7584 || Speed:   42.3 MC/s (7.714e-03 s/TS) || Energy: ~4.05e-17 (- 0.00dB)
[@       55s] Timestep:         8216 || Speed:   42.5 MC/s (7.674e-03 s/TS) || Energy: ~1.92e-16 (- 0.00dB)
[@     1m00s] Timestep:         8848 || Speed:   42.9 MC/s (7.606e-03 s/TS) || Energy: ~4.92e-16 (- 0.00dB)
[@     1m05s] Timestep:         9480 || Speed:   42.6 MC/s (7.646e-03 s/TS) || Energy: ~7.84e-16 (- 0.00dB)
[@     1m10s] Timestep:        10112 || Speed:   43.2 MC/s (7.539e-03 s/TS) || Energy: ~7.16e-16 (- 0.40dB)
[@     1m15s] Timestep:        10744 || Speed:   43.1 MC/s (7.561e-03 s/TS) || Energy: ~2.13e-16 (- 5.67dB)
[@     1m19s] Timestep:        11376 || Speed:   43.5 MC/s (7.493e-03 s/TS) || Energy: ~2.65e-16 (- 4.72dB)
[@     1m24s] Timestep:        12008 || Speed:   43.2 MC/s (7.540e-03 s/TS) || Energy: ~2.84e-15 (- 0.00dB)
[@     1m29s] Timestep:        12640 || Speed:   42.8 MC/s (7.619e-03 s/TS) || Energy: ~8.82e-15 (- 0.00dB)
[@     1m34s] Timestep:        13272 || Speed:   42.8 MC/s (7.621e-03 s/TS) || Energy: ~1.54e-14 (- 0.00dB)
[@     1m39s] Timestep:        13904 || Speed:   43.1 MC/s (7.557e-03 s/TS) || Energy: ~1.67e-14 (- 0.00dB)
[@     1m43s] Timestep:        14536 || Speed:   43.2 MC/s (7.552e-03 s/TS) || Energy: ~1.01e-14 (- 2.18dB)
[@     1m48s] Timestep:        15168 || Speed:   43.0 MC/s (7.580e-03 s/TS) || Energy: ~1.75e-15 (- 9.80dB)
[@     1m53s] Timestep:        15800 || Speed:   43.3 MC/s (7.531e-03 s/TS) || Energy: ~3.23e-15 (- 7.13dB)
[@     1m58s] Timestep:        16432 || Speed:   43.2 MC/s (7.545e-03 s/TS) || Energy: ~1.92e-14 (- 0.00dB)
[@     2m02s] Timestep:        17064 || Speed:   43.3 MC/s (7.536e-03 s/TS) || Energy: ~3.95e-14 (- 0.00dB)
[@     2m07s] Timestep:        17696 || Speed:   43.1 MC/s (7.566e-03 s/TS) || Energy: ~4.68e-14 (- 0.00dB)
[@     2m12s] Timestep:        18328 || Speed:   42.8 MC/s (7.622e-03 s/TS) || Energy: ~3.46e-14 (- 1.31dB)
[@     2m17s] Timestep:        18960 || Speed:   41.3 MC/s (7.883e-03 s/TS) || Energy: ~1.38e-14 (- 5.29dB)
[@     2m22s] Timestep:        19592 || Speed:   40.1 MC/s (8.137e-03 s/TS) || Energy: ~1.47e-15 (-15.03dB)
[@     2m27s] Timestep:        20224 || Speed:   43.1 MC/s (7.563e-03 s/TS) || Energy: ~3.68e-15 (-11.04dB)
[@     2m32s] Timestep:        20856 || Speed:   41.6 MC/s (7.844e-03 s/TS) || Energy: ~1.26e-14 (- 5.69dB)
[@     2m37s] Timestep:        21488 || Speed:   40.5 MC/s (8.052e-03 s/TS) || Energy: ~1.72e-14 (- 4.34dB)
[@     2m42s] Timestep:        22120 || Speed:   41.0 MC/s (7.956e-03 s/TS) || Energy: ~1.39e-14 (- 5.26dB)
[@     2m47s] Timestep:        22752 || Speed:   39.3 MC/s (8.304e-03 s/TS) || Energy: ~7.05e-15 (- 8.22dB)
[@     2m52s] Timestep:        23384 || Speed:   39.6 MC/s (8.237e-03 s/TS) || Energy: ~1.91e-15 (-13.90dB)
[@     2m58s] Timestep:        24016 || Speed:   39.5 MC/s (8.259e-03 s/TS) || Energy: ~1.91e-16 (-23.89dB)
[@     3m03s] Timestep:        24648 || Speed:   38.7 MC/s (8.422e-03 s/TS) || Energy: ~4.35e-16 (-20.32dB)
[@     3m08s] Timestep:        25280 || Speed:   39.3 MC/s (8.291e-03 s/TS) || Energy: ~8.38e-16 (-17.47dB)
[@     3m14s] Timestep:        25912 || Speed:   38.1 MC/s (8.549e-03 s/TS) || Energy: ~7.60e-16 (-17.89dB)
[@     3m19s] Timestep:        26544 || Speed:   37.8 MC/s (8.616e-03 s/TS) || Energy: ~4.27e-16 (-20.40dB)
[@     3m25s] Timestep:        27176 || Speed:   37.7 MC/s (8.654e-03 s/TS) || Energy: ~1.58e-16 (-24.72dB)
[@     3m30s] Timestep:        27808 || Speed:   36.9 MC/s (8.830e-03 s/TS) || Energy: ~4.07e-17 (-30.61dB)
[@     3m36s] Timestep:        28440 || Speed:   37.8 MC/s (8.613e-03 s/TS) || Energy: ~1.59e-17 (-34.67dB)
[@     3m41s] Timestep:        29072 || Speed:   38.3 MC/s (8.502e-03 s/TS) || Energy: ~1.63e-17 (-34.57dB)
[@     3m46s] Timestep:        29704 || Speed:   42.2 MC/s (7.715e-03 s/TS) || Energy: ~1.52e-17 (-34.90dB)
[@     3m52s] Timestep:        30336 || Speed:   35.7 MC/s (9.137e-03 s/TS) || Energy: ~1.07e-17 (-36.39dB)
[@     3m57s] Timestep:        30968 || Speed:   38.1 MC/s (8.566e-03 s/TS) || Energy: ~6.40e-18 (-38.64dB)
[@     4m02s] Timestep:        31600 || Speed:   38.8 MC/s (8.409e-03 s/TS) || Energy: ~3.50e-18 (-41.26dB)
[@     4m08s] Timestep:        32232 || Speed:   37.2 MC/s (8.763e-03 s/TS) || Energy: ~1.86e-18 (-43.99dB)
[@     4m14s] Timestep:        32864 || Speed:   34.0 MC/s (9.576e-03 s/TS) || Energy: ~1.08e-18 (-46.37dB)
[@     4m20s] Timestep:        33496 || Speed:   36.3 MC/s (8.972e-03 s/TS) || Energy: ~8.47e-19 (-47.42dB)
[@     4m25s] Timestep:        34128 || Speed:   38.2 MC/s (8.531e-03 s/TS) || Energy: ~9.43e-19 (-46.96dB)
[@     4m30s] Timestep:        34760 || Speed:   38.9 MC/s (8.384e-03 s/TS) || Energy: ~1.16e-18 (-46.04dB)
[@     4m36s] Timestep:        35392 || Speed:   38.1 MC/s (8.550e-03 s/TS) || Energy: ~1.35e-18 (-45.40dB)
[@     4m41s] Timestep:        36024 || Speed:   37.4 MC/s (8.720e-03 s/TS) || Energy: ~1.40e-18 (-45.23dB)
[@     4m46s] Timestep:        36656 || Speed:   41.1 MC/s (7.930e-03 s/TS) || Energy: ~1.30e-18 (-45.56dB)
[@     4m51s] Timestep:        37288 || Speed:   42.4 MC/s (7.693e-03 s/TS) || Energy: ~1.07e-18 (-46.39dB)
[@     4m56s] Timestep:        37920 || Speed:   42.6 MC/s (7.659e-03 s/TS) || Energy: ~7.91e-19 (-47.72dB)
[@     5m01s] Timestep:        38552 || Speed:   42.4 MC/s (7.688e-03 s/TS) || Energy: ~5.20e-19 (-49.54dB)
[@     5m06s] Timestep:        39184 || Speed:   42.1 MC/s (7.748e-03 s/TS) || Energy: ~3.10e-19 (-51.79dB)
[@     5m10s] Timestep:        39816 || Speed:   49.3 MC/s (6.608e-03 s/TS) || Energy: ~1.86e-19 (-54.01dB)
[@     5m14s] Timestep:        40448 || Speed:   51.2 MC/s (6.365e-03 s/TS) || Energy: ~1.43e-19 (-55.16dB)
[@     5m18s] Timestep:        41080 || Speed:   50.2 MC/s (6.496e-03 s/TS) || Energy: ~1.58e-19 (-54.72dB)
[@     5m22s] Timestep:        41712 || Speed:   50.9 MC/s (6.403e-03 s/TS) || Energy: ~2.00e-19 (-53.70dB)
[@     5m26s] Timestep:        42344 || Speed:   51.1 MC/s (6.384e-03 s/TS) || Energy: ~2.40e-19 (-52.91dB)
[@     5m30s] Timestep:        42976 || Speed:   50.7 MC/s (6.435e-03 s/TS) || Energy: ~2.59e-19 (-52.58dB)
[@     5m34s] Timestep:        43608 || Speed:   50.5 MC/s (6.454e-03 s/TS) || Energy: ~2.49e-19 (-52.74dB)
[@     5m38s] Timestep:        44240 || Speed:   51.1 MC/s (6.372e-03 s/TS) || Energy: ~2.15e-19 (-53.37dB)
[@     5m42s] Timestep:        44872 || Speed:   51.1 MC/s (6.373e-03 s/TS) || Energy: ~1.67e-19 (-54.47dB)
[@     5m46s] Timestep:        45504 || Speed:   50.9 MC/s (6.399e-03 s/TS) || Energy: ~1.17e-19 (-56.03dB)
[@     5m50s] Timestep:        46136 || Speed:   50.2 MC/s (6.490e-03 s/TS) || Energy: ~7.45e-20 (-57.98dB)
[@     5m54s] Timestep:        46768 || Speed:   51.0 MC/s (6.393e-03 s/TS) || Energy: ~4.64e-20 (-60.04dB)
[@     5m59s] Timestep:        47400 || Speed:   50.9 MC/s (6.409e-03 s/TS) || Energy: ~3.29e-20 (-61.52dB)
[@     6m03s] Timestep:        48032 || Speed:   50.6 MC/s (6.437e-03 s/TS) || Energy: ~3.13e-20 (-61.75dB)
[@     6m07s] Timestep:        48664 || Speed:   50.6 MC/s (6.448e-03 s/TS) || Energy: ~3.63e-20 (-61.10dB)
[@     6m11s] Timestep:        49296 || Speed:   51.4 MC/s (6.342e-03 s/TS) || Energy: ~4.27e-20 (-60.40dB)
[@     6m15s] Timestep:        49928 || Speed:   51.0 MC/s (6.388e-03 s/TS) || Energy: ~4.66e-20 (-60.02dB)
[@     6m19s] Timestep:        50560 || Speed:   51.2 MC/s (6.366e-03 s/TS) || Energy: ~4.59e-20 (-60.08dB)
[@     6m23s] Timestep:        51192 || Speed:   50.1 MC/s (6.509e-03 s/TS) || Energy: ~4.09e-20 (-60.58dB)
[@     6m27s] Timestep:        51824 || Speed:   51.0 MC/s (6.387e-03 s/TS) || Energy: ~3.28e-20 (-61.54dB)
[@     6m31s] Timestep:        52456 || Speed:   50.3 MC/s (6.477e-03 s/TS) || Energy: ~2.39e-20 (-62.92dB)
[@     6m35s] Timestep:        53088 || Speed:   51.3 MC/s (6.358e-03 s/TS) || Energy: ~1.59e-20 (-64.69dB)
[@     6m39s] Timestep:        53720 || Speed:   51.0 MC/s (6.392e-03 s/TS) || Energy: ~1.01e-20 (-66.64dB)
[@     6m43s] Timestep:        54352 || Speed:   51.3 MC/s (6.357e-03 s/TS) || Energy: ~7.03e-21 (-68.23dB)
[@     6m47s] Timestep:        54984 || Speed:   50.9 MC/s (6.404e-03 s/TS) || Energy: ~6.24e-21 (-68.75dB)
[@     6m51s] Timestep:        55616 || Speed:   51.5 MC/s (6.329e-03 s/TS) || Energy: ~6.95e-21 (-68.28dB)
[@     6m55s] Timestep:        56248 || Speed:   51.0 MC/s (6.388e-03 s/TS) || Energy: ~8.22e-21 (-67.55dB)
[@     6m59s] Timestep:        56880 || Speed:   51.0 MC/s (6.385e-03 s/TS) || Energy: ~9.28e-21 (-67.02dB)
[@     7m03s] Timestep:        57512 || Speed:   50.8 MC/s (6.418e-03 s/TS) || Energy: ~9.66e-21 (-66.85dB)
[@     7m07s] Timestep:        58144 || Speed:   50.3 MC/s (6.485e-03 s/TS) || Energy: ~9.24e-21 (-67.04dB)
[@     7m12s] Timestep:        58776 || Speed:   46.0 MC/s (7.088e-03 s/TS) || Energy: ~8.20e-21 (-67.56dB)
[@     7m16s] Timestep:        59408 || Speed:   45.4 MC/s (7.179e-03 s/TS) || Energy: ~6.86e-21 (-68.34dB)
[@     7m21s] Timestep:        60040 || Speed:   43.8 MC/s (7.438e-03 s/TS) || Energy: ~5.56e-21 (-69.25dB)
[@     7m26s] Timestep:        60672 || Speed:   44.5 MC/s (7.323e-03 s/TS) || Energy: ~4.54e-21 (-70.13dB)
[@     7m31s] Timestep:        61304 || Speed:   42.3 MC/s (7.704e-03 s/TS) || Energy: ~3.92e-21 (-70.76dB)
[@     7m35s] Timestep:        61936 || Speed:   42.7 MC/s (7.641e-03 s/TS) || Energy: ~3.70e-21 (-71.02dB)
[@     7m40s] Timestep:        62568 || Speed:   43.3 MC/s (7.530e-03 s/TS) || Energy: ~3.74e-21 (-70.97dB)
[@     7m45s] Timestep:        63200 || Speed:   43.9 MC/s (7.425e-03 s/TS) || Energy: ~3.91e-21 (-70.78dB)
[@     7m50s] Timestep:        63832 || Speed:   43.5 MC/s (7.500e-03 s/TS) || Energy: ~4.05e-21 (-70.62dB)
[@     7m54s] Timestep:        64464 || Speed:   42.7 MC/s (7.635e-03 s/TS) || Energy: ~4.09e-21 (-70.58dB)
[@     7m59s] Timestep:        65096 || Speed:   42.1 MC/s (7.744e-03 s/TS) || Energy: ~3.99e-21 (-70.69dB)
[@     8m04s] Timestep:        65728 || Speed:   41.0 MC/s (7.947e-03 s/TS) || Energy: ~3.77e-21 (-70.93dB)
[@     8m09s] Timestep:        66360 || Speed:   41.1 MC/s (7.923e-03 s/TS) || Energy: ~3.49e-21 (-71.27dB)
[@     8m14s] Timestep:        66992 || Speed:   42.3 MC/s (7.713e-03 s/TS) || Energy: ~3.20e-21 (-71.65dB)
[@     8m19s] Timestep:        67624 || Speed:   40.7 MC/s (8.000e-03 s/TS) || Energy: ~2.96e-21 (-71.99dB)
[@     8m24s] Timestep:        68256 || Speed:   39.9 MC/s (8.177e-03 s/TS) || Energy: ~2.78e-21 (-72.26dB)
[@     8m29s] Timestep:        68888 || Speed:   43.4 MC/s (7.512e-03 s/TS) || Energy: ~2.67e-21 (-72.44dB)
[@     8m34s] Timestep:        69520 || Speed:   44.0 MC/s (7.414e-03 s/TS) || Energy: ~2.61e-21 (-72.54dB)
[@     8m38s] Timestep:        70152 || Speed:   44.8 MC/s (7.270e-03 s/TS) || Energy: ~2.57e-21 (-72.60dB)
[@     8m43s] Timestep:        70784 || Speed:   49.3 MC/s (6.609e-03 s/TS) || Energy: ~2.52e-21 (-72.68dB)
[@     8m47s] Timestep:        71416 || Speed:   50.6 MC/s (6.442e-03 s/TS) || Energy: ~2.46e-21 (-72.80dB)
[@     8m51s] Timestep:        72048 || Speed:   50.5 MC/s (6.452e-03 s/TS) || Energy: ~2.36e-21 (-72.98dB)
[@     8m55s] Timestep:        72680 || Speed:   50.8 MC/s (6.420e-03 s/TS) || Energy: ~2.22e-21 (-73.23dB)
[@     8m59s] Timestep:        73312 || Speed:   50.8 MC/s (6.418e-03 s/TS) || Energy: ~2.08e-21 (-73.53dB)
[@     9m03s] Timestep:        73944 || Speed:   50.6 MC/s (6.446e-03 s/TS) || Energy: ~1.92e-21 (-73.87dB)
[@     9m07s] Timestep:        74576 || Speed:   51.2 MC/s (6.364e-03 s/TS) || Energy: ~1.77e-21 (-74.22dB)
[@     9m11s] Timestep:        75208 || Speed:   51.3 MC/s (6.356e-03 s/TS) || Energy: ~1.63e-21 (-74.57dB)
[@     9m15s] Timestep:        75840 || Speed:   51.4 MC/s (6.345e-03 s/TS) || Energy: ~1.52e-21 (-74.89dB)
[@     9m19s] Timestep:        76472 || Speed:   51.4 MC/s (6.341e-03 s/TS) || Energy: ~1.41e-21 (-75.19dB)
[@     9m23s] Timestep:        77104 || Speed:   51.3 MC/s (6.354e-03 s/TS) || Energy: ~1.33e-21 (-75.48dB)
[@     9m27s] Timestep:        77736 || Speed:   51.3 MC/s (6.351e-03 s/TS) || Energy: ~1.24e-21 (-75.75dB)
[@     9m31s] Timestep:        78368 || Speed:   51.1 MC/s (6.376e-03 s/TS) || Energy: ~1.17e-21 (-76.03dB)
[@     9m39s] Timestep:        79632 || Speed:   51.4 MC/s (6.337e-03 s/TS) || Energy: ~1.02e-21 (-76.61dB)
[@     9m43s] Timestep:        80264 || Speed:   51.5 MC/s (6.330e-03 s/TS) || Energy: ~9.49e-22 (-76.93dB)
[@     9m47s] Timestep:        80960 || Speed:   51.5 MC/s (6.326e-03 s/TS) || Energy: ~8.75e-22 (-77.28dB)
[@     9m55s] Timestep:        82160 || Speed:   51.4 MC/s (6.343e-03 s/TS) || Energy: ~7.66e-22 (-77.86dB)
[@     9m59s] Timestep:        82792 || Speed:   51.4 MC/s (6.337e-03 s/TS) || Energy: ~7.19e-22 (-78.14dB)
[@    10m03s] Timestep:        83424 || Speed:   50.7 MC/s (6.432e-03 s/TS) || Energy: ~6.79e-22 (-78.38dB)
[@    10m07s] Timestep:        84056 || Speed:   51.4 MC/s (6.347e-03 s/TS) || Energy: ~6.45e-22 (-78.61dB)
[@    10m11s] Timestep:        84688 || Speed:   51.3 MC/s (6.359e-03 s/TS) || Energy: ~6.17e-22 (-78.80dB)
[@    10m15s] Timestep:        85320 || Speed:   50.3 MC/s (6.478e-03 s/TS) || Energy: ~5.93e-22 (-78.97dB)
[@    10m19s] Timestep:        85952 || Speed:   51.3 MC/s (6.357e-03 s/TS) || Energy: ~5.73e-22 (-79.12dB)
[@    10m23s] Timestep:        86584 || Speed:   51.2 MC/s (6.360e-03 s/TS) || Energy: ~5.55e-22 (-79.26dB)
[@    10m27s] Timestep:        87216 || Speed:   51.2 MC/s (6.367e-03 s/TS) || Energy: ~5.40e-22 (-79.37dB)
[@    10m31s] Timestep:        87848 || Speed:   51.3 MC/s (6.354e-03 s/TS) || Energy: ~5.28e-22 (-79.47dB)
[@    10m35s] Timestep:        88480 || Speed:   50.9 MC/s (6.400e-03 s/TS) || Energy: ~5.18e-22 (-79.55dB)
[@    10m39s] Timestep:        89112 || Speed:   50.9 MC/s (6.401e-03 s/TS) || Energy: ~5.11e-22 (-79.62dB)
[@    10m43s] Timestep:        89744 || Speed:   50.9 MC/s (6.404e-03 s/TS) || Energy: ~5.05e-22 (-79.67dB)
[@    10m48s] Timestep:        90376 || Speed:   50.2 MC/s (6.495e-03 s/TS) || Energy: ~5.00e-22 (-79.71dB)
[@    10m52s] Timestep:        91008 || Speed:   51.3 MC/s (6.359e-03 s/TS) || Energy: ~4.96e-22 (-79.75dB)
[@    10m56s] Timestep:        91640 || Speed:   51.1 MC/s (6.374e-03 s/TS) || Energy: ~4.92e-22 (-79.78dB)
[@    11m00s] Timestep:        92272 || Speed:   51.1 MC/s (6.382e-03 s/TS) || Energy: ~4.88e-22 (-79.81dB)
[@    11m04s] Timestep:        92904 || Speed:   51.4 MC/s (6.345e-03 s/TS) || Energy: ~4.84e-22 (-79.85dB)
[@    11m08s] Timestep:        93536 || Speed:   51.1 MC/s (6.374e-03 s/TS) || Energy: ~4.78e-22 (-79.90dB)
[@    11m12s] Timestep:        94168 || Speed:   50.9 MC/s (6.405e-03 s/TS) || Energy: ~4.72e-22 (-79.96dB)
[@    11m16s] Timestep:        94800 || Speed:   51.0 MC/s (6.391e-03 s/TS) || Energy: ~4.64e-22 (-80.04dB)
[@    11m20s] Timestep:        95432 || Speed:   50.4 MC/s (6.461e-03 s/TS) || Energy: ~4.55e-22 (-80.12dB)
[@    11m24s] Timestep:        96064 || Speed:   51.3 MC/s (6.351e-03 s/TS) || Energy: ~4.45e-22 (-80.21dB)
[@    11m28s] Timestep:        96696 || Speed:   50.9 MC/s (6.402e-03 s/TS) || Energy: ~4.35e-22 (-80.32dB)
[@    11m32s] Timestep:        97328 || Speed:   50.8 MC/s (6.416e-03 s/TS) || Energy: ~4.23e-22 (-80.44dB)
[@    11m36s] Timestep:        97960 || Speed:   50.8 MC/s (6.418e-03 s/TS) || Energy: ~4.10e-22 (-80.57dB)
[@    11m40s] Timestep:        98592 || Speed:   51.3 MC/s (6.355e-03 s/TS) || Energy: ~3.97e-22 (-80.71dB)
[@    11m44s] Timestep:        99224 || Speed:   50.4 MC/s (6.473e-03 s/TS) || Energy: ~3.84e-22 (-80.86dB)
[@    11m48s] Timestep:        99856 || Speed:   50.2 MC/s (6.496e-03 s/TS) || Energy: ~3.69e-22 (-81.02dB)
[@    11m52s] Timestep:       100488 || Speed:   51.2 MC/s (6.365e-03 s/TS) || Energy: ~3.55e-22 (-81.20dB)
[@    11m56s] Timestep:       101120 || Speed:   51.0 MC/s (6.392e-03 s/TS) || Energy: ~3.40e-22 (-81.38dB)
[@    12m00s] Timestep:       101752 || Speed:   51.5 MC/s (6.332e-03 s/TS) || Energy: ~3.26e-22 (-81.57dB)
[@    12m04s] Timestep:       102384 || Speed:   51.5 MC/s (6.334e-03 s/TS) || Energy: ~3.11e-22 (-81.77dB)
[@    12m08s] Timestep:       103016 || Speed:   49.5 MC/s (6.586e-03 s/TS) || Energy: ~2.97e-22 (-81.98dB)
[@    12m13s] Timestep:       103648 || Speed:   49.7 MC/s (6.552e-03 s/TS) || Energy: ~2.83e-22 (-82.19dB)
[@    12m17s] Timestep:       104280 || Speed:   49.4 MC/s (6.597e-03 s/TS) || Energy: ~2.69e-22 (-82.40dB)
[@    12m21s] Timestep:       104912 || Speed:   49.7 MC/s (6.564e-03 s/TS) || Energy: ~2.56e-22 (-82.61dB)
[@    12m25s] Timestep:       105544 || Speed:   48.3 MC/s (6.752e-03 s/TS) || Energy: ~2.44e-22 (-82.82dB)
[@    12m29s] Timestep:       106176 || Speed:   49.8 MC/s (6.542e-03 s/TS) || Energy: ~2.33e-22 (-83.03dB)
[@    12m33s] Timestep:       106808 || Speed:   49.8 MC/s (6.548e-03 s/TS) || Energy: ~2.22e-22 (-83.23dB)
[@    12m38s] Timestep:       107440 || Speed:   50.2 MC/s (6.496e-03 s/TS) || Energy: ~2.13e-22 (-83.42dB)
[@    12m42s] Timestep:       108072 || Speed:   50.8 MC/s (6.412e-03 s/TS) || Energy: ~2.04e-22 (-83.61dB)
[@    12m46s] Timestep:       108704 || Speed:   49.6 MC/s (6.565e-03 s/TS) || Energy: ~1.96e-22 (-83.78dB)
[@    12m50s] Timestep:       109336 || Speed:   47.2 MC/s (6.899e-03 s/TS) || Energy: ~1.89e-22 (-83.95dB)
[@    12m55s] Timestep:       109968 || Speed:   46.0 MC/s (7.087e-03 s/TS) || Energy: ~1.82e-22 (-84.10dB)
[@    12m59s] Timestep:       110600 || Speed:   49.3 MC/s (6.616e-03 s/TS) || Energy: ~1.77e-22 (-84.23dB)
[@    13m03s] Timestep:       111232 || Speed:   49.7 MC/s (6.564e-03 s/TS) || Energy: ~1.72e-22 (-84.35dB)
[@    13m07s] Timestep:       111864 || Speed:   47.9 MC/s (6.799e-03 s/TS) || Energy: ~1.68e-22 (-84.45dB)
[@    13m11s] Timestep:       112496 || Speed:   49.7 MC/s (6.565e-03 s/TS) || Energy: ~1.64e-22 (-84.55dB)
[@    13m16s] Timestep:       113128 || Speed:   46.7 MC/s (6.974e-03 s/TS) || Energy: ~1.61e-22 (-84.63dB)
[@    13m20s] Timestep:       113760 || Speed:   49.3 MC/s (6.611e-03 s/TS) || Energy: ~1.59e-22 (-84.69dB)
[@    13m24s] Timestep:       114392 || Speed:   47.1 MC/s (6.921e-03 s/TS) || Energy: ~1.57e-22 (-84.75dB)
[@    13m29s] Timestep:       115024 || Speed:   43.1 MC/s (7.570e-03 s/TS) || Energy: ~1.55e-22 (-84.80dB)
[@    13m34s] Timestep:       115656 || Speed:   43.7 MC/s (7.450e-03 s/TS) || Energy: ~1.53e-22 (-84.85dB)
[@    13m39s] Timestep:       116288 || Speed:   42.2 MC/s (7.718e-03 s/TS) || Energy: ~1.52e-22 (-84.89dB)
[@    13m44s] Timestep:       116920 || Speed:   42.8 MC/s (7.621e-03 s/TS) || Energy: ~1.51e-22 (-84.92dB)
[@    13m48s] Timestep:       117552 || Speed:   42.2 MC/s (7.724e-03 s/TS) || Energy: ~1.50e-22 (-84.95dB)
[@    13m53s] Timestep:       118184 || Speed:   42.8 MC/s (7.620e-03 s/TS) || Energy: ~1.48e-22 (-84.99dB)
[@    13m58s] Timestep:       118816 || Speed:   41.3 MC/s (7.883e-03 s/TS) || Energy: ~1.47e-22 (-85.02dB)
[@    14m03s] Timestep:       119448 || Speed:   43.1 MC/s (7.562e-03 s/TS) || Energy: ~1.46e-22 (-85.06dB)
[@    14m07s] Timestep:       120000 || Speed:   41.1 MC/s (7.925e-03 s/TS) || Energy: ~1.45e-22 (-85.09dB)
RunFDTD: Warning: Max. number of timesteps was reached before the end-criteria of -120dB was reached... 
	You may want to choose a higher number of max. timesteps... 
Time for 120000 iterations with 325941.00 cells : 847.89 sec
Speed: 46.13 MCells/s 
[rfsim] NF2FF_p1 at 1.750 GHz...
[rfsim] far-field: Dmax -15.4 dBi, radiated 0.0% of input power
[rfsim] S11: -36.2 .. -21.2 dB
[rfsim] S21: -0.1 .. -0.0 dB
[rfsim] wrote C:\Users\chith\Desktop\telemetry\RF Analysis\results\laptop\step1_short_fine_lumped_long\results.s2p
