[rfsim] WARNING: Copper on F.Cu/In1.Cu/In2.Cu/B.Cu extends beyond the simulation domain and is cut at the boundary. If it's part of the structure under test, increase the domain margin.
[rfsim] mesh resolution: 1.165 mm (fine)
[rfsim] === excitation 1/2 (port 1) ===
[rfsim] UserWarning: h5py is running against HDF5 2.2.0 when it was built against 2.0.0, this may cause problems
[rfsim] port 1: lumped at (18.26, -35.00) 
[rfsim] port 2: lumped at (18.26, -28.00) 
[rfsim] mesh: 76 x 90 x 51 lines
[rfsim] engine: multithreaded, 8 thread(s)
openEMS - enabled multithreading
openEMS - fixed number of threads: 8
 ---------------------------------------------------------------------- 
 | openEMS 64bit -- version v0.37.0-rc2
 | (C) 2010-2026 Thorsten Liebig <thorsten.liebig@gmx.de>  GPL license
 ---------------------------------------------------------------------- 
	Used external libraries:
		CSXCAD -- Version: v0.7.0-rc2
		hdf5   -- Version: 2.2.0
		          compiled against: HDF5 library version: 2.2.0
		tinyxml -- compiled against: 2.6.2
		fparser
		boost  -- compiled against: 1_91
		vtk -- Version: 9.3.20231030
		       compiled against: 9.3.20231030

Create FDTD operator (compressed SSE + multi-threading)
FDTD simulation size: 76x90x51 --> 348840 FDTD cells 
FDTD timestep is: 6.58261e-14 s; Nyquist rate: 2531 timesteps @3.00109e+09 Hz
openEMS::SetupFDTD: Warning, the timestep seems to be very small --> long simulation. Check your mesh!?
Excitation signal length is: 34817 timesteps (2.29187e-09s)
Max. number of timesteps: 300000 ( --> 8.61648 * Excitation signal length)
Create FDTD engine (compressed SSE + multi-threading)
Warning: Unused primitive (type: LinPoly) detected in property: cu_F.Cu!
Warning: Unused primitive (type: LinPoly) detected in property: cu_In1.Cu!
Warning: Unused primitive (type: LinPoly) detected in property: cu_In2.Cu!
Warning: Unused primitive (type: LinPoly) detected in property: cu_B.Cu!
Warning: Unused primitive (type: Cylinder) detected in property: vias!
Warning: Unused primitive (type: Cylinder) detected in property: vias!
Running FDTD engine... this may take a while... grab a cup of coffee?!?
[@        5s] Timestep:          632 || Speed:   41.3 MC/s (8.445e-03 s/TS) || Energy: ~7.85e-21 (- 0.00dB)
[@       11s] Timestep:         1264 || Speed:   37.2 MC/s (9.380e-03 s/TS) || Energy: ~1.31e-20 (- 0.00dB)
[@       16s] Timestep:         1896 || Speed:   40.0 MC/s (8.718e-03 s/TS) || Energy: ~2.00e-20 (- 0.00dB)
[@       22s] Timestep:         2528 || Speed:   40.8 MC/s (8.542e-03 s/TS) || Energy: ~1.45e-20 (- 1.40dB)
[@       27s] Timestep:         3160 || Speed:   40.4 MC/s (8.644e-03 s/TS) || Energy: ~2.07e-19 (- 0.00dB)
[@       33s] Timestep:         3792 || Speed:   39.8 MC/s (8.755e-03 s/TS) || Energy: ~1.60e-18 (- 0.00dB)
[@       39s] Timestep:         4424 || Speed:   37.4 MC/s (9.316e-03 s/TS) || Energy: ~6.45e-18 (- 0.00dB)
[@       45s] Timestep:         5056 || Speed:   35.5 MC/s (9.831e-03 s/TS) || Energy: ~1.63e-17 (- 0.00dB)
[@       52s] Timestep:         5688 || Speed:   31.0 MC/s (1.127e-02 s/TS) || Energy: ~2.55e-17 (- 0.00dB)
[@       58s] Timestep:         6320 || Speed:   33.6 MC/s (1.040e-02 s/TS) || Energy: ~1.93e-17 (- 1.21dB)
[@     1m05s] Timestep:         6952 || Speed:   35.8 MC/s (9.740e-03 s/TS) || Energy: ~1.24e-17 (- 3.14dB)
[@     1m11s] Timestep:         7584 || Speed:   36.7 MC/s (9.512e-03 s/TS) || Energy: ~1.54e-16 (- 0.00dB)
[@     1m16s] Timestep:         8216 || Speed:   39.9 MC/s (8.747e-03 s/TS) || Energy: ~7.98e-16 (- 0.00dB)
[@     1m22s] Timestep:         8848 || Speed:   38.6 MC/s (9.032e-03 s/TS) || Energy: ~2.23e-15 (- 0.00dB)
[@     1m27s] Timestep:         9480 || Speed:   40.1 MC/s (8.696e-03 s/TS) || Energy: ~3.94e-15 (- 0.00dB)
[@     1m33s] Timestep:        10112 || Speed:   39.9 MC/s (8.744e-03 s/TS) || Energy: ~4.23e-15 (- 0.00dB)
[@     1m39s] Timestep:        10744 || Speed:   38.9 MC/s (8.962e-03 s/TS) || Energy: ~2.09e-15 (- 3.05dB)
[@     1m44s] Timestep:        11376 || Speed:   39.7 MC/s (8.794e-03 s/TS) || Energy: ~1.30e-15 (- 5.12dB)
[@     1m50s] Timestep:        12008 || Speed:   40.5 MC/s (8.622e-03 s/TS) || Energy: ~1.17e-14 (- 0.00dB)
[@     1m55s] Timestep:        12640 || Speed:   39.6 MC/s (8.800e-03 s/TS) || Energy: ~4.07e-14 (- 0.00dB)
[@     2m01s] Timestep:        13272 || Speed:   39.9 MC/s (8.750e-03 s/TS) || Energy: ~7.81e-14 (- 0.00dB)
[@     2m06s] Timestep:        13904 || Speed:   39.9 MC/s (8.745e-03 s/TS) || Energy: ~9.41e-14 (- 0.00dB)
[@     2m12s] Timestep:        14536 || Speed:   39.3 MC/s (8.886e-03 s/TS) || Energy: ~6.70e-14 (- 1.48dB)
[@     2m17s] Timestep:        15168 || Speed:   39.4 MC/s (8.850e-03 s/TS) || Energy: ~1.99e-14 (- 6.75dB)
[@     2m23s] Timestep:        15800 || Speed:   41.8 MC/s (8.347e-03 s/TS) || Energy: ~1.59e-14 (- 7.72dB)
[@     2m28s] Timestep:        16432 || Speed:   42.3 MC/s (8.255e-03 s/TS) || Energy: ~9.45e-14 (- 0.00dB)
[@     2m34s] Timestep:        17064 || Speed:   33.8 MC/s (1.033e-02 s/TS) || Energy: ~2.12e-13 (- 0.00dB)
[@     2m40s] Timestep:        17408 || Speed:   23.0 MC/s (1.519e-02 s/TS) || Energy: ~2.56e-13 (- 0.00dB)
[@     2m51s] Timestep:        18328 || Speed:   27.9 MC/s (1.250e-02 s/TS) || Energy: ~2.13e-13 (- 0.81dB)
[@     3m00s] Timestep:        18960 || Speed:   23.6 MC/s (1.481e-02 s/TS) || Energy: ~9.48e-14 (- 4.32dB)
[@     3m07s] Timestep:        19592 || Speed:   36.3 MC/s (9.605e-03 s/TS) || Energy: ~1.72e-14 (-11.75dB)
[@     3m12s] Timestep:        20224 || Speed:   37.6 MC/s (9.269e-03 s/TS) || Energy: ~2.68e-14 (- 9.81dB)
[@     3m19s] Timestep:        20856 || Speed:   34.5 MC/s (1.012e-02 s/TS) || Energy: ~8.05e-14 (- 5.03dB)
[@     3m25s] Timestep:        21488 || Speed:   34.9 MC/s (9.988e-03 s/TS) || Energy: ~1.08e-13 (- 3.74dB)
[@     3m32s] Timestep:        22120 || Speed:   32.6 MC/s (1.070e-02 s/TS) || Energy: ~8.69e-14 (- 4.70dB)
[@     3m39s] Timestep:        22752 || Speed:   32.1 MC/s (1.087e-02 s/TS) || Energy: ~4.36e-14 (- 7.69dB)
[@     3m45s] Timestep:        23384 || Speed:   37.5 MC/s (9.294e-03 s/TS) || Energy: ~1.30e-14 (-12.95dB)
[@     3m51s] Timestep:        24016 || Speed:   34.3 MC/s (1.017e-02 s/TS) || Energy: ~4.25e-15 (-17.81dB)
[@     3m57s] Timestep:        24648 || Speed:   38.7 MC/s (9.003e-03 s/TS) || Energy: ~6.36e-15 (-16.05dB)
[@     4m02s] Timestep:        25280 || Speed:   40.4 MC/s (8.628e-03 s/TS) || Energy: ~7.92e-15 (-15.11dB)
[@     4m08s] Timestep:        25912 || Speed:   38.6 MC/s (9.038e-03 s/TS) || Energy: ~6.08e-15 (-16.25dB)
[@     4m14s] Timestep:        26544 || Speed:   35.8 MC/s (9.745e-03 s/TS) || Energy: ~3.19e-15 (-19.06dB)
[@     4m20s] Timestep:        27176 || Speed:   40.4 MC/s (8.633e-03 s/TS) || Energy: ~1.30e-15 (-22.95dB)
[@     4m25s] Timestep:        27808 || Speed:   38.2 MC/s (9.136e-03 s/TS) || Energy: ~6.26e-16 (-26.13dB)
[@     4m31s] Timestep:        28440 || Speed:   39.5 MC/s (8.835e-03 s/TS) || Energy: ~5.34e-16 (-26.82dB)
[@     4m36s] Timestep:        29072 || Speed:   39.7 MC/s (8.777e-03 s/TS) || Energy: ~5.38e-16 (-26.78dB)
[@     4m43s] Timestep:        29704 || Speed:   33.9 MC/s (1.030e-02 s/TS) || Energy: ~4.87e-16 (-27.22dB)
[@     4m49s] Timestep:        30336 || Speed:   34.7 MC/s (1.005e-02 s/TS) || Energy: ~3.90e-16 (-28.18dB)
[@     4m56s] Timestep:        30968 || Speed:   35.3 MC/s (9.896e-03 s/TS) || Energy: ~2.82e-16 (-29.59dB)
[@     5m02s] Timestep:        31600 || Speed:   34.1 MC/s (1.023e-02 s/TS) || Energy: ~1.83e-16 (-31.46dB)
[@     5m08s] Timestep:        32232 || Speed:   34.3 MC/s (1.018e-02 s/TS) || Energy: ~1.05e-16 (-33.88dB)
[@     5m14s] Timestep:        32864 || Speed:   36.6 MC/s (9.538e-03 s/TS) || Energy: ~5.24e-17 (-36.89dB)
[@     5m20s] Timestep:        33496 || Speed:   36.6 MC/s (9.535e-03 s/TS) || Energy: ~2.62e-17 (-39.91dB)
[@     5m26s] Timestep:        34128 || Speed:   36.9 MC/s (9.456e-03 s/TS) || Energy: ~2.17e-17 (-40.73dB)
Time for 34128 iterations with 348840.00 cells : 326.97 sec
Speed: 36.41 MCells/s 
[rfsim] NF2FF_p1 at 1.750 GHz...
[rfsim] far-field: Dmax -22.7 dBi, radiated 66.2% of input power
[rfsim] === excitation 2/2 (port 2) ===
[rfsim] port 1: lumped at (18.26, -35.00) 
[rfsim] port 2: lumped at (18.26, -28.00) 
[rfsim] mesh: 76 x 90 x 51 lines
openEMS - enabled multithreading
openEMS - fixed number of threads: 8
 ---------------------------------------------------------------------- 
 | openEMS 64bit -- version v0.37.0-rc2
 | (C) 2010-2026 Thorsten Liebig <thorsten.liebig@gmx.de>  GPL license
 ---------------------------------------------------------------------- 
	Used external libraries:
		CSXCAD -- Version: v0.7.0-rc2
		hdf5   -- Version: 2.2.0
		          compiled against: HDF5 library version: 2.2.0
		tinyxml -- compiled against: 2.6.2
		fparser
		boost  -- compiled against: 1_91
		vtk -- Version: 9.3.20231030
		       compiled against: 9.3.20231030

Create FDTD operator (compressed SSE + multi-threading)
FDTD simulation size: 76x90x51 --> 348840.00 FDTD cells 
FDTD timestep is: 0.00 s; Nyquist rate: 2531 timesteps @3001094840.00 Hz
openEMS::SetupFDTD: Warning, the timestep seems to be very small --> long simulation. Check your mesh!?
Excitation signal length is: 34817 timesteps (0.00s)
Max. number of timesteps: 300000 ( --> 8.62 * Excitation signal length)
Create FDTD engine (compressed SSE + multi-threading)
Warning: Unused primitive (type: LinPoly) detected in property: cu_F.Cu!
Warning: Unused primitive (type: LinPoly) detected in property: cu_In1.Cu!
Warning: Unused primitive (type: LinPoly) detected in property: cu_In2.Cu!
Warning: Unused primitive (type: LinPoly) detected in property: cu_B.Cu!
Warning: Unused primitive (type: Cylinder) detected in property: vias!
Warning: Unused primitive (type: Cylinder) detected in property: vias!
Running FDTD engine... this may take a while... grab a cup of coffee?!?
[@        5s] Timestep:          632 || Speed:   37.8 MC/s (9.217e-03 s/TS) || Energy: ~1.16e-20 (- 0.00dB)
[@       11s] Timestep:         1264 || Speed:   39.6 MC/s (8.811e-03 s/TS) || Energy: ~2.37e-20 (- 0.00dB)
[@       17s] Timestep:         1896 || Speed:   38.2 MC/s (9.142e-03 s/TS) || Energy: ~2.88e-20 (- 0.00dB)
[@       23s] Timestep:         2528 || Speed:   36.6 MC/s (9.522e-03 s/TS) || Energy: ~1.44e-20 (- 3.02dB)
[@       29s] Timestep:         3160 || Speed:   36.5 MC/s (9.546e-03 s/TS) || Energy: ~3.14e-19 (- 0.00dB)
[@       35s] Timestep:         3792 || Speed:   37.4 MC/s (9.333e-03 s/TS) || Energy: ~2.52e-18 (- 0.00dB)
[@       41s] Timestep:         4424 || Speed:   35.2 MC/s (9.920e-03 s/TS) || Energy: ~1.01e-17 (- 0.00dB)
[@       48s] Timestep:         5056 || Speed:   29.8 MC/s (1.170e-02 s/TS) || Energy: ~2.51e-17 (- 0.00dB)
[@       55s] Timestep:         5688 || Speed:   31.8 MC/s (1.096e-02 s/TS) || Energy: ~3.77e-17 (- 0.00dB)
[@     1m01s] Timestep:         6320 || Speed:   39.0 MC/s (8.949e-03 s/TS) || Energy: ~2.48e-17 (- 1.82dB)
[@     1m06s] Timestep:         6952 || Speed:   40.1 MC/s (8.691e-03 s/TS) || Energy: ~1.31e-17 (- 4.60dB)
[@     1m12s] Timestep:         7584 || Speed:   39.0 MC/s (8.947e-03 s/TS) || Energy: ~2.44e-16 (- 0.00dB)
[@     1m18s] Timestep:         8216 || Speed:   35.8 MC/s (9.737e-03 s/TS) || Energy: ~1.26e-15 (- 0.00dB)
[@     1m24s] Timestep:         8848 || Speed:   36.3 MC/s (9.622e-03 s/TS) || Energy: ~3.45e-15 (- 0.00dB)
[@     1m30s] Timestep:         9480 || Speed:   37.6 MC/s (9.269e-03 s/TS) || Energy: ~5.86e-15 (- 0.00dB)
[@     1m36s] Timestep:        10112 || Speed:   38.7 MC/s (9.015e-03 s/TS) || Energy: ~5.86e-15 (- 0.00dB)
[@     1m41s] Timestep:        10744 || Speed:   38.9 MC/s (8.977e-03 s/TS) || Energy: ~2.30e-15 (- 4.06dB)
[@     1m47s] Timestep:        11376 || Speed:   38.4 MC/s (9.086e-03 s/TS) || Energy: ~1.66e-15 (- 5.48dB)
[@     1m53s] Timestep:        12008 || Speed:   38.6 MC/s (9.045e-03 s/TS) || Energy: ~1.90e-14 (- 0.00dB)
[@     1m58s] Timestep:        12640 || Speed:   39.6 MC/s (8.799e-03 s/TS) || Energy: ~6.33e-14 (- 0.00dB)
[@     2m04s] Timestep:        13272 || Speed:   40.9 MC/s (8.530e-03 s/TS) || Energy: ~1.16e-13 (- 0.00dB)
[@     2m09s] Timestep:        13904 || Speed:   42.8 MC/s (8.142e-03 s/TS) || Energy: ~1.32e-13 (- 0.00dB)
[@     2m15s] Timestep:        14536 || Speed:   39.1 MC/s (8.916e-03 s/TS) || Energy: ~8.47e-14 (- 1.92dB)
[@     2m22s] Timestep:        15168 || Speed:   30.9 MC/s (1.129e-02 s/TS) || Energy: ~1.75e-14 (- 8.77dB)
[@     2m27s] Timestep:        15800 || Speed:   39.0 MC/s (8.940e-03 s/TS) || Energy: ~2.39e-14 (- 7.41dB)
[@     2m33s] Timestep:        16432 || Speed:   40.8 MC/s (8.556e-03 s/TS) || Energy: ~1.49e-13 (- 0.00dB)
[@     2m39s] Timestep:        17064 || Speed:   38.8 MC/s (8.997e-03 s/TS) || Energy: ~3.14e-13 (- 0.00dB)
[@     2m44s] Timestep:        17696 || Speed:   41.9 MC/s (8.321e-03 s/TS) || Energy: ~3.76e-13 (- 0.00dB)
[@     2m49s] Timestep:        18328 || Speed:   41.2 MC/s (8.477e-03 s/TS) || Energy: ~2.76e-13 (- 1.34dB)
[@     2m55s] Timestep:        18960 || Speed:   37.1 MC/s (9.390e-03 s/TS) || Energy: ~1.07e-13 (- 5.47dB)
[@     3m01s] Timestep:        19592 || Speed:   35.1 MC/s (9.930e-03 s/TS) || Energy: ~1.10e-14 (-15.33dB)
[@     3m07s] Timestep:        20224 || Speed:   36.4 MC/s (9.578e-03 s/TS) || Energy: ~3.87e-14 (- 9.87dB)
[@     3m13s] Timestep:        20856 || Speed:   37.5 MC/s (9.291e-03 s/TS) || Energy: ~1.16e-13 (- 5.09dB)
[@     3m19s] Timestep:        21488 || Speed:   39.0 MC/s (8.939e-03 s/TS) || Energy: ~1.49e-13 (- 4.03dB)
[@     3m25s] Timestep:        22120 || Speed:   37.6 MC/s (9.287e-03 s/TS) || Energy: ~1.12e-13 (- 5.24dB)
[@     3m30s] Timestep:        22752 || Speed:   39.3 MC/s (8.881e-03 s/TS) || Energy: ~5.16e-14 (- 8.62dB)
[@     3m36s] Timestep:        23384 || Speed:   42.0 MC/s (8.312e-03 s/TS) || Energy: ~1.22e-14 (-14.90dB)
[@     3m41s] Timestep:        24016 || Speed:   38.9 MC/s (8.964e-03 s/TS) || Energy: ~2.78e-15 (-21.31dB)
[@     3m46s] Timestep:        24648 || Speed:   43.9 MC/s (7.952e-03 s/TS) || Energy: ~6.90e-15 (-17.36dB)
[@     3m52s] Timestep:        25280 || Speed:   42.5 MC/s (8.213e-03 s/TS) || Energy: ~9.42e-15 (-16.01dB)
[@     3m57s] Timestep:        25912 || Speed:   42.7 MC/s (8.162e-03 s/TS) || Energy: ~7.22e-15 (-17.16dB)
[@     4m02s] Timestep:        26544 || Speed:   43.6 MC/s (7.996e-03 s/TS) || Energy: ~3.63e-15 (-20.15dB)
[@     4m07s] Timestep:        27176 || Speed:   41.6 MC/s (8.395e-03 s/TS) || Energy: ~1.31e-15 (-24.57dB)
[@     4m12s] Timestep:        27808 || Speed:   42.2 MC/s (8.259e-03 s/TS) || Energy: ~4.83e-16 (-28.91dB)
[@     4m17s] Timestep:        28440 || Speed:   43.1 MC/s (8.085e-03 s/TS) || Energy: ~3.43e-16 (-30.39dB)
[@     4m23s] Timestep:        29072 || Speed:   43.1 MC/s (8.094e-03 s/TS) || Energy: ~3.18e-16 (-30.72dB)
[@     4m28s] Timestep:        29704 || Speed:   39.8 MC/s (8.767e-03 s/TS) || Energy: ~2.56e-16 (-31.66dB)
[@     4m33s] Timestep:        30336 || Speed:   41.3 MC/s (8.442e-03 s/TS) || Energy: ~1.80e-16 (-33.19dB)
[@     4m39s] Timestep:        30968 || Speed:   41.6 MC/s (8.377e-03 s/TS) || Energy: ~1.20e-16 (-34.97dB)
[@     4m44s] Timestep:        31600 || Speed:   41.7 MC/s (8.362e-03 s/TS) || Energy: ~7.68e-17 (-36.89dB)
[@     4m49s] Timestep:        32232 || Speed:   41.1 MC/s (8.493e-03 s/TS) || Energy: ~4.72e-17 (-39.01dB)
[@     4m55s] Timestep:        32864 || Speed:   42.2 MC/s (8.259e-03 s/TS) || Energy: ~2.72e-17 (-41.41dB)
Time for 32864 iterations with 348840.00 cells : 295.07 sec
Speed: 38.85 MCells/s 
[rfsim] NF2FF_p2 at 1.750 GHz...
[rfsim] far-field: Dmax -18.1 dBi, radiated 44.4% of input power
[rfsim] S11: -0.9 .. -0.0 dB
[rfsim] S21: -36.0 .. -14.9 dB
[rfsim] S12: -36.0 .. -14.9 dB
[rfsim] S22: -0.4 .. -0.0 dB
[rfsim] wrote C:\Users\chith\Desktop\telemetry\RF Analysis\results\laptop\step1_long_fixed_fine_lumped\results.s2p
