[rfsim] WARNING: Copper on F.Cu/In1.Cu/In2.Cu/B.Cu extends beyond the simulation domain and is cut at the boundary. If it's part of the structure under test, increase the domain margin.
[rfsim] mesh resolution: 4.659 mm (coarse)
[rfsim] === excitation 1/2 (port 1) ===
[rfsim] UserWarning: h5py is running against HDF5 2.2.0 when it was built against 2.0.0, this may cause problems
[rfsim] port 1: msl at (18.26, -34.50) dir y
[rfsim] port 2: msl at (18.26, -29.50) dir y
[rfsim] mesh: 118 x 94 x 39 lines
[rfsim] engine: multithreaded, 8 thread(s)
openEMS - enabled multithreading
openEMS - fixed number of threads: 8
 ---------------------------------------------------------------------- 
 | openEMS 64bit -- version v0.37.0-rc2
 | (C) 2010-2026 Thorsten Liebig <thorsten.liebig@gmx.de>  GPL license
 ---------------------------------------------------------------------- 
	Used external libraries:
		CSXCAD -- Version: v0.7.0-rc2
		hdf5   -- Version: 2.2.0
		          compiled against: HDF5 library version: 2.2.0
		tinyxml -- compiled against: 2.6.2
		fparser
		boost  -- compiled against: 1_91
		vtk -- Version: 9.3.20231030
		       compiled against: 9.3.20231030

Create FDTD operator (compressed SSE + multi-threading)
FDTD simulation size: 118x94x39 --> 432588 FDTD cells 
FDTD timestep is: 1.76548e-14 s; Nyquist rate: 9440 timesteps @3.0001e+09 Hz
openEMS::SetupFDTD: Warning, the timestep seems to be very small --> long simulation. Check your mesh!?
Excitation signal length is: 129814 timesteps (2.29184e-09s)
Max. number of timesteps: 300000 ( --> 2.311 * Excitation signal length)
openEMS::SetupFDTD: Warning, max. number of timesteps is smaller than three times the excitation. 
	You may want to choose a higher number of max. timesteps... 
Create FDTD engine (compressed SSE + multi-threading)
Warning: Unused primitive (type: Cylinder) detected in property: vias!
Warning: Unused primitive (type: Cylinder) detected in property: vias!
Running FDTD engine... this may take a while... grab a cup of coffee?!?
[@       27s] Timestep:         2360 || Speed:   36.6 MC/s (1.182e-02 s/TS) || Energy: ~1.93e-21 (- 0.00dB)
[@       55s] Timestep:         4720 || Speed:   37.4 MC/s (1.157e-02 s/TS) || Energy: ~3.78e-21 (- 0.00dB)
[@     1m22s] Timestep:         7080 || Speed:   36.9 MC/s (1.173e-02 s/TS) || Energy: ~3.44e-21 (- 0.40dB)
[@     1m50s] Timestep:         9440 || Speed:   37.4 MC/s (1.157e-02 s/TS) || Energy: ~1.65e-21 (- 3.60dB)
[@     2m17s] Timestep:        11800 || Speed:   37.2 MC/s (1.162e-02 s/TS) || Energy: ~5.80e-20 (- 0.00dB)
[@     2m45s] Timestep:        14160 || Speed:   37.2 MC/s (1.163e-02 s/TS) || Energy: ~4.31e-19 (- 0.00dB)
[@     3m12s] Timestep:        16520 || Speed:   37.4 MC/s (1.155e-02 s/TS) || Energy: ~1.66e-18 (- 0.00dB)
[@     3m39s] Timestep:        18880 || Speed:   37.5 MC/s (1.155e-02 s/TS) || Energy: ~3.96e-18 (- 0.00dB)
[@     4m06s] Timestep:        21240 || Speed:   37.3 MC/s (1.160e-02 s/TS) || Energy: ~5.59e-18 (- 0.00dB)
[@     4m34s] Timestep:        23600 || Speed:   37.0 MC/s (1.170e-02 s/TS) || Energy: ~3.08e-18 (- 2.59dB)
[@     5m03s] Timestep:        25960 || Speed:   35.7 MC/s (1.210e-02 s/TS) || Energy: ~2.09e-18 (- 4.29dB)
[@     5m31s] Timestep:        28320 || Speed:   35.5 MC/s (1.218e-02 s/TS) || Energy: ~4.26e-17 (- 0.00dB)
[@     6m00s] Timestep:        30680 || Speed:   35.6 MC/s (1.215e-02 s/TS) || Energy: ~2.08e-16 (- 0.00dB)
[@     6m29s] Timestep:        33040 || Speed:   35.6 MC/s (1.214e-02 s/TS) || Energy: ~5.43e-16 (- 0.00dB)
[@     6m57s] Timestep:        35400 || Speed:   36.0 MC/s (1.203e-02 s/TS) || Energy: ~8.86e-16 (- 0.00dB)
[@     7m24s] Timestep:        37760 || Speed:   38.5 MC/s (1.125e-02 s/TS) || Energy: ~8.37e-16 (- 0.25dB)
[@     7m50s] Timestep:        40120 || Speed:   38.5 MC/s (1.122e-02 s/TS) || Energy: ~2.80e-16 (- 5.01dB)
[@     8m17s] Timestep:        42480 || Speed:   38.5 MC/s (1.123e-02 s/TS) || Energy: ~2.72e-16 (- 5.13dB)
[@     8m44s] Timestep:        44840 || Speed:   37.7 MC/s (1.147e-02 s/TS) || Energy: ~3.03e-15 (- 0.00dB)
[@     9m12s] Timestep:        47200 || Speed:   36.0 MC/s (1.200e-02 s/TS) || Energy: ~9.71e-15 (- 0.00dB)
[@     9m40s] Timestep:        49560 || Speed:   36.4 MC/s (1.188e-02 s/TS) || Energy: ~1.73e-14 (- 0.00dB)
[@    10m09s] Timestep:        51920 || Speed:   35.7 MC/s (1.212e-02 s/TS) || Energy: ~1.93e-14 (- 0.00dB)
[@    10m37s] Timestep:        54280 || Speed:   35.6 MC/s (1.214e-02 s/TS) || Energy: ~1.22e-14 (- 1.99dB)
[@    11m08s] Timestep:        56640 || Speed:   33.5 MC/s (1.290e-02 s/TS) || Energy: ~2.46e-15 (- 8.95dB)
[@    11m37s] Timestep:        59000 || Speed:   35.3 MC/s (1.225e-02 s/TS) || Energy: ~3.29e-15 (- 7.68dB)
[@    12m06s] Timestep:        61360 || Speed:   35.4 MC/s (1.222e-02 s/TS) || Energy: ~2.08e-14 (- 0.00dB)
[@    12m33s] Timestep:        63720 || Speed:   36.8 MC/s (1.176e-02 s/TS) || Energy: ~4.42e-14 (- 0.00dB)
[@    12m47s] Timestep:        64906 || Speed:   37.8 MC/s (1.143e-02 s/TS) || Energy: ~5.17e-14 (- 0.00dB)
[@    13m00s] Timestep:        66080 || Speed:   38.0 MC/s (1.138e-02 s/TS) || Energy: ~5.38e-14 (- 0.00dB)
[@    13m27s] Timestep:        68440 || Speed:   37.8 MC/s (1.143e-02 s/TS) || Energy: ~4.10e-14 (- 1.18dB)
[@    13m56s] Timestep:        70800 || Speed:   35.1 MC/s (1.233e-02 s/TS) || Energy: ~1.73e-14 (- 4.93dB)
[@    14m24s] Timestep:        73160 || Speed:   36.7 MC/s (1.178e-02 s/TS) || Energy: ~2.12e-15 (-14.04dB)
[@    14m51s] Timestep:        75520 || Speed:   37.4 MC/s (1.155e-02 s/TS) || Energy: ~3.71e-15 (-11.61dB)
[@    15m18s] Timestep:        77880 || Speed:   37.9 MC/s (1.141e-02 s/TS) || Energy: ~1.39e-14 (- 5.89dB)
[@    15m45s] Timestep:        80240 || Speed:   37.9 MC/s (1.141e-02 s/TS) || Energy: ~1.97e-14 (- 4.36dB)
[@    16m13s] Timestep:        82600 || Speed:   37.3 MC/s (1.158e-02 s/TS) || Energy: ~1.65e-14 (- 5.15dB)
[@    16m40s] Timestep:        84960 || Speed:   36.7 MC/s (1.179e-02 s/TS) || Energy: ~8.61e-15 (- 7.96dB)
[@    17m07s] Timestep:        87320 || Speed:   38.1 MC/s (1.135e-02 s/TS) || Energy: ~2.45e-15 (-13.41dB)
[@    17m35s] Timestep:        89680 || Speed:   36.4 MC/s (1.188e-02 s/TS) || Energy: ~2.39e-16 (-23.52dB)
[@    18m03s] Timestep:        92040 || Speed:   36.8 MC/s (1.174e-02 s/TS) || Energy: ~4.46e-16 (-20.82dB)
[@    18m33s] Timestep:        94400 || Speed:   33.9 MC/s (1.275e-02 s/TS) || Energy: ~9.51e-16 (-17.53dB)
[@    19m03s] Timestep:        96760 || Speed:   33.7 MC/s (1.284e-02 s/TS) || Energy: ~9.14e-16 (-17.70dB)
[@    19m33s] Timestep:        99120 || Speed:   33.9 MC/s (1.276e-02 s/TS) || Energy: ~5.45e-16 (-19.94dB)
[@    20m04s] Timestep:       101480 || Speed:   33.8 MC/s (1.278e-02 s/TS) || Energy: ~2.20e-16 (-23.88dB)
[@    20m34s] Timestep:       103840 || Speed:   33.2 MC/s (1.301e-02 s/TS) || Energy: ~6.53e-17 (-29.16dB)
[@    21m05s] Timestep:       106200 || Speed:   33.7 MC/s (1.284e-02 s/TS) || Energy: ~2.33e-17 (-33.64dB)
[@    21m35s] Timestep:       108560 || Speed:   33.6 MC/s (1.288e-02 s/TS) || Energy: ~1.81e-17 (-34.73dB)
[@    22m05s] Timestep:       110920 || Speed:   33.7 MC/s (1.284e-02 s/TS) || Energy: ~1.57e-17 (-35.34dB)
[@    22m36s] Timestep:       113280 || Speed:   33.4 MC/s (1.295e-02 s/TS) || Energy: ~1.15e-17 (-36.72dB)
[@    23m06s] Timestep:       115640 || Speed:   33.7 MC/s (1.284e-02 s/TS) || Energy: ~7.56e-18 (-38.52dB)
[@    23m37s] Timestep:       118000 || Speed:   33.3 MC/s (1.300e-02 s/TS) || Energy: ~5.00e-18 (-40.32dB)
Time for 118000 iterations with 432588.00 cells : 1417.31 sec
Speed: 36.02 MCells/s 
[rfsim] port 1 line: Z0 = 46.8-0.0j ohm, eps_eff = 3.30 (at 1.750 GHz)
[rfsim] NF2FF_p1 at 1.750 GHz...
[rfsim] RuntimeWarning: invalid value encountered in log10
[rfsim] RuntimeWarning: invalid value encountered in log10
[rfsim] RuntimeWarning: invalid value encountered in log10
[rfsim] far-field: Dmax nan dBi, radiated -1.0% of input power
[rfsim] === excitation 2/2 (port 2) ===
[rfsim] port 1: msl at (18.26, -34.50) dir y
[rfsim] port 2: msl at (18.26, -29.50) dir y
[rfsim] mesh: 118 x 94 x 39 lines
openEMS - enabled multithreading
openEMS - fixed number of threads: 8
 ---------------------------------------------------------------------- 
 | openEMS 64bit -- version v0.37.0-rc2
 | (C) 2010-2026 Thorsten Liebig <thorsten.liebig@gmx.de>  GPL license
 ---------------------------------------------------------------------- 
	Used external libraries:
		CSXCAD -- Version: v0.7.0-rc2
		hdf5   -- Version: 2.2.0
		          compiled against: HDF5 library version: 2.2.0
		tinyxml -- compiled against: 2.6.2
		fparser
		boost  -- compiled against: 1_91
		vtk -- Version: 9.3.20231030
		       compiled against: 9.3.20231030

Create FDTD operator (compressed SSE + multi-threading)
FDTD simulation size: 118x94x39 --> 432588.00 FDTD cells 
FDTD timestep is: 0.00 s; Nyquist rate: 9440 timesteps @3000102915.00 Hz
openEMS::SetupFDTD: Warning, the timestep seems to be very small --> long simulation. Check your mesh!?
Excitation signal length is: 129814 timesteps (0.00s)
Max. number of timesteps: 300000 ( --> 2.31 * Excitation signal length)
openEMS::SetupFDTD: Warning, max. number of timesteps is smaller than three times the excitation. 
	You may want to choose a higher number of max. timesteps... 
Create FDTD engine (compressed SSE + multi-threading)
Warning: Unused primitive (type: Cylinder) detected in property: vias!
Warning: Unused primitive (type: Cylinder) detected in property: vias!
Running FDTD engine... this may take a while... grab a cup of coffee?!?
[@       29s] Timestep:         2360 || Speed:   34.4 MC/s (1.257e-02 s/TS) || Energy: ~9.92e-21 (- 0.00dB)
[@       59s] Timestep:         4720 || Speed:   33.8 MC/s (1.281e-02 s/TS) || Energy: ~1.68e-20 (- 0.00dB)
[@     1m29s] Timestep:         7080 || Speed:   34.4 MC/s (1.256e-02 s/TS) || Energy: ~1.28e-20 (- 1.19dB)
[@     1m58s] Timestep:         9440 || Speed:   35.0 MC/s (1.237e-02 s/TS) || Energy: ~8.79e-21 (- 2.81dB)
[@     2m27s] Timestep:        11800 || Speed:   35.0 MC/s (1.237e-02 s/TS) || Energy: ~3.20e-19 (- 0.00dB)
[@     2m57s] Timestep:        14160 || Speed:   35.0 MC/s (1.236e-02 s/TS) || Energy: ~2.22e-18 (- 0.00dB)
[@     3m26s] Timestep:        16520 || Speed:   35.0 MC/s (1.235e-02 s/TS) || Energy: ~8.11e-18 (- 0.00dB)
[@     3m55s] Timestep:        18880 || Speed:   35.1 MC/s (1.232e-02 s/TS) || Energy: ~1.84e-17 (- 0.00dB)
[@     4m24s] Timestep:        21240 || Speed:   35.1 MC/s (1.231e-02 s/TS) || Energy: ~2.40e-17 (- 0.00dB)
[@     4m53s] Timestep:        23600 || Speed:   35.0 MC/s (1.235e-02 s/TS) || Energy: ~1.05e-17 (- 3.61dB)
[@     5m22s] Timestep:        25960 || Speed:   35.2 MC/s (1.227e-02 s/TS) || Energy: ~1.33e-17 (- 2.55dB)
[@     5m51s] Timestep:        28320 || Speed:   35.1 MC/s (1.231e-02 s/TS) || Energy: ~2.31e-16 (- 0.00dB)
[@     6m20s] Timestep:        30680 || Speed:   35.5 MC/s (1.220e-02 s/TS) || Energy: ~1.03e-15 (- 0.00dB)
[@     6m49s] Timestep:        33040 || Speed:   34.9 MC/s (1.238e-02 s/TS) || Energy: ~2.55e-15 (- 0.00dB)
[@     7m18s] Timestep:        35400 || Speed:   35.3 MC/s (1.225e-02 s/TS) || Energy: ~3.90e-15 (- 0.00dB)
[@     7m47s] Timestep:        37760 || Speed:   35.4 MC/s (1.224e-02 s/TS) || Energy: ~3.33e-15 (- 0.68dB)
[@     8m16s] Timestep:        40120 || Speed:   35.3 MC/s (1.224e-02 s/TS) || Energy: ~8.10e-16 (- 6.83dB)
[@     8m45s] Timestep:        42480 || Speed:   35.2 MC/s (1.230e-02 s/TS) || Energy: ~1.78e-15 (- 3.40dB)
[@     9m14s] Timestep:        44840 || Speed:   35.3 MC/s (1.225e-02 s/TS) || Energy: ~1.60e-14 (- 0.00dB)
[@     9m42s] Timestep:        47200 || Speed:   35.5 MC/s (1.217e-02 s/TS) || Energy: ~4.65e-14 (- 0.00dB)
[@    10m11s] Timestep:        49560 || Speed:   35.2 MC/s (1.230e-02 s/TS) || Energy: ~7.72e-14 (- 0.00dB)
[@    10m40s] Timestep:        51920 || Speed:   35.2 MC/s (1.228e-02 s/TS) || Energy: ~7.97e-14 (- 0.00dB)
[@    11m10s] Timestep:        54280 || Speed:   35.0 MC/s (1.236e-02 s/TS) || Energy: ~4.43e-14 (- 2.54dB)
[@    11m39s] Timestep:        56640 || Speed:   35.1 MC/s (1.231e-02 s/TS) || Energy: ~6.09e-15 (-11.16dB)
[@    12m08s] Timestep:        59000 || Speed:   35.3 MC/s (1.227e-02 s/TS) || Energy: ~2.14e-14 (- 5.72dB)
[@    12m36s] Timestep:        61360 || Speed:   35.3 MC/s (1.224e-02 s/TS) || Energy: ~1.06e-13 (- 0.00dB)
[@    13m06s] Timestep:        63720 || Speed:   35.2 MC/s (1.230e-02 s/TS) || Energy: ~2.01e-13 (- 0.00dB)
[@    13m20s] Timestep:        64906 || Speed:   35.1 MC/s (1.233e-02 s/TS) || Energy: ~2.26e-13 (- 0.00dB)
[@    13m34s] Timestep:        66080 || Speed:   35.6 MC/s (1.214e-02 s/TS) || Energy: ~2.26e-13 (- 0.01dB)
[@    14m03s] Timestep:        68440 || Speed:   35.2 MC/s (1.229e-02 s/TS) || Energy: ~1.57e-13 (- 1.58dB)
[@    14m32s] Timestep:        70800 || Speed:   35.5 MC/s (1.218e-02 s/TS) || Energy: ~5.68e-14 (- 6.00dB)
[@    15m01s] Timestep:        73160 || Speed:   35.4 MC/s (1.223e-02 s/TS) || Energy: ~5.26e-15 (-16.34dB)
[@    15m30s] Timestep:        75520 || Speed:   35.3 MC/s (1.225e-02 s/TS) || Energy: ~2.34e-14 (- 9.85dB)
[@    15m59s] Timestep:        77880 || Speed:   35.4 MC/s (1.222e-02 s/TS) || Energy: ~6.70e-14 (- 5.28dB)
[@    16m28s] Timestep:        80240 || Speed:   35.4 MC/s (1.221e-02 s/TS) || Energy: ~8.44e-14 (- 4.28dB)
[@    16m57s] Timestep:        82600 || Speed:   35.3 MC/s (1.225e-02 s/TS) || Energy: ~6.42e-14 (- 5.47dB)
[@    17m25s] Timestep:        84960 || Speed:   35.3 MC/s (1.225e-02 s/TS) || Energy: ~3.03e-14 (- 8.73dB)
[@    17m54s] Timestep:        87320 || Speed:   35.4 MC/s (1.223e-02 s/TS) || Energy: ~7.33e-15 (-14.89dB)
[@    18m23s] Timestep:        89680 || Speed:   35.9 MC/s (1.206e-02 s/TS) || Energy: ~8.22e-16 (-24.39dB)
[@    18m52s] Timestep:        92040 || Speed:   35.4 MC/s (1.221e-02 s/TS) || Energy: ~2.57e-15 (-19.45dB)
[@    19m21s] Timestep:        94400 || Speed:   35.3 MC/s (1.227e-02 s/TS) || Energy: ~4.29e-15 (-17.22dB)
[@    19m49s] Timestep:        96760 || Speed:   35.3 MC/s (1.227e-02 s/TS) || Energy: ~3.64e-15 (-17.93dB)
[@    20m18s] Timestep:        99120 || Speed:   35.5 MC/s (1.217e-02 s/TS) || Energy: ~1.98e-15 (-20.57dB)
[@    20m47s] Timestep:       101480 || Speed:   35.2 MC/s (1.229e-02 s/TS) || Energy: ~7.40e-16 (-24.85dB)
[@    21m16s] Timestep:       103840 || Speed:   34.9 MC/s (1.241e-02 s/TS) || Energy: ~2.16e-16 (-30.20dB)
[@    21m45s] Timestep:       106200 || Speed:   35.4 MC/s (1.221e-02 s/TS) || Energy: ~9.34e-17 (-33.84dB)
[@    22m14s] Timestep:       108560 || Speed:   35.5 MC/s (1.220e-02 s/TS) || Energy: ~7.83e-17 (-34.60dB)
[@    22m43s] Timestep:       110920 || Speed:   35.2 MC/s (1.230e-02 s/TS) || Energy: ~6.41e-17 (-35.47dB)
[@    23m12s] Timestep:       113280 || Speed:   35.4 MC/s (1.220e-02 s/TS) || Energy: ~4.45e-17 (-37.06dB)
[@    23m41s] Timestep:       115640 || Speed:   35.5 MC/s (1.220e-02 s/TS) || Energy: ~2.90e-17 (-38.92dB)
[@    24m09s] Timestep:       118000 || Speed:   35.7 MC/s (1.210e-02 s/TS) || Energy: ~1.93e-17 (-40.69dB)
Time for 118000 iterations with 432588.00 cells : 1449.78 sec
Speed: 35.21 MCells/s 
[rfsim] port 2 line: Z0 = 46.1+0.1j ohm, eps_eff = 3.19 (at 1.750 GHz)
[rfsim] NF2FF_p2 at 1.750 GHz...
[rfsim] far-field: Dmax -17.1 dBi, radiated -1.0% of input power
[rfsim] WARNING: port 1 gives out more power than it takes in (max sum|S|^2 = 116536.44). The S-parameters of this port are NOT reliable. On a CPW port or a stripline port the usual cause is a mesh that is too coarse across the line. Run again at the medium or the fine preset.
[rfsim] WARNING: port 2 gives out more power than it takes in (max sum|S|^2 = 2976.69). The S-parameters of this port are NOT reliable. On a CPW port or a stripline port the usual cause is a mesh that is too coarse across the line. Run again at the medium or the fine preset.
[rfsim] S11: 35.1 .. 50.7 dB
[rfsim] S21: 8.4 .. 8.5 dB
[rfsim] S12: 1.8 .. 2.1 dB
[rfsim] S22: 19.3 .. 34.7 dB
[rfsim] wrote C:\Users\chith\Desktop\ANUFS-Telemetry\RF Analysis\results\step1_short_coarse\results.s2p
