[rfsim] WARNING: Copper on F.Cu/In1.Cu/In2.Cu/B.Cu extends beyond the simulation domain and is cut at the boundary. If it's part of the structure under test, increase the domain margin.
[rfsim] mesh resolution: 4.659 mm (coarse)
[rfsim] === excitation 1/1 (port 1) ===
[rfsim] UserWarning: h5py is running against HDF5 2.2.0 when it was built against 2.0.0, this may cause problems
[rfsim] port 1: msl at (18.26, -34.50) dir y
[rfsim] port 2: msl at (18.26, -29.50) dir y
[rfsim] mesh: 118 x 94 x 39 lines
[rfsim] engine: multithreaded, 8 thread(s)
openEMS - enabled multithreading
openEMS - fixed number of threads: 8
 ---------------------------------------------------------------------- 
 | openEMS 64bit -- version v0.37.0-rc2
 | (C) 2010-2026 Thorsten Liebig <thorsten.liebig@gmx.de>  GPL license
 ---------------------------------------------------------------------- 
	Used external libraries:
		CSXCAD -- Version: v0.7.0-rc2
		hdf5   -- Version: 2.2.0
		          compiled against: HDF5 library version: 2.2.0
		tinyxml -- compiled against: 2.6.2
		fparser
		boost  -- compiled against: 1_91
		vtk -- Version: 9.3.20231030
		       compiled against: 9.3.20231030

Create FDTD operator (compressed SSE + multi-threading)
FDTD simulation size: 118x94x39 --> 432588 FDTD cells 
FDTD timestep is: 1.76548e-14 s; Nyquist rate: 9440 timesteps @3.0001e+09 Hz
openEMS::SetupFDTD: Warning, the timestep seems to be very small --> long simulation. Check your mesh!?
Excitation signal length is: 129814 timesteps (2.29184e-09s)
Max. number of timesteps: 300000 ( --> 2.311 * Excitation signal length)
openEMS::SetupFDTD: Warning, max. number of timesteps is smaller than three times the excitation. 
	You may want to choose a higher number of max. timesteps... 
Create FDTD engine (compressed SSE + multi-threading)
Warning: Unused primitive (type: Cylinder) detected in property: vias!
Warning: Unused primitive (type: Cylinder) detected in property: vias!
Running FDTD engine... this may take a while... grab a cup of coffee?!?
[@       26s] Timestep:         2360 || Speed:   38.3 MC/s (1.130e-02 s/TS) || Energy: ~1.93e-21 (- 0.00dB)
[@       53s] Timestep:         4720 || Speed:   38.5 MC/s (1.123e-02 s/TS) || Energy: ~3.78e-21 (- 0.00dB)
[@     1m19s] Timestep:         7080 || Speed:   38.8 MC/s (1.114e-02 s/TS) || Energy: ~3.44e-21 (- 0.40dB)
[@     1m45s] Timestep:         9440 || Speed:   38.7 MC/s (1.118e-02 s/TS) || Energy: ~1.65e-21 (- 3.60dB)
[@     2m12s] Timestep:        11800 || Speed:   38.7 MC/s (1.117e-02 s/TS) || Energy: ~5.80e-20 (- 0.00dB)
[@     2m38s] Timestep:        14160 || Speed:   38.7 MC/s (1.118e-02 s/TS) || Energy: ~4.31e-19 (- 0.00dB)
[@     3m04s] Timestep:        16520 || Speed:   38.8 MC/s (1.114e-02 s/TS) || Energy: ~1.66e-18 (- 0.00dB)
[@     3m31s] Timestep:        18880 || Speed:   38.4 MC/s (1.127e-02 s/TS) || Energy: ~3.96e-18 (- 0.00dB)
[@     3m57s] Timestep:        21240 || Speed:   38.8 MC/s (1.115e-02 s/TS) || Energy: ~5.59e-18 (- 0.00dB)
[@     4m24s] Timestep:        23600 || Speed:   38.8 MC/s (1.115e-02 s/TS) || Energy: ~3.08e-18 (- 2.59dB)
[@     4m50s] Timestep:        25960 || Speed:   38.8 MC/s (1.115e-02 s/TS) || Energy: ~2.09e-18 (- 4.29dB)
[@     5m16s] Timestep:        28320 || Speed:   38.7 MC/s (1.118e-02 s/TS) || Energy: ~4.26e-17 (- 0.00dB)
[@     5m43s] Timestep:        30680 || Speed:   38.8 MC/s (1.115e-02 s/TS) || Energy: ~2.08e-16 (- 0.00dB)
[@     6m09s] Timestep:        33040 || Speed:   38.7 MC/s (1.118e-02 s/TS) || Energy: ~5.43e-16 (- 0.00dB)
[@     6m35s] Timestep:        35400 || Speed:   38.8 MC/s (1.115e-02 s/TS) || Energy: ~8.86e-16 (- 0.00dB)
[@     7m02s] Timestep:        37760 || Speed:   38.8 MC/s (1.115e-02 s/TS) || Energy: ~8.37e-16 (- 0.25dB)
[@     7m28s] Timestep:        40120 || Speed:   38.8 MC/s (1.115e-02 s/TS) || Energy: ~2.80e-16 (- 5.01dB)
[@     7m54s] Timestep:        42480 || Speed:   38.9 MC/s (1.113e-02 s/TS) || Energy: ~2.72e-16 (- 5.13dB)
[@     8m21s] Timestep:        44840 || Speed:   38.6 MC/s (1.122e-02 s/TS) || Energy: ~3.03e-15 (- 0.00dB)
[@     8m47s] Timestep:        47200 || Speed:   38.8 MC/s (1.115e-02 s/TS) || Energy: ~9.71e-15 (- 0.00dB)
[@     9m13s] Timestep:        49560 || Speed:   38.8 MC/s (1.114e-02 s/TS) || Energy: ~1.73e-14 (- 0.00dB)
[@     9m40s] Timestep:        51920 || Speed:   38.8 MC/s (1.115e-02 s/TS) || Energy: ~1.93e-14 (- 0.00dB)
[@    10m06s] Timestep:        54280 || Speed:   38.9 MC/s (1.112e-02 s/TS) || Energy: ~1.22e-14 (- 1.99dB)
[@    10m32s] Timestep:        56640 || Speed:   38.8 MC/s (1.116e-02 s/TS) || Energy: ~2.46e-15 (- 8.95dB)
[@    10m58s] Timestep:        59000 || Speed:   38.8 MC/s (1.114e-02 s/TS) || Energy: ~3.29e-15 (- 7.68dB)
[@    11m25s] Timestep:        61360 || Speed:   38.6 MC/s (1.121e-02 s/TS) || Energy: ~2.08e-14 (- 0.00dB)
[@    11m51s] Timestep:        63720 || Speed:   38.7 MC/s (1.117e-02 s/TS) || Energy: ~4.42e-14 (- 0.00dB)
[@    12m04s] Timestep:        64906 || Speed:   38.8 MC/s (1.115e-02 s/TS) || Energy: ~5.17e-14 (- 0.00dB)
[@    12m18s] Timestep:        66080 || Speed:   38.8 MC/s (1.114e-02 s/TS) || Energy: ~5.38e-14 (- 0.00dB)
[@    12m44s] Timestep:        68440 || Speed:   38.5 MC/s (1.123e-02 s/TS) || Energy: ~4.10e-14 (- 1.18dB)
[@    13m10s] Timestep:        70800 || Speed:   38.8 MC/s (1.115e-02 s/TS) || Energy: ~1.73e-14 (- 4.93dB)
[@    13m37s] Timestep:        73160 || Speed:   38.3 MC/s (1.131e-02 s/TS) || Energy: ~2.12e-15 (-14.04dB)
[@    14m03s] Timestep:        75520 || Speed:   38.8 MC/s (1.115e-02 s/TS) || Energy: ~3.71e-15 (-11.61dB)
[@    14m30s] Timestep:        77880 || Speed:   38.6 MC/s (1.121e-02 s/TS) || Energy: ~1.39e-14 (- 5.89dB)
[@    14m56s] Timestep:        80240 || Speed:   38.8 MC/s (1.116e-02 s/TS) || Energy: ~1.97e-14 (- 4.36dB)
[@    15m23s] Timestep:        82600 || Speed:   38.7 MC/s (1.117e-02 s/TS) || Energy: ~1.65e-14 (- 5.15dB)
[@    15m49s] Timestep:        84960 || Speed:   38.7 MC/s (1.119e-02 s/TS) || Energy: ~8.61e-15 (- 7.96dB)
[@    16m15s] Timestep:        87320 || Speed:   38.8 MC/s (1.115e-02 s/TS) || Energy: ~2.45e-15 (-13.41dB)
[@    16m42s] Timestep:        89680 || Speed:   38.8 MC/s (1.114e-02 s/TS) || Energy: ~2.39e-16 (-23.52dB)
[@    17m08s] Timestep:        92040 || Speed:   38.8 MC/s (1.114e-02 s/TS) || Energy: ~4.46e-16 (-20.82dB)
[@    17m34s] Timestep:        94400 || Speed:   38.9 MC/s (1.113e-02 s/TS) || Energy: ~9.51e-16 (-17.53dB)
[@    18m00s] Timestep:        96760 || Speed:   38.8 MC/s (1.114e-02 s/TS) || Energy: ~9.14e-16 (-17.70dB)
[@    18m27s] Timestep:        99120 || Speed:   38.5 MC/s (1.124e-02 s/TS) || Energy: ~5.45e-16 (-19.94dB)
[@    18m53s] Timestep:       101480 || Speed:   38.8 MC/s (1.116e-02 s/TS) || Energy: ~2.20e-16 (-23.88dB)
[@    19m20s] Timestep:       103840 || Speed:   38.8 MC/s (1.116e-02 s/TS) || Energy: ~6.53e-17 (-29.16dB)
[@    19m46s] Timestep:       106200 || Speed:   38.8 MC/s (1.115e-02 s/TS) || Energy: ~2.33e-17 (-33.64dB)
[@    20m12s] Timestep:       108560 || Speed:   38.8 MC/s (1.115e-02 s/TS) || Energy: ~1.81e-17 (-34.73dB)
[@    20m38s] Timestep:       110920 || Speed:   38.8 MC/s (1.114e-02 s/TS) || Energy: ~1.57e-17 (-35.34dB)
[@    21m05s] Timestep:       113280 || Speed:   38.6 MC/s (1.120e-02 s/TS) || Energy: ~1.15e-17 (-36.72dB)
[@    21m31s] Timestep:       115640 || Speed:   38.8 MC/s (1.115e-02 s/TS) || Energy: ~7.56e-18 (-38.52dB)
[@    21m57s] Timestep:       118000 || Speed:   38.9 MC/s (1.113e-02 s/TS) || Energy: ~5.00e-18 (-40.32dB)
[@    22m24s] Timestep:       120360 || Speed:   38.8 MC/s (1.114e-02 s/TS) || Energy: ~3.41e-18 (-41.98dB)
[@    22m50s] Timestep:       122720 || Speed:   38.8 MC/s (1.115e-02 s/TS) || Energy: ~2.36e-18 (-43.59dB)
[@    23m16s] Timestep:       125080 || Speed:   38.8 MC/s (1.114e-02 s/TS) || Energy: ~1.65e-18 (-45.14dB)
[@    23m43s] Timestep:       127440 || Speed:   38.9 MC/s (1.112e-02 s/TS) || Energy: ~1.20e-18 (-46.53dB)
[@    24m09s] Timestep:       129800 || Speed:   38.8 MC/s (1.115e-02 s/TS) || Energy: ~9.20e-19 (-47.67dB)
[@    24m35s] Timestep:       132160 || Speed:   38.8 MC/s (1.115e-02 s/TS) || Energy: ~7.33e-19 (-48.66dB)
[@    25m02s] Timestep:       134520 || Speed:   38.8 MC/s (1.115e-02 s/TS) || Energy: ~5.88e-19 (-49.61dB)
[@    25m28s] Timestep:       136880 || Speed:   38.8 MC/s (1.114e-02 s/TS) || Energy: ~4.74e-19 (-50.55dB)
[@    25m54s] Timestep:       139240 || Speed:   38.7 MC/s (1.117e-02 s/TS) || Energy: ~3.89e-19 (-51.41dB)
[@    26m20s] Timestep:       141600 || Speed:   38.8 MC/s (1.114e-02 s/TS) || Energy: ~3.33e-19 (-52.09dB)
[@    26m47s] Timestep:       143960 || Speed:   38.9 MC/s (1.113e-02 s/TS) || Energy: ~2.93e-19 (-52.65dB)
[@    27m13s] Timestep:       146320 || Speed:   38.8 MC/s (1.115e-02 s/TS) || Energy: ~2.49e-19 (-53.35dB)
[@    27m39s] Timestep:       148680 || Speed:   38.8 MC/s (1.114e-02 s/TS) || Energy: ~2.02e-19 (-54.26dB)
[@    28m06s] Timestep:       151040 || Speed:   38.5 MC/s (1.125e-02 s/TS) || Energy: ~1.65e-19 (-55.14dB)
[@    28m32s] Timestep:       153400 || Speed:   38.9 MC/s (1.113e-02 s/TS) || Energy: ~1.43e-19 (-55.77dB)
[@    28m58s] Timestep:       155760 || Speed:   38.8 MC/s (1.115e-02 s/TS) || Energy: ~1.34e-19 (-56.05dB)
[@    29m25s] Timestep:       158120 || Speed:   38.7 MC/s (1.117e-02 s/TS) || Energy: ~1.26e-19 (-56.30dB)
[@    29m51s] Timestep:       160480 || Speed:   38.8 MC/s (1.116e-02 s/TS) || Energy: ~1.09e-19 (-56.94dB)
[@    30m17s] Timestep:       162840 || Speed:   38.8 MC/s (1.114e-02 s/TS) || Energy: ~8.74e-20 (-57.89dB)
[@    30m44s] Timestep:       165200 || Speed:   38.8 MC/s (1.115e-02 s/TS) || Energy: ~7.30e-20 (-58.67dB)
[@    31m10s] Timestep:       167560 || Speed:   38.7 MC/s (1.118e-02 s/TS) || Energy: ~6.72e-20 (-59.03dB)
[@    31m36s] Timestep:       169920 || Speed:   38.8 MC/s (1.114e-02 s/TS) || Energy: ~6.59e-20 (-59.12dB)
[@    32m03s] Timestep:       172280 || Speed:   38.8 MC/s (1.115e-02 s/TS) || Energy: ~6.20e-20 (-59.38dB)
[@    32m29s] Timestep:       174640 || Speed:   38.6 MC/s (1.122e-02 s/TS) || Energy: ~5.11e-20 (-60.22dB)
[@    32m56s] Timestep:       177000 || Speed:   38.4 MC/s (1.125e-02 s/TS) || Energy: ~4.04e-20 (-61.25dB)
[@    33m22s] Timestep:       179360 || Speed:   38.8 MC/s (1.116e-02 s/TS) || Energy: ~3.65e-20 (-61.69dB)
[@    33m48s] Timestep:       181720 || Speed:   38.8 MC/s (1.114e-02 s/TS) || Energy: ~3.68e-20 (-61.64dB)
[@    34m15s] Timestep:       184080 || Speed:   38.7 MC/s (1.119e-02 s/TS) || Energy: ~3.73e-20 (-61.60dB)
[@    34m41s] Timestep:       186440 || Speed:   38.8 MC/s (1.114e-02 s/TS) || Energy: ~3.42e-20 (-61.97dB)
[@    35m08s] Timestep:       188800 || Speed:   38.7 MC/s (1.119e-02 s/TS) || Energy: ~2.74e-20 (-62.93dB)
[@    35m34s] Timestep:       191160 || Speed:   38.7 MC/s (1.117e-02 s/TS) || Energy: ~2.30e-20 (-63.69dB)
[@    36m00s] Timestep:       193520 || Speed:   38.8 MC/s (1.114e-02 s/TS) || Energy: ~2.37e-20 (-63.56dB)
[@    36m27s] Timestep:       195880 || Speed:   38.8 MC/s (1.116e-02 s/TS) || Energy: ~2.54e-20 (-63.26dB)
[@    36m53s] Timestep:       198240 || Speed:   38.8 MC/s (1.116e-02 s/TS) || Energy: ~2.45e-20 (-63.42dB)
[@    37m20s] Timestep:       200600 || Speed:   38.2 MC/s (1.131e-02 s/TS) || Energy: ~2.02e-20 (-64.26dB)
[@    37m46s] Timestep:       202960 || Speed:   38.4 MC/s (1.127e-02 s/TS) || Energy: ~1.48e-20 (-65.61dB)
[@    38m13s] Timestep:       205320 || Speed:   38.6 MC/s (1.122e-02 s/TS) || Energy: ~1.29e-20 (-66.20dB)
[@    38m39s] Timestep:       207680 || Speed:   38.8 MC/s (1.116e-02 s/TS) || Energy: ~1.48e-20 (-65.62dB)
[@    39m05s] Timestep:       210040 || Speed:   38.8 MC/s (1.116e-02 s/TS) || Energy: ~1.61e-20 (-65.24dB)
[@    39m32s] Timestep:       212400 || Speed:   38.7 MC/s (1.117e-02 s/TS) || Energy: ~1.50e-20 (-65.55dB)
[@    39m58s] Timestep:       214760 || Speed:   38.8 MC/s (1.116e-02 s/TS) || Energy: ~1.21e-20 (-66.49dB)
[@    40m24s] Timestep:       217120 || Speed:   38.8 MC/s (1.116e-02 s/TS) || Energy: ~9.56e-21 (-67.50dB)
[@    40m51s] Timestep:       219480 || Speed:   38.8 MC/s (1.116e-02 s/TS) || Energy: ~1.02e-20 (-67.22dB)
[@    41m17s] Timestep:       221840 || Speed:   38.8 MC/s (1.115e-02 s/TS) || Energy: ~1.25e-20 (-66.35dB)
[@    41m43s] Timestep:       224200 || Speed:   38.8 MC/s (1.115e-02 s/TS) || Energy: ~1.23e-20 (-66.40dB)
[@    42m10s] Timestep:       226560 || Speed:   38.7 MC/s (1.119e-02 s/TS) || Energy: ~9.79e-21 (-67.40dB)
[@    42m36s] Timestep:       228920 || Speed:   38.7 MC/s (1.117e-02 s/TS) || Energy: ~7.70e-21 (-68.44dB)
[@    43m02s] Timestep:       231280 || Speed:   38.8 MC/s (1.114e-02 s/TS) || Energy: ~7.36e-21 (-68.64dB)
[@    43m29s] Timestep:       233640 || Speed:   38.8 MC/s (1.115e-02 s/TS) || Energy: ~8.24e-21 (-68.15dB)
[@    43m55s] Timestep:       236000 || Speed:   38.8 MC/s (1.114e-02 s/TS) || Energy: ~9.12e-21 (-67.71dB)
[@    44m21s] Timestep:       238360 || Speed:   38.8 MC/s (1.114e-02 s/TS) || Energy: ~9.23e-21 (-67.66dB)
[@    44m47s] Timestep:       240720 || Speed:   38.8 MC/s (1.114e-02 s/TS) || Energy: ~8.13e-21 (-68.21dB)
[@    45m14s] Timestep:       243080 || Speed:   38.9 MC/s (1.113e-02 s/TS) || Energy: ~6.11e-21 (-69.45dB)
[@    45m40s] Timestep:       245440 || Speed:   38.8 MC/s (1.114e-02 s/TS) || Energy: ~6.09e-21 (-69.46dB)
[@    46m06s] Timestep:       247800 || Speed:   38.8 MC/s (1.116e-02 s/TS) || Energy: ~9.11e-21 (-67.71dB)
[@    46m33s] Timestep:       250160 || Speed:   38.9 MC/s (1.113e-02 s/TS) || Energy: ~1.03e-20 (-67.17dB)
[@    46m59s] Timestep:       252520 || Speed:   38.8 MC/s (1.115e-02 s/TS) || Energy: ~7.88e-21 (-68.34dB)
[@    47m25s] Timestep:       254880 || Speed:   38.8 MC/s (1.115e-02 s/TS) || Energy: ~7.46e-21 (-68.58dB)
[@    47m52s] Timestep:       257240 || Speed:   38.8 MC/s (1.114e-02 s/TS) || Energy: ~9.68e-21 (-67.45dB)
[@    48m18s] Timestep:       259600 || Speed:   38.6 MC/s (1.122e-02 s/TS) || Energy: ~9.10e-21 (-67.72dB)
[@    48m44s] Timestep:       261960 || Speed:   38.8 MC/s (1.116e-02 s/TS) || Energy: ~7.87e-21 (-68.35dB)
[@    49m11s] Timestep:       264320 || Speed:   38.8 MC/s (1.115e-02 s/TS) || Energy: ~1.19e-20 (-66.54dB)
[@    49m37s] Timestep:       266680 || Speed:   38.8 MC/s (1.115e-02 s/TS) || Energy: ~1.45e-20 (-65.69dB)
[@    50m03s] Timestep:       269040 || Speed:   38.8 MC/s (1.114e-02 s/TS) || Energy: ~9.54e-21 (-67.51dB)
[@    50m30s] Timestep:       271400 || Speed:   38.7 MC/s (1.118e-02 s/TS) || Energy: ~8.75e-21 (-67.89dB)
[@    50m56s] Timestep:       273760 || Speed:   38.7 MC/s (1.117e-02 s/TS) || Energy: ~1.89e-20 (-64.55dB)
[@    51m22s] Timestep:       276120 || Speed:   38.8 MC/s (1.114e-02 s/TS) || Energy: ~2.17e-20 (-63.95dB)
[@    51m49s] Timestep:       278480 || Speed:   38.8 MC/s (1.114e-02 s/TS) || Energy: ~1.22e-20 (-66.44dB)
[@    52m15s] Timestep:       280840 || Speed:   38.9 MC/s (1.113e-02 s/TS) || Energy: ~1.56e-20 (-65.39dB)
[@    52m41s] Timestep:       283200 || Speed:   38.8 MC/s (1.114e-02 s/TS) || Energy: ~3.20e-20 (-62.25dB)
[@    53m08s] Timestep:       285560 || Speed:   38.8 MC/s (1.116e-02 s/TS) || Energy: ~2.87e-20 (-62.73dB)
[@    53m34s] Timestep:       287920 || Speed:   38.9 MC/s (1.113e-02 s/TS) || Energy: ~1.56e-20 (-65.38dB)
[@    54m00s] Timestep:       290280 || Speed:   38.8 MC/s (1.114e-02 s/TS) || Energy: ~3.38e-20 (-62.02dB)
[@    54m26s] Timestep:       292640 || Speed:   38.7 MC/s (1.117e-02 s/TS) || Energy: ~5.69e-20 (-59.76dB)
[@    54m53s] Timestep:       295000 || Speed:   38.6 MC/s (1.120e-02 s/TS) || Energy: ~3.78e-20 (-61.53dB)
[@    55m19s] Timestep:       297360 || Speed:   38.8 MC/s (1.116e-02 s/TS) || Energy: ~2.67e-20 (-63.05dB)
[@    55m46s] Timestep:       299720 || Speed:   38.8 MC/s (1.115e-02 s/TS) || Energy: ~7.30e-20 (-58.68dB)
RunFDTD: Warning: Max. number of timesteps was reached before the end-criteria of -120dB was reached... 
	You may want to choose a higher number of max. timesteps... 
Time for 300000 iterations with 432588.00 cells : 3349.15 sec
Speed: 38.75 MCells/s 
[rfsim] port 1 line: Z0 = 46.8-0.0j ohm, eps_eff = 3.30 (at 1.750 GHz)
[rfsim] NF2FF_p1 at 1.750 GHz...
[rfsim] RuntimeWarning: invalid value encountered in log10
[rfsim] RuntimeWarning: invalid value encountered in log10
[rfsim] RuntimeWarning: invalid value encountered in log10
[rfsim] far-field: Dmax nan dBi, radiated -1.0% of input power
[rfsim] WARNING: port 1 gives out more power than it takes in (max sum|S|^2 = 118102.02). The S-parameters of this port are NOT reliable. On a CPW port or a stripline port the usual cause is a mesh that is too coarse across the line. Run again at the medium or the fine preset.
[rfsim] S11: 35.0 .. 50.7 dB
[rfsim] S21: 8.4 .. 8.5 dB
[rfsim] wrote C:\Users\chith\Desktop\ANUFS-Telemetry\RF Analysis\results\desktop\step1_short_coarse_noend\results.s2p
